Archive member included to satisfy reference by file (symbol)

obj_cooja/mtype967.a(rimeaddr.o)
                              obj_cooja/mtype967.o (rimeaddr_node_addr)
obj_cooja/mtype967.a(rime.o)  obj_cooja/mtype967.o (rime_driver)
obj_cooja/mtype967.a(rimestats.o)
                              obj_cooja/mtype967.a(rime.o) (rimestats)
obj_cooja/mtype967.a(announcement.o)
                              obj_cooja/mtype967.a(rime.o) (announcement_init)
obj_cooja/mtype967.a(broadcast-annou)
                              obj_cooja/mtype967.a(rime.o) (broadcast_announcement_init)
obj_cooja/mtype967.a(broadcast.o)
                              obj_cooja/mtype967.a(broadcast-annou) (broadcast_open)
obj_cooja/mtype967.a(abc.o)   obj_cooja/mtype967.a(broadcast.o) (abc_open)
obj_cooja/mtype967.a(chameleon.o)
                              obj_cooja/mtype967.a(rime.o) (chameleon_init)
obj_cooja/mtype967.a(channel.o)
                              obj_cooja/mtype967.a(chameleon.o) (channel_init)
obj_cooja/mtype967.a(chameleon-bitop)
                              obj_cooja/mtype967.a(chameleon.o) (chameleon_bitopt)
obj_cooja/mtype967.a(nullmac.o)
                              obj_cooja/mtype967.o (nullmac_driver)
obj_cooja/mtype967.a(tsch.o)  advertiser.co (tsch_broadcast_address)
obj_cooja/mtype967.a(tsch-queue.o)
                              obj_cooja/mtype967.a(tsch.o) (n_broadcast)
obj_cooja/mtype967.a(tsch-packet.o)
                              obj_cooja/mtype967.a(tsch.o) (tsch_packet_parse_sync_ack)
obj_cooja/mtype967.a(tsch-schedule.o)
                              advertiser.co (sf_eb)
obj_cooja/mtype967.a(process.o)
                              advertiser.co (process_current)
obj_cooja/mtype967.a(autostart.o)
                              obj_cooja/mtype967.o (autostart_start)
obj_cooja/mtype967.a(serial-line.o)
                              obj_cooja/mtype967.o (serial_line_init)
obj_cooja/mtype967.a(memb.o)  obj_cooja/mtype967.a(tsch-queue.o) (memb_init)
obj_cooja/mtype967.a(list.o)  obj_cooja/mtype967.a(announcement.o) (list_init)
obj_cooja/mtype967.a(etimer.o)
                              obj_cooja/mtype967.o (etimer_process)
obj_cooja/mtype967.a(ctimer.o)
                              obj_cooja/mtype967.o (ctimer_init)
obj_cooja/mtype967.a(rtimer.o)
                              obj_cooja/mtype967.a(tsch.o) (rtimer_set)
obj_cooja/mtype967.a(random.o)
                              obj_cooja/mtype967.a(broadcast-annou) (random_rand)
obj_cooja/mtype967.a(ringbuf.o)
                              obj_cooja/mtype967.a(serial-line.o) (ringbuf_init)
obj_cooja/mtype967.a(ringbufindex.o)
                              obj_cooja/mtype967.a(tsch.o) (ringbufindex_init)
obj_cooja/mtype967.a(netstack.o)
                              obj_cooja/mtype967.o (netstack_init)
obj_cooja/mtype967.a(packetbuf.o)
                              obj_cooja/mtype967.a(chameleon.o) (packetbuf_attrs)
obj_cooja/mtype967.a(queuebuf.o)
                              obj_cooja/mtype967.o (queuebuf_init)
obj_cooja/mtype967.a(uip-debug.o)
                              obj_cooja/mtype967.a(tsch-queue.o) (uip_debug_lladdr_print)
obj_cooja/mtype967.a(uip-ds6-nbr.o)
                              obj_cooja/mtype967.a(tsch.o) (uip_ds6_link_neighbor_callback)
obj_cooja/mtype967.a(simEnvChange.o)
                              obj_cooja/mtype967.o (simDontFallAsleep)
obj_cooja/mtype967.a(cooja_mt.o)
                              obj_cooja/mtype967.o (cooja_mt_start)
obj_cooja/mtype967.a(cooja_mtarch.o)
                              obj_cooja/mtype967.a(cooja_mt.o) (cooja_mtarch_init)
obj_cooja/mtype967.a(rtimer-arch.o)
                              obj_cooja/mtype967.a(rtimer.o) (rtimer_arch_init)
obj_cooja/mtype967.a(beep.o)  obj_cooja/mtype967.o (beep_interface)
obj_cooja/mtype967.a(button-sensor.o)
                              obj_cooja/mtype967.o (button_interface)
obj_cooja/mtype967.a(leds-arch.o)
                              obj_cooja/mtype967.o (leds_interface)
obj_cooja/mtype967.a(moteid.o)
                              obj_cooja/mtype967.o (moteid_interface)
obj_cooja/mtype967.a(pir-sensor.o)
                              obj_cooja/mtype967.o (pir_interface)
obj_cooja/mtype967.a(rs232.o)
                              obj_cooja/mtype967.o (rs232_interface)
obj_cooja/mtype967.a(vib-sensor.o)
                              obj_cooja/mtype967.o (vib_interface)
obj_cooja/mtype967.a(clock.o)
                              obj_cooja/mtype967.o (clock_interface)
obj_cooja/mtype967.a(log.o)   obj_cooja/mtype967.o (simlog_interface)
obj_cooja/mtype967.a(cfs-cooja.o)
                              obj_cooja/mtype967.o (cfs_interface)
obj_cooja/mtype967.a(cooja-radio.o)
                              obj_cooja/mtype967.o (radio_interface)
obj_cooja/mtype967.a(sensors.o)
                              obj_cooja/mtype967.o (sensors_process)
obj_cooja/mtype967.a(leds.o)  obj_cooja/mtype967.a(tsch.o) (leds_blink)
obj_cooja/mtype967.a(frame802154.o)
[...]
Memory Configuration

Name             Origin             Length             Attributes
*default*        0x0000000000000000 0xffffffffffffffff

Linker script and memory map

LOAD /usr/lib/gcc/x86_64-linux-gnu/4.9/../../../x86_64-linux-gnu/crti.o
LOAD /usr/lib/gcc/x86_64-linux-gnu/4.9/crtbeginS.o
LOAD advertiser.co
LOAD obj_cooja/mtype967.o
LOAD obj_cooja/mtype967.a
LOAD /usr/lib/gcc/x86_64-linux-gnu/4.9/libgcc.a
LOAD /usr/lib/gcc/x86_64-linux-gnu/4.9/libgcc_s.so
LOAD /usr/lib/gcc/x86_64-linux-gnu/4.9/../../../x86_64-linux-gnu/libc.so
START GROUP
LOAD /lib/x86_64-linux-gnu/libc.so.6
LOAD /usr/lib/x86_64-linux-gnu/libc_nonshared.a
LOAD /lib/x86_64-linux-gnu/ld-linux-x86-64.so.2
END GROUP
LOAD /usr/lib/gcc/x86_64-linux-gnu/4.9/libgcc.a
LOAD /usr/lib/gcc/x86_64-linux-gnu/4.9/libgcc_s.so
LOAD /usr/lib/gcc/x86_64-linux-gnu/4.9/crtendS.o
LOAD /usr/lib/gcc/x86_64-linux-gnu/4.9/../../../x86_64-linux-gnu/crtn.o
                0x00000000000001c8                . = (0x0 + SIZEOF_HEADERS)

.note.gnu.build-id
                0x00000000000001c8       0x24
 *(.note.gnu.build-id)
 .note.gnu.build-id
                0x00000000000001c8       0x24 /usr/lib/gcc/x86_64-linux-gnu/4.9/../../../x86_64-linux-gnu/crti.o

.hash
 *(.hash)

.gnu.hash       0x00000000000001f0      0xcac
 *(.gnu.hash)
 .gnu.hash      0x00000000000001f0      0xcac /usr/lib/gcc/x86_64-linux-gnu/4.9/../../../x86_64-linux-gnu/crti.o

.dynsym         0x0000000000000ea0     0x2958
 *(.dynsym)
 .dynsym        0x0000000000000ea0     0x2958 /usr/lib/gcc/x86_64-linux-gnu/4.9/../../../x86_64-linux-gnu/crti.o

.dynstr         0x00000000000037f8     0x1db0
 *(.dynstr)
 .dynstr        0x00000000000037f8     0x1db0 /usr/lib/gcc/x86_64-linux-gnu/4.9/../../../x86_64-linux-gnu/crti.o

.gnu.version    0x00000000000055a8      0x372
 *(.gnu.version)
 .gnu.version   0x00000000000055a8      0x372 /usr/lib/gcc/x86_64-linux-gnu/4.9/../../../x86_64-linux-gnu/crti.o

.gnu.version_d  0x0000000000005920        0x0
 *(.gnu.version_d)
 .gnu.version_d
                0x0000000000005920        0x0 /usr/lib/gcc/x86_64-linux-gnu/4.9/../../../x86_64-linux-gnu/crti.o

.gnu.version_r  0x0000000000005920       0x40
 *(.gnu.version_r)
 .gnu.version_r
                0x0000000000005920       0x40 /usr/lib/gcc/x86_64-linux-gnu/4.9/../../../x86_64-linux-gnu/crti.o

.rela.dyn       0x0000000000005960     0x14d0
 *(.rela.init)
 *(.rela.text .rela.text.* .rela.gnu.linkonce.t.*)
 .rela.text     0x0000000000005960        0x0 /usr/lib/gcc/x86_64-linux-gnu/4.9/../../../x86_64-linux-gnu/crti.o
 *(.rela.fini)
 *(.rela.rodata .rela.rodata.* .rela.gnu.linkonce.r.*)
 *(.rela.data .rela.data.* .rela.gnu.linkonce.d.*)
 .rela.data.rel.local
                0x0000000000005960      0x420 /usr/lib/gcc/x86_64-linux-gnu/4.9/../../../x86_64-linux-gnu/crti.o
 .rela.data.rel.ro
                0x0000000000005d80       0x18 /usr/lib/gcc/x86_64-linux-gnu/4.9/../../../x86_64-linux-gnu/crti.o
 .rela.data.rel
                0x0000000000005d98      0x150 /usr/lib/gcc/x86_64-linux-gnu/4.9/../../../x86_64-linux-gnu/crti.o
 .rela.data.rel.ro.local
                0x0000000000005ee8      0x6a8 /usr/lib/gcc/x86_64-linux-gnu/4.9/../../../x86_64-linux-gnu/crti.o
 *(.rela.tdata .rela.tdata.* .rela.gnu.linkonce.td.*)
 *(.rela.tbss .rela.tbss.* .rela.gnu.linkonce.tb.*)
 *(.rela.ctors)
 *(.rela.dtors)
 *(.rela.got)
 .rela.got      0x0000000000006590      0x870 /usr/lib/gcc/x86_64-linux-gnu/4.9/../../../x86_64-linux-gnu/crti.o
 *(.rela.bss .rela.bss.* .rela.gnu.linkonce.b.*)
 *(.rela.ldata .rela.ldata.* .rela.gnu.linkonce.l.*)
 *(.rela.lbss .rela.lbss.* .rela.gnu.linkonce.lb.*)
 *(.rela.lrodata .rela.lrodata.* .rela.gnu.linkonce.lr.*)
 *(.rela.ifunc)
 .rela.ifunc    0x0000000000006e00        0x0 /usr/lib/gcc/x86_64-linux-gnu/4.9/../../../x86_64-linux-gnu/crti.o
 .rela.fini_array
                0x0000000000006e00       0x18 /usr/lib/gcc/x86_64-linux-gnu/4.9/../../../x86_64-linux-gnu/crti.o
 .rela.init_array
                0x0000000000006e18       0x18 /usr/lib/gcc/x86_64-linux-gnu/4.9/../../../x86_64-linux-gnu/crti.o

.rela.plt       0x0000000000006e30     0x13f8
 *(.rela.plt)
 .rela.plt      0x0000000000006e30     0x13f8 /usr/lib/gcc/x86_64-linux-gnu/4.9/../../../x86_64-linux-gnu/crti.o
 *(.rela.iplt)

.init           0x0000000000008228       0x1a
 *(SORT(.init))
 .init          0x0000000000008228       0x15 /usr/lib/gcc/x86_64-linux-gnu/4.9/../../../x86_64-linux-gnu/crti.o
                0x0000000000008228                _init
 .init          0x000000000000823d        0x5 /usr/lib/gcc/x86_64-linux-gnu/4.9/../../../x86_64-linux-gnu/crtn.o

.plt            0x0000000000008250      0xd60
 *(.plt)
 .plt           0x0000000000008250      0xd60 /usr/lib/gcc/x86_64-linux-gnu/4.9/../../../x86_64-linux-gnu/crti.o
 *(.iplt)

.plt.bnd
 *(.plt.bnd)

.text           0x0000000000008fb0     0xc28e
 *(.text.unlikely .text.*_unlikely .text.unlikely.*)
 .text.unlikely
                0x0000000000008fb0        0x0 /usr/lib/gcc/x86_64-linux-gnu/4.9/crtbeginS.o
 *(.text.exit .text.exit.*)
 *(.text.startup .text.startup.*)
 *(.text.hot .text.hot.*)
 *(.text .stub .text.* .gnu.linkonce.t.*)
 .text          0x0000000000008fb0        0x0 /usr/lib/gcc/x86_64-linux-gnu/4.9/../../../x86_64-linux-gnu/crti.o
 .text          0x0000000000008fb0      0x100 /usr/lib/gcc/x86_64-linux-gnu/4.9/crtbeginS.o
 .text          0x00000000000090b0      0x11d advertiser.co
 .text          0x00000000000091cd      0x654 obj_cooja/mtype967.o
                0x000000000000930e                contiki_init
                0x000000000000959a                Java_se_sics_cooja_corecomm_Lib1_init
                0x00000000000095dc                Java_se_sics_cooja_corecomm_Lib1_getMemory
                0x0000000000009633                Java_se_sics_cooja_corecomm_Lib1_setMemory
                0x00000000000096bf                Java_se_sics_cooja_corecomm_Lib1_tick
                0x00000000000097f4                Java_se_sics_cooja_corecomm_Lib1_setReferenceAddress
 .text          0x0000000000009821       0x80 obj_cooja/mtype967.a(rimeaddr.o)
                0x0000000000009821                rimeaddr_copy
                0x000000000000984b                rimeaddr_cmp
                0x000000000000987d                rimeaddr_set_node_addr
 .text          0x00000000000098a1      0x1ed obj_cooja/mtype967.a(rime.o)
                0x00000000000098a1                rime_sniffer_add
                0x00000000000098c5                rime_sniffer_remove
                0x0000000000009a2c                rime_output
 .text          0x0000000000009a8e        0x0 obj_cooja/mtype967.a(rimestats.o)
 .text          0x0000000000009a8e      0x2bc obj_cooja/mtype967.a(announcement.o)
                0x0000000000009a8e                announcement_init
                0x0000000000009aa3                announcement_register
                0x0000000000009b32                announcement_remove
                0x0000000000009b56                announcement_remove_value
                0x0000000000009ba1                announcement_set_value
                0x0000000000009c0f                announcement_bump
                0x0000000000009c65                announcement_listen
                0x0000000000009c8c                announcement_register_listen_callback
                0x0000000000009ca1                announcement_register_observer_callback
                0x0000000000009cb6                announcement_list
                0x0000000000009ccb                announcement_heard
 .text          0x0000000000009d4a      0x307 obj_cooja/mtype967.a(broadcast-annou)
                0x0000000000009fb8                broadcast_announcement_init
                0x000000000000a01a                broadcast_announcement_stop
                0x000000000000a044                broadcast_announcement_beacon_interval
 .text          0x000000000000a051      0x1bf obj_cooja/mtype967.a(broadcast.o)
                0x000000000000a179                broadcast_open
                0x000000000000a1c8                broadcast_close
                0x000000000000a1e2                broadcast_send
 .text          0x000000000000a210       0xfe obj_cooja/mtype967.a(abc.o)
                0x000000000000a210                abc_open
                0x000000000000a258                abc_close
                0x000000000000a272                abc_send
                0x000000000000a28c                abc_input
                0x000000000000a2c6                abc_sent
 .text          0x000000000000a30e       0xeb obj_cooja/mtype967.a(chameleon.o)
                0x000000000000a33a                chameleon_init
                0x000000000000a345                chameleon_parse
                0x000000000000a389                chameleon_create
                0x000000000000a3d7                chameleon_hdrsize
 .text          0x000000000000a3f9      0x10f obj_cooja/mtype967.a(channel.o)
                0x000000000000a3f9                channel_init
                0x000000000000a40e                channel_set_attributes
                0x000000000000a459                channel_open
                0x000000000000a48f                channel_close
                0x000000000000a4b3                channel_lookup
 .text          0x000000000000a508      0x807 obj_cooja/mtype967.a(chameleon-bitop)
                0x000000000000a5b1                get_bits_in_byte
                0x000000000000a61c                get_bits
                0x000000000000a7b9                set_bits_in_byte
                0x000000000000a81b                set_bits
 .text          0x000000000000ad0f       0x83 obj_cooja/mtype967.a(nullmac.o)
 .text          0x000000000000ad92     0x2378 obj_cooja/mtype967.a(tsch.o)
                0x000000000000ae3b                tsch_is_in_link_operation
                0x000000000000ae47                tsch_is_locked
                0x000000000000ae53                tsch_get_lock
                0x000000000000aed4                tsch_release_lock
                0x000000000000b005                tsch_calculate_channel
                0x000000000000ccd1                tsch_set_eb_period
 .text          0x000000000000d10a      0xea3 obj_cooja/mtype967.a(tsch-queue.o)
                0x000000000000d14a                tsch_queue_add_nbr
                0x000000000000d263                tsch_queue_get_nbr
                0x000000000000d2d1                tsch_queue_get_time_source
                0x000000000000d32c                tsch_queue_update_time_source
                0x000000000000d4ba                tsch_queue_add_packet
                0x000000000000d5d7                tsch_queue_packet_count
                0x000000000000d629                tsch_queue_remove_packet_from_queue
                0x000000000000d689                tsch_queue_free_packet
                0x000000000000d6c0                tsch_queue_free_unused_neighbors
                0x000000000000d760                tsch_queue_is_empty
                0x000000000000d7a3                tsch_queue_get_packet_for_nbr
                0x000000000000d815                tsch_queue_get_packet_for_dest_addr
                0x000000000000d857                tsch_queue_get_unicast_packet_for_any
                0x000000000000d8ff                tsch_queue_backoff_expired
                0x000000000000d919                tsch_queue_backoff_reset
                0x000000000000d933                tsch_queue_backoff_inc
                0x000000000000d9a1                tsch_queue_update_all_backoff_windows
                0x000000000000da5d                tsch_queue_init
                0x000000000000dae1                tsch_queue_test
                0x000000000000de4c                tsch_queue_aggressive_test
                0x000000000000dec8                tsch_queue_dump_nbrs
 .text          0x000000000000dfad      0xed4 obj_cooja/mtype967.a(tsch-packet.o)
                0x000000000000e2e3                tsch_packet_parse_sync_ack
                0x000000000000e3a6                tsch_packet_make_sync_ack
                0x000000000000e452                tsch_packet_parse_frame_type_from_fcf_lsb
                0x000000000000e4da                tsch_packet_parse_frame_type
                0x000000000000e57f                tsch_packet_extract_addresses
                0x000000000000ea2c                tsch_packet_make_eb
                0x000000000000eba6                tsch_packet_update_eb
                0x000000000000ec18                tsch_parse_eb
 .text          0x000000000000ee81      0xc1d obj_cooja/mtype967.a(tsch-schedule.o)
                0x000000000000ee81                tsch_schedule_add_slotframe
                0x000000000000ef79                tsch_schedule_remove_slotframe
                0x000000000000f00b                tsch_schedule_get_slotframe_from_handle
                0x000000000000f06e                tsch_schedule_get_link_from_handle
                0x000000000000f0fe                tsch_schedule_add_link
                0x000000000000f2ba                tsch_schedule_remove_link
                0x000000000000f401                tsch_schedule_remove_link_from_timeslot
                0x000000000000f450                tsch_schedule_get_link_from_timeslot
                0x000000000000f4c5                tsch_schedule_get_link_from_asn
                0x000000000000f5ed                tsch_schedule_get_next_active_link
                0x000000000000f74e                tsch_schedule_print
                0x000000000000f872                tsch_schedule_test
                0x000000000000f9f9                tsch_schedule_init
                0x000000000000fa4a                tsch_schedule_create_minimal
 .text          0x000000000000fa9e      0x686 obj_cooja/mtype967.a(process.o)
                0x000000000000fa9e                process_alloc_event
                0x000000000000fab4                process_start
                0x000000000000fd15                process_exit
                0x000000000000fd3c                process_init
                0x000000000000ff62                process_run
                0x000000000000ff93                process_nevents
                0x000000000000ffaf                process_post
                0x0000000000010089                process_post_synch
                0x00000000000100d2                process_poll
                0x000000000001010a                process_is_running
 .text          0x0000000000010124       0xb1 obj_cooja/mtype967.a(autostart.o)
                0x0000000000010124                autostart_start
                0x000000000001017f                autostart_exit
 .text          0x00000000000101d5      0x218 obj_cooja/mtype967.a(serial-line.o)
                0x00000000000101d5                serial_line_input_byte
                0x00000000000103bb                serial_line_init
 .text          0x00000000000103ed      0x276 obj_cooja/mtype967.a(memb.o)
                0x00000000000103ed                memb_init
                0x000000000001044b                memb_alloc
                0x00000000000104c3                memb_free
                0x000000000001055b                memb_inmemb
                0x00000000000105ae                memb_numfree
                0x00000000000105fa                memb_is_allocated
 .text          0x0000000000010663      0x30b obj_cooja/mtype967.a(list.o)
                0x0000000000010663                list_init
                0x0000000000010678                list_head
                0x0000000000010689                list_copy
                0x00000000000106a5                list_tail
                0x00000000000106ea                list_add
                0x0000000000010749                list_push
                0x0000000000010787                list_chop
                0x0000000000010810                list_pop
                0x0000000000010846                list_remove
                0x00000000000108cd                list_length
                0x0000000000010904                list_insert
                0x000000000001094f                list_item_next
 .text          0x000000000001096e      0x4f2 obj_cooja/mtype967.a(etimer.o)
                0x0000000000010bfd                etimer_request_poll
                0x0000000000010ca6                etimer_set
                0x0000000000010cd7                etimer_reset
                0x0000000000010cfd                etimer_restart
                0x0000000000010d23                etimer_adjust
                0x0000000000010d4f                etimer_expired
                0x0000000000010d6a                etimer_expiration_time
                0x0000000000010d86                etimer_start_time
                0x0000000000010d97                etimer_pending
                0x0000000000010dad                etimer_next_expiration_time
                0x0000000000010dca                etimer_stop
 .text          0x0000000000010e60      0x406 obj_cooja/mtype967.a(ctimer.o)
                0x0000000000010fba                ctimer_init
                0x0000000000010fea                ctimer_set
                0x00000000000110a1                ctimer_reset
                0x0000000000011123                ctimer_restart
                0x00000000000111a5                ctimer_stop
                0x00000000000111fe                ctimer_expired
 .text          0x0000000000011266      0x164 obj_cooja/mtype967.a(rtimer.o)
                0x0000000000011266                rtimer_init
                0x0000000000011271                rtimer_set
                0x00000000000112f9                rtimer_run_next
                0x0000000000011373                rtimer_get_time_until_next_wakeup
 .text          0x00000000000113ca       0x26 obj_cooja/mtype967.a(random.o)
                0x00000000000113ca                random_init
                0x00000000000113e5                random_rand
 .text          0x00000000000113f0      0x186 obj_cooja/mtype967.a(ringbuf.o)
                0x00000000000113f0                ringbuf_init
                0x000000000001142c                ringbuf_put
                0x00000000000114b6                ringbuf_get
                0x000000000001152f                ringbuf_size
                0x0000000000011547                ringbuf_elements
 .text          0x0000000000011576      0x259 obj_cooja/mtype967.a(ringbufindex.o)
                0x0000000000011576                ringbufindex_init
                0x00000000000115a2                ringbufindex_put
                0x0000000000011609                ringbufindex_peek_put
                0x0000000000011668                ringbufindex_get
                0x00000000000116d3                ringbufindex_peek_get
                0x0000000000011728                ringbufindex_size
                0x000000000001173f                ringbufindex_elements
                0x000000000001176d                ringbufindex_full
                0x00000000000117ad                ringbufindex_empty
 .text          0x00000000000117cf       0x39 obj_cooja/mtype967.a(netstack.o)
                0x00000000000117cf                netstack_init
 .text          0x0000000000011808      0x4fd obj_cooja/mtype967.a(packetbuf.o)
                0x0000000000011808                packetbuf_clear
                0x0000000000011843                packetbuf_clear_hdr
                0x0000000000011850                packetbuf_copyfrom
                0x00000000000118a6                packetbuf_compact
                0x0000000000011951                packetbuf_copyto_hdr
                0x00000000000119ab                packetbuf_copyto
                0x0000000000011a80                packetbuf_hdralloc
                0x0000000000011ace                packetbuf_hdr_remove
                0x0000000000011aeb                packetbuf_hdrreduce
                0x0000000000011b37                packetbuf_set_datalen
                0x0000000000011b4e                packetbuf_dataptr
                0x0000000000011b6c                packetbuf_hdrptr
                0x0000000000011b86                packetbuf_reference
                0x0000000000011bb5                packetbuf_is_reference
                0x0000000000011bd6                packetbuf_reference_ptr
                0x0000000000011be3                packetbuf_datalen
                0x0000000000011bf0                packetbuf_hdrlen
                0x0000000000011c06                packetbuf_totlen
                0x0000000000011c25                packetbuf_attr_clear
                0x0000000000011c8d                packetbuf_attr_copyto
                0x0000000000011cc9                packetbuf_attr_copyfrom
 .text          0x0000000000011d05      0x42b obj_cooja/mtype967.a(queuebuf.o)
                0x0000000000011d16                queuebuf_init
                0x0000000000011d40                queuebuf_numfree
                0x0000000000011d69                queuebuf_new_from_packetbuf
                0x0000000000011e72                queuebuf_update_attr_from_packetbuf
                0x0000000000011eb0                queuebuf_free
                0x0000000000011f2a                queuebuf_to_packetbuf
                0x000000000001201f                queuebuf_dataptr
                0x0000000000012088                queuebuf_datalen
                0x00000000000120b4                queuebuf_addr
                0x00000000000120f3                queuebuf_attr
                0x000000000001212a                queuebuf_debug_print
 .text          0x0000000000012130       0xcb obj_cooja/mtype967.a(uip-debug.o)
                0x0000000000012130                uip_debug_ipaddr_print
                0x00000000000121a2                uip_debug_lladdr_print
 .text          0x00000000000121fb      0x42e obj_cooja/mtype967.a(uip-ds6-nbr.o)
                0x000000000001221d                uip_ds6_neighbors_init
                0x000000000001223f                uip_ds6_nbr_add
                0x00000000000122e8                uip_ds6_nbr_rm
                0x0000000000012323                uip_ds6_nbr_get_ipaddr
                0x000000000001233f                uip_ds6_nbr_get_ll
                0x0000000000012366                uip_ds6_nbr_num
                0x00000000000123ba                uip_ds6_nbr_lookup
                0x000000000001243e                uip_ds6_nbr_ll_lookup
                0x0000000000012465                uip_ds6_nbr_ipaddr_from_lladdr
                0x0000000000012495                uip_ds6_nbr_lladdr_from_ipaddr
                0x00000000000124cd                uip_ds6_link_neighbor_callback
                0x000000000001251b                uip_ds6_neighbor_periodic
                0x0000000000012592                uip_ds6_get_least_lifetime_neighbor
 .text          0x0000000000012629       0x87 obj_cooja/mtype967.a(simEnvChange.o)
                0x0000000000012629                doActionsBeforeTick
                0x000000000001266c                doActionsAfterTick
 .text          0x00000000000126b0       0xd5 obj_cooja/mtype967.a(cooja_mt.o)
                0x00000000000126b0                cooja_mt_init
                0x00000000000126bb                cooja_mt_remove
                0x00000000000126c6                cooja_mt_start
                0x0000000000012701                cooja_mt_exec
                0x000000000001273f                cooja_mt_exit
                0x0000000000012762                cooja_mt_yield
 .text          0x0000000000012785      0x15e obj_cooja/mtype967.a(cooja_mtarch.o)
                0x0000000000012785                cooja_mtarch_init
                0x000000000001278b                cooja_mtarch_start
                0x0000000000012829                cooja_sw
                0x0000000000012851                cooja_mtarch_exec
                0x000000000001287a                cooja_mtarch_remove
                0x0000000000012880                cooja_mtarch_yield
                0x000000000001288b                cooja_mtarch_pstop
                0x0000000000012891                cooja_mtarch_pstart
                0x0000000000012897                cooja_mtarch_stack_usage
 .text          0x00000000000128e3       0xf6 obj_cooja/mtype967.a(rtimer-arch.o)
                0x00000000000128e3                rtimer_arch_init
                0x0000000000012909                rtimer_arch_schedule
                0x0000000000012928                rtimer_arch_next
                0x0000000000012935                rtimer_arch_pending
                0x0000000000012941                rtimer_arch_check
                0x0000000000012978                rtimer_arch_now
 .text          0x00000000000129d9       0xaf obj_cooja/mtype967.a(beep.o)
                0x00000000000129d9                beep_alarm
                0x00000000000129ef                beep_beep
                0x0000000000012a02                beep
                0x0000000000012a12                beep_down
                0x0000000000012a25                beep_on
                0x0000000000012a35                beep_off
                0x0000000000012a45                beep_spinup
                0x0000000000012a55                beep_quick
                0x0000000000012a68                beep_long
 .text          0x0000000000012a88      0x12b obj_cooja/mtype967.a(button-sensor.o)
 .text          0x0000000000012bb3       0x53 obj_cooja/mtype967.a(leds-arch.o)
                0x0000000000012bb3                leds_arch_init
                0x0000000000012bc3                leds_arch_get
                0x0000000000012bd3                leds_arch_set
 .text          0x0000000000012c06       0x37 obj_cooja/mtype967.a(moteid.o)
 .text          0x0000000000012c3d       0xe3 obj_cooja/mtype967.a(pir-sensor.o)
 .text          0x0000000000012d20      0x16e obj_cooja/mtype967.a(rs232.o)
                0x0000000000012d20                rs232_init
                0x0000000000012d26                rs232_set_speed
                0x0000000000012d31                rs232_set_input
                0x0000000000012d46                rs232_send
                0x0000000000012d6c                rs232_print
                0x0000000000012d92                slip_arch_writeb
 .text          0x0000000000012e8e       0xe3 obj_cooja/mtype967.a(vib-sensor.o)
 .text          0x0000000000012f71       0x53 obj_cooja/mtype967.a(clock.o)
                0x0000000000012f71                clock_init
                0x0000000000012f77                clock_time
                0x0000000000012f87                clock_seconds
                0x0000000000012faf                clock_delay
 .text          0x0000000000012fc4      0x308 obj_cooja/mtype967.a(log.o)
                0x0000000000012fc4                simlog_char
                0x000000000001301c                simlog
                0x00000000000130ba                log_message
                0x00000000000130f0                log_set_putchar_with_slip
                0x0000000000013102                log_putchar
                0x0000000000013182                log_puts
                0x00000000000131ab                log_printf
 .text          0x00000000000132cc      0x32a obj_cooja/mtype967.a(cfs-cooja.o)
                0x00000000000132cc                cfs_open
                0x0000000000013322                cfs_close
                0x0000000000013332                cfs_read
                0x00000000000133f6                cfs_write
                0x00000000000134e3                cfs_seek
                0x000000000001358e                cfs_remove
                0x00000000000135ba                cfs_opendir
                0x00000000000135cd                cfs_readdir
                0x00000000000135e0                cfs_closedir
 .text          0x00000000000135f6      0x3f9 obj_cooja/mtype967.a(cooja-radio.o)
                0x00000000000135f6                radio_set_channel
                0x000000000001360b                radio_set_txpower
                0x0000000000013623                radio_signal_strength_last
                0x0000000000013632                radio_signal_strength_current
 .text          0x00000000000139ef      0x33f obj_cooja/mtype967.a(sensors.o)
                0x0000000000013a34                sensors_first
                0x0000000000013a44                sensors_next
                0x0000000000013a6f                sensors_changed
                0x0000000000013ab7                sensors_find
 .text          0x0000000000013d2e      0x16d obj_cooja/mtype967.a(leds.o)
                0x0000000000013d72                leds_init
                0x0000000000013d91                leds_blink
                0x0000000000013dd0                leds_get
                0x0000000000013ddb                leds_on
                0x0000000000013e19                leds_off
                0x0000000000013e57                leds_toggle
                0x0000000000013e71                leds_invert
 .text          0x0000000000013e9b      0x6f7 obj_cooja/mtype967.a(frame802154.o)
                0x0000000000013fb3                frame802154_hdrlen
                0x0000000000014025                frame802154_create
                0x000000000001427b                frame802154_parse
 .text          0x0000000000014592       0x47 obj_cooja/mtype967.a(mac.o)
                0x0000000000014592                mac_call_sent_callback
 .text          0x00000000000145d9      0x116 obj_cooja/mtype967.a(framer-nullmac.)
 .text          0x00000000000146ef       0xdc obj_cooja/mtype967.a(timer.o)
                0x00000000000146ef                timer_set
                0x000000000001471c                timer_reset
                0x000000000001473f                timer_restart
                0x000000000001475c                timer_expired
                0x0000000000014799                timer_remaining
 .text          0x00000000000147cb      0x103 obj_cooja/mtype967.a(stimer.o)
                0x00000000000147cb                stimer_set
                0x00000000000147f8                stimer_reset
                0x000000000001481b                stimer_restart
                0x0000000000014838                stimer_expired
                0x0000000000014879                stimer_remaining
                0x00000000000148ab                stimer_elapsed
 .text          0x00000000000148ce      0x970 obj_cooja/mtype967.a(nbr-table.o)
                0x00000000000148ce                nbr_table_dump
                0x0000000000014ed4                nbr_table_register
                0x0000000000014f3b                nbr_table_head
                0x0000000000014fa2                nbr_table_next
                0x0000000000015018                nbr_table_add_lladdr
                0x00000000000150f7                nbr_table_get_from_lladdr
                0x0000000000015153                nbr_table_remove
                0x00000000000151a3                nbr_table_lock
                0x00000000000151d1                nbr_table_unlock
                0x00000000000151ff                nbr_table_get_lladdr
 .text          0x000000000001523e        0x0 /usr/lib/gcc/x86_64-linux-gnu/4.9/crtendS.o
 .text          0x000000000001523e        0x0 /usr/lib/gcc/x86_64-linux-gnu/4.9/../../../x86_64-linux-gnu/crtn.o
 *(.gnu.warning)

.fini           0x0000000000015240        0x9
 *(SORT(.fini))
 .fini          0x0000000000015240        0x4 /usr/lib/gcc/x86_64-linux-gnu/4.9/../../../x86_64-linux-gnu/crti.o
                0x0000000000015240                _fini
 .fini          0x0000000000015244        0x5 /usr/lib/gcc/x86_64-linux-gnu/4.9/../../../x86_64-linux-gnu/crtn.o
                0x0000000000015249                PROVIDE (__etext, .)
                0x0000000000015249                PROVIDE (_etext, .)
                0x0000000000015249                PROVIDE (etext, .)

.rodata         0x0000000000015250      0x75d
 *(.rodata .rodata.* .gnu.linkonce.r.*)
 .rodata        0x0000000000015250       0x14 advertiser.co
 *fill*         0x0000000000015264        0x4 
 .rodata        0x0000000000015268       0xcd obj_cooja/mtype967.o
 .rodata        0x0000000000015335        0x2 obj_cooja/mtype967.a(rimeaddr.o)
                0x0000000000015335                rimeaddr_null
 .rodata        0x0000000000015337        0x5 obj_cooja/mtype967.a(rime.o)
 .rodata        0x000000000001533c        0x4 obj_cooja/mtype967.a(broadcast.o)
 .rodata        0x0000000000015340        0x2 obj_cooja/mtype967.a(abc.o)
 .rodata        0x0000000000015342        0x9 obj_cooja/mtype967.a(chameleon-bitop)
 .rodata        0x000000000001534b        0x8 obj_cooja/mtype967.a(nullmac.o)
 *fill*         0x0000000000015353        0x5 
 .rodata        0x0000000000015358      0x272 obj_cooja/mtype967.a(tsch.o)
                0x0000000000015358                tsch_broadcast_address
                0x000000000001535a                tsch_eb_address
 *fill*         0x00000000000155ca        0x6 
 .rodata        0x00000000000155d0      0x1d9 obj_cooja/mtype967.a(tsch-queue.o)
 *fill*         0x00000000000157a9        0x7 
 .rodata        0x00000000000157b0      0x116 obj_cooja/mtype967.a(tsch-schedule.o)
 .rodata        0x00000000000158c6        0xe obj_cooja/mtype967.a(serial-line.o)
 .rodata        0x00000000000158d4        0xc obj_cooja/mtype967.a(etimer.o)
 .rodata        0x00000000000158e0        0xf obj_cooja/mtype967.a(ctimer.o)
 .rodata        0x00000000000158ef       0x22 obj_cooja/mtype967.a(uip-debug.o)
 .rodata        0x0000000000015911        0x7 obj_cooja/mtype967.a(button-sensor.o)
 .rodata        0x0000000000015918        0x4 obj_cooja/mtype967.a(pir-sensor.o)
 .rodata        0x000000000001591c        0x6 obj_cooja/mtype967.a(rs232.o)
 .rodata        0x0000000000015922        0xa obj_cooja/mtype967.a(vib-sensor.o)
 *fill*         0x000000000001592c        0x4 
 .rodata        0x0000000000015930       0x27 obj_cooja/mtype967.a(cfs-cooja.o)
 .rodata        0x0000000000015957       0x14 obj_cooja/mtype967.a(cooja-radio.o)
 .rodata        0x000000000001596b        0x8 obj_cooja/mtype967.a(sensors.o)
 *fill*         0x0000000000015973        0x5 
 .rodata        0x0000000000015978       0x35 obj_cooja/mtype967.a(nbr-table.o)

.rodata1
 *(.rodata1)

.eh_frame_hdr   0x00000000000159b0      0xea4
 *(.eh_frame_hdr)
 .eh_frame_hdr  0x00000000000159b0      0xea4 advertiser.co

.eh_frame       0x0000000000016858     0x3adc
 *(.eh_frame)
 .eh_frame      0x0000000000016858       0x40 /usr/lib/gcc/x86_64-linux-gnu/4.9/../../../x86_64-linux-gnu/crti.o
 .eh_frame      0x0000000000016898       0x20 advertiser.co
                                         0x38 (size before relaxing)
 .eh_frame      0x00000000000168b8      0x140 obj_cooja/mtype967.o
                                        0x150 (size before relaxing)
 .eh_frame      0x00000000000169f8       0x60 obj_cooja/mtype967.a(rimeaddr.o)
                                         0x78 (size before relaxing)
 .eh_frame      0x0000000000016a58       0xc0 obj_cooja/mtype967.a(rime.o)
                                         0xd8 (size before relaxing)
 .eh_frame      0x0000000000016b18      0x160 obj_cooja/mtype967.a(announcement.o)
                                        0x178 (size before relaxing)
 .eh_frame      0x0000000000016c78      0x128 obj_cooja/mtype967.a(broadcast-annou)
                                        0x140 (size before relaxing)
 .eh_frame      0x0000000000016da0       0xe0 obj_cooja/mtype967.a(broadcast.o)
                                         0xf8 (size before relaxing)
 .eh_frame      0x0000000000016e80       0xa0 obj_cooja/mtype967.a(abc.o)
                                         0xb8 (size before relaxing)
 .eh_frame      0x0000000000016f20       0xa0 obj_cooja/mtype967.a(chameleon.o)
                                         0xb8 (size before relaxing)
 .eh_frame      0x0000000000016fc0       0xa0 obj_cooja/mtype967.a(channel.o)
                                         0xb8 (size before relaxing)
 .eh_frame      0x0000000000017060      0x168 obj_cooja/mtype967.a(chameleon-bitop)
                                        0x180 (size before relaxing)
 .eh_frame      0x00000000000171c8       0xc0 obj_cooja/mtype967.a(nullmac.o)
                                         0xd8 (size before relaxing)
 .eh_frame      0x0000000000017288      0x4a0 obj_cooja/mtype967.a(tsch.o)
                                        0x4a8 (size before relaxing)
 .eh_frame      0x0000000000017728      0x308 obj_cooja/mtype967.a(tsch-queue.o)
                                        0x320 (size before relaxing)
 .eh_frame      0x0000000000017a30      0x2e0 obj_cooja/mtype967.a(tsch-packet.o)
                                        0x2f8 (size before relaxing)
 .eh_frame      0x0000000000017d10      0x1c0 obj_cooja/mtype967.a(tsch-schedule.o)
                                        0x1d8 (size before relaxing)
 .eh_frame      0x0000000000017ed0      0x1c8 obj_cooja/mtype967.a(process.o)
                                        0x1e0 (size before relaxing)
 .eh_frame      0x0000000000018098       0x40 obj_cooja/mtype967.a(autostart.o)
                                         0x58 (size before relaxing)
 .eh_frame      0x00000000000180d8       0x60 obj_cooja/mtype967.a(serial-line.o)
                                         0x78 (size before relaxing)
 .eh_frame      0x0000000000018138       0xc0 obj_cooja/mtype967.a(memb.o)
                                         0xd8 (size before relaxing)
 .eh_frame      0x00000000000181f8      0x180 obj_cooja/mtype967.a(list.o)
                                        0x198 (size before relaxing)
 .eh_frame      0x0000000000018378      0x1c0 obj_cooja/mtype967.a(etimer.o)
                                        0x1d8 (size before relaxing)
 .eh_frame      0x0000000000018538       0xe0 obj_cooja/mtype967.a(ctimer.o)
                                         0xf8 (size before relaxing)
 .eh_frame      0x0000000000018618       0x80 obj_cooja/mtype967.a(rtimer.o)
                                         0x98 (size before relaxing)
 .eh_frame      0x0000000000018698       0x40 obj_cooja/mtype967.a(random.o)
                                         0x58 (size before relaxing)
 .eh_frame      0x00000000000186d8       0xa0 obj_cooja/mtype967.a(ringbuf.o)
                                         0xb8 (size before relaxing)
 .eh_frame      0x0000000000018778      0x120 obj_cooja/mtype967.a(ringbufindex.o)
                                        0x138 (size before relaxing)
 .eh_frame      0x0000000000018898       0x20 obj_cooja/mtype967.a(netstack.o)
                                         0x38 (size before relaxing)
 .eh_frame      0x00000000000188b8      0x2a8 obj_cooja/mtype967.a(packetbuf.o)
                                        0x2c0 (size before relaxing)
 .eh_frame      0x0000000000018b60      0x188 obj_cooja/mtype967.a(queuebuf.o)
                                        0x1a0 (size before relaxing)
 .eh_frame      0x0000000000018ce8       0x40 obj_cooja/mtype967.a(uip-debug.o)
                                         0x58 (size before relaxing)
 .eh_frame      0x0000000000018d28      0x1c0 obj_cooja/mtype967.a(uip-ds6-nbr.o)
                                        0x1d8 (size before relaxing)
 .eh_frame      0x0000000000018ee8       0x40 obj_cooja/mtype967.a(simEnvChange.o)
                                         0x58 (size before relaxing)
 .eh_frame      0x0000000000018f28       0xc0 obj_cooja/mtype967.a(cooja_mt.o)
                                         0xd8 (size before relaxing)
 .eh_frame      0x0000000000018fe8      0x120 obj_cooja/mtype967.a(cooja_mtarch.o)
                                        0x138 (size before relaxing)
 .eh_frame      0x0000000000019108       0xc0 obj_cooja/mtype967.a(rtimer-arch.o)
                                         0xd8 (size before relaxing)
 .eh_frame      0x00000000000191c8      0x160 obj_cooja/mtype967.a(beep.o)
                                        0x178 (size before relaxing)
 .eh_frame      0x0000000000019328       0xa0 obj_cooja/mtype967.a(button-sensor.o)
                                         0xb8 (size before relaxing)
 .eh_frame      0x00000000000193c8       0xa0 obj_cooja/mtype967.a(leds-arch.o)
                                         0xb8 (size before relaxing)
 .eh_frame      0x0000000000019468       0x40 obj_cooja/mtype967.a(moteid.o)
                                         0x58 (size before relaxing)
 .eh_frame      0x00000000000194a8       0xa0 obj_cooja/mtype967.a(pir-sensor.o)
                                         0xb8 (size before relaxing)
 .eh_frame      0x0000000000019548      0x100 obj_cooja/mtype967.a(rs232.o)
                                        0x118 (size before relaxing)
 .eh_frame      0x0000000000019648       0xa0 obj_cooja/mtype967.a(vib-sensor.o)
                                         0xb8 (size before relaxing)
 .eh_frame      0x00000000000196e8       0xc0 obj_cooja/mtype967.a(clock.o)
                                         0xd8 (size before relaxing)
 .eh_frame      0x00000000000197a8      0x128 obj_cooja/mtype967.a(log.o)
                                        0x140 (size before relaxing)
 .eh_frame      0x00000000000198d0      0x160 obj_cooja/mtype967.a(cfs-cooja.o)
                                        0x178 (size before relaxing)
 .eh_frame      0x0000000000019a30      0x220 obj_cooja/mtype967.a(cooja-radio.o)
                                        0x238 (size before relaxing)
 .eh_frame      0x0000000000019c50       0xc0 obj_cooja/mtype967.a(sensors.o)
                                         0xd8 (size before relaxing)
 .eh_frame      0x0000000000019d10      0x100 obj_cooja/mtype967.a(leds.o)
                                        0x118 (size before relaxing)
 .eh_frame      0x0000000000019e10       0xa0 obj_cooja/mtype967.a(frame802154.o)
                                         0xb8 (size before relaxing)
 .eh_frame      0x0000000000019eb0       0x20 obj_cooja/mtype967.a(mac.o)
                                         0x38 (size before relaxing)
 .eh_frame      0x0000000000019ed0       0x80 obj_cooja/mtype967.a(framer-nullmac.)
                                         0x98 (size before relaxing)
 .eh_frame      0x0000000000019f50       0xa0 obj_cooja/mtype967.a(timer.o)
                                         0xb8 (size before relaxing)
 .eh_frame      0x0000000000019ff0       0xc0 obj_cooja/mtype967.a(stimer.o)
                                         0xd8 (size before relaxing)
 .eh_frame      0x000000000001a0b0      0x280 obj_cooja/mtype967.a(nbr-table.o)
                                        0x298 (size before relaxing)
 .eh_frame      0x000000000001a330        0x4 /usr/lib/gcc/x86_64-linux-gnu/4.9/crtendS.o

.gcc_except_table
 *(.gcc_except_table .gcc_except_table.*)

.exception_ranges
 *(.exception_ranges .exception_ranges*)
                0x000000000001a334                . = (ALIGN (0x200000) - ((0x200000 - .) & 0x1fffff))
                0x000000000021a834                . = DATA_SEGMENT_ALIGN (0x200000, 0x1000)

.eh_frame
 *(.eh_frame)

.gcc_except_table
 *(.gcc_except_table .gcc_except_table.*)

.exception_ranges
 *(.exception_ranges .exception_ranges*)

.tdata
 *(.tdata .tdata.* .gnu.linkonce.td.*)

.tbss
 *(.tbss .tbss.* .gnu.linkonce.tb.*)
 *(.tcommon)

.preinit_array
 *(.preinit_array)

.init_array     0x000000000021a838        0x8
 *(SORT(.init_array.*) SORT(.ctors.*))
 *(.init_array EXCLUDE_FILE(*crtend?.o *crtend.o *crtbegin?.o *crtbegin.o) .ctors)
 .init_array    0x000000000021a838        0x8 /usr/lib/gcc/x86_64-linux-gnu/4.9/crtbeginS.o

.fini_array     0x000000000021a840        0x8
 *(SORT(.fini_array.*) SORT(.dtors.*))
 *(.fini_array EXCLUDE_FILE(*crtend?.o *crtend.o *crtbegin?.o *crtbegin.o) .dtors)
 .fini_array    0x000000000021a840        0x8 /usr/lib/gcc/x86_64-linux-gnu/4.9/crtbeginS.o

.ctors
 *crtbegin.o(.ctors)
 *crtbegin?.o(.ctors)
 *(EXCLUDE_FILE(*crtend?.o *crtend.o) .ctors)
 *(SORT(.ctors.*))
 *(.ctors)

.dtors
 *crtbegin.o(.dtors)
 *crtbegin?.o(.dtors)
 *(EXCLUDE_FILE(*crtend?.o *crtend.o) .dtors)
 *(SORT(.dtors.*))
 *(.dtors)

.jcr            0x000000000021a848        0x8
 *(.jcr)
 .jcr           0x000000000021a848        0x0 /usr/lib/gcc/x86_64-linux-gnu/4.9/crtbeginS.o
 .jcr           0x000000000021a848        0x8 /usr/lib/gcc/x86_64-linux-gnu/4.9/crtendS.o

.data.rel.ro    0x000000000021a880      0x2f0
 *(.data.rel.ro.local* .gnu.linkonce.d.rel.ro.local.*)
 .data.rel.ro.local
                0x000000000021a880       0x18 obj_cooja/mtype967.a(rime.o)
                0x000000000021a880                rime_driver
 *fill*         0x000000000021a898        0x8 
 .data.rel.ro.local
                0x000000000021a8a0       0x10 obj_cooja/mtype967.a(broadcast-annou)
 .data.rel.ro.local
                0x000000000021a8b0       0x10 obj_cooja/mtype967.a(broadcast.o)
 .data.rel.ro.local
                0x000000000021a8c0       0x18 obj_cooja/mtype967.a(chameleon-bitop)
                0x000000000021a8c0                chameleon_bitopt
 *fill*         0x000000000021a8d8        0x8 
 .data.rel.ro.local
                0x000000000021a8e0       0x38 obj_cooja/mtype967.a(nullmac.o)
                0x000000000021a8e0                nullmac_driver
 *fill*         0x000000000021a918        0x8 
 .data.rel.ro.local
                0x000000000021a920       0x38 obj_cooja/mtype967.a(tsch.o)
                0x000000000021a920                tschmac_driver
 .data.rel.ro.local
                0x000000000021a958        0x8 obj_cooja/mtype967.a(packetbuf.o)
 .data.rel.ro.local
                0x000000000021a960       0x10 obj_cooja/mtype967.a(beep.o)
                0x000000000021a960                beep_interface
 *fill*         0x000000000021a970       0x10 
 .data.rel.ro.local
                0x000000000021a980       0x40 obj_cooja/mtype967.a(button-sensor.o)
                0x000000000021a980                button_interface
                0x000000000021a9a0                button_sensor
 .data.rel.ro.local
                0x000000000021a9c0       0x10 obj_cooja/mtype967.a(leds-arch.o)
                0x000000000021a9c0                leds_interface
 .data.rel.ro.local
                0x000000000021a9d0       0x10 obj_cooja/mtype967.a(moteid.o)
                0x000000000021a9d0                moteid_interface
 .data.rel.ro.local
                0x000000000021a9e0       0x40 obj_cooja/mtype967.a(pir-sensor.o)
                0x000000000021a9e0                pir_interface
                0x000000000021aa00                pir_sensor
 .data.rel.ro.local
                0x000000000021aa20       0x10 obj_cooja/mtype967.a(rs232.o)
                0x000000000021aa20                rs232_interface
 *fill*         0x000000000021aa30       0x10 
 .data.rel.ro.local
                0x000000000021aa40       0x40 obj_cooja/mtype967.a(vib-sensor.o)
                0x000000000021aa40                vib_interface
                0x000000000021aa60                vib_sensor
 .data.rel.ro.local
                0x000000000021aa80       0x10 obj_cooja/mtype967.a(clock.o)
                0x000000000021aa80                clock_interface
 .data.rel.ro.local
                0x000000000021aa90       0x10 obj_cooja/mtype967.a(log.o)
                0x000000000021aa90                simlog_interface
 .data.rel.ro.local
                0x000000000021aaa0       0x10 obj_cooja/mtype967.a(cfs-cooja.o)
                0x000000000021aaa0                cfs_interface
 *fill*         0x000000000021aab0       0x10 
 .data.rel.ro.local
                0x000000000021aac0       0x90 obj_cooja/mtype967.a(cooja-radio.o)
                0x000000000021aac0                radio_interface
                0x000000000021ab00                cooja_radio_driver
 .data.rel.ro.local
                0x000000000021ab50       0x10 obj_cooja/mtype967.a(framer-nullmac.)
                0x000000000021ab50                framer_nullmac
 *(.data.rel.ro .data.rel.ro.* .gnu.linkonce.d.rel.ro.*)
 .data.rel.ro   0x000000000021ab60       0x10 advertiser.co
                0x000000000021ab60                autostart_processes

.dynamic        0x000000000021ab70      0x1c0
 *(.dynamic)
 .dynamic       0x000000000021ab70      0x1c0 /usr/lib/gcc/x86_64-linux-gnu/4.9/../../../x86_64-linux-gnu/crti.o
                0x000000000021ab70                _DYNAMIC

.got            0x000000000021ad30      0x2d0
 *(.got)
 .got           0x000000000021ad30      0x2d0 /usr/lib/gcc/x86_64-linux-gnu/4.9/../../../x86_64-linux-gnu/crti.o
 *(.igot)
                0x000000000021bfe8                . = DATA_SEGMENT_RELRO_END (., (SIZEOF (.got.plt) >= 0x18)?0x18:0x0)

.got.plt        0x000000000021b000      0x6c0
 *(.got.plt)
 .got.plt       0x000000000021b000      0x6c0 /usr/lib/gcc/x86_64-linux-gnu/4.9/../../../x86_64-linux-gnu/crti.o
                0x000000000021b000                _GLOBAL_OFFSET_TABLE_
 *(.igot.plt)

.data           0x000000000021b6c0      0x380
 *(.data .data.* .gnu.linkonce.d.*)
 .data          0x000000000021b6c0        0x0 /usr/lib/gcc/x86_64-linux-gnu/4.9/../../../x86_64-linux-gnu/crti.o
 .data          0x000000000021b6c0        0x0 /usr/lib/gcc/x86_64-linux-gnu/4.9/crtbeginS.o
 .data.rel.local
                0x000000000021b6c0        0x8 /usr/lib/gcc/x86_64-linux-gnu/4.9/crtbeginS.o
                0x000000000021b6c0                __dso_handle
 .data          0x000000000021b6c8        0x0 advertiser.co
 *fill*         0x000000000021b6c8       0x18 
 .data.rel.local
                0x000000000021b6e0       0x20 advertiser.co
                0x000000000021b6e0                advertising
 .data          0x000000000021b700        0x0 obj_cooja/mtype967.o
 .data.rel      0x000000000021b700       0x80 obj_cooja/mtype967.o
                0x000000000021b700                simInterfaces
                0x000000000021b760                sensors
 .data          0x000000000021b780        0x0 obj_cooja/mtype967.a(rimeaddr.o)
 .data          0x000000000021b780        0x0 obj_cooja/mtype967.a(rime.o)
 .data.rel.local
                0x000000000021b780        0x8 obj_cooja/mtype967.a(rime.o)
 .data          0x000000000021b788        0x0 obj_cooja/mtype967.a(rimestats.o)
 .data          0x000000000021b788        0x0 obj_cooja/mtype967.a(announcement.o)
 .data.rel.local
                0x000000000021b788        0x8 obj_cooja/mtype967.a(announcement.o)
 .data          0x000000000021b790        0x0 obj_cooja/mtype967.a(broadcast-annou)
 .data          0x000000000021b790        0x0 obj_cooja/mtype967.a(broadcast.o)
 .data          0x000000000021b790        0x0 obj_cooja/mtype967.a(abc.o)
 .data          0x000000000021b790        0x0 obj_cooja/mtype967.a(chameleon.o)
 .data          0x000000000021b790        0x0 obj_cooja/mtype967.a(channel.o)
 .data.rel.local
                0x000000000021b790        0x8 obj_cooja/mtype967.a(channel.o)
 .data          0x000000000021b798        0x0 obj_cooja/mtype967.a(chameleon-bitop)
 .data          0x000000000021b798        0x0 obj_cooja/mtype967.a(nullmac.o)
 *fill*         0x000000000021b798        0x8 
 .data          0x000000000021b7a0       0x12 obj_cooja/mtype967.a(tsch.o)
                0x000000000021b7a0                hopping_sequence_list
 *fill*         0x000000000021b7b2        0xe 
 .data.rel.local
                0x000000000021b7c0       0x60 obj_cooja/mtype967.a(tsch.o)
                0x000000000021b7c0                tsch_send_eb_process
                0x000000000021b7e0                tsch_process
                0x000000000021b800                tsch_pending_events_process
 .data          0x000000000021b820        0x0 obj_cooja/mtype967.a(tsch-queue.o)
 .data.rel.local
                0x000000000021b820       0x40 obj_cooja/mtype967.a(tsch-queue.o)
 .data          0x000000000021b860        0x0 obj_cooja/mtype967.a(tsch-packet.o)
 .data          0x000000000021b860        0x4 obj_cooja/mtype967.a(tsch-schedule.o)
 *fill*         0x000000000021b864        0xc 
 .data.rel.local
                0x000000000021b870       0x40 obj_cooja/mtype967.a(tsch-schedule.o)
 .data          0x000000000021b8b0        0x0 obj_cooja/mtype967.a(process.o)
 .data          0x000000000021b8b0        0x0 obj_cooja/mtype967.a(autostart.o)
 .data          0x000000000021b8b0        0x0 obj_cooja/mtype967.a(serial-line.o)
 *fill*         0x000000000021b8b0       0x10 
 .data.rel.local
                0x000000000021b8c0       0x20 obj_cooja/mtype967.a(serial-line.o)
                0x000000000021b8c0                serial_line_process
 .data          0x000000000021b8e0        0x0 obj_cooja/mtype967.a(memb.o)
 .data          0x000000000021b8e0        0x0 obj_cooja/mtype967.a(list.o)
 .data          0x000000000021b8e0        0x0 obj_cooja/mtype967.a(etimer.o)
 .data.rel.local
                0x000000000021b8e0       0x20 obj_cooja/mtype967.a(etimer.o)
                0x000000000021b8e0                etimer_process
 .data          0x000000000021b900        0x0 obj_cooja/mtype967.a(ctimer.o)
 .data.rel.local
                0x000000000021b900       0x40 obj_cooja/mtype967.a(ctimer.o)
                0x000000000021b920                ctimer_process
 .data          0x000000000021b940        0x0 obj_cooja/mtype967.a(rtimer.o)
 .data          0x000000000021b940        0x0 obj_cooja/mtype967.a(random.o)
 .data          0x000000000021b940        0x0 obj_cooja/mtype967.a(ringbuf.o)
 .data          0x000000000021b940        0x0 obj_cooja/mtype967.a(ringbufindex.o)
 .data          0x000000000021b940        0x0 obj_cooja/mtype967.a(netstack.o)
 .data          0x000000000021b940        0x0 obj_cooja/mtype967.a(packetbuf.o)
 .data          0x000000000021b940        0x0 obj_cooja/mtype967.a(queuebuf.o)
 .data.rel.local
                0x000000000021b940       0x58 obj_cooja/mtype967.a(queuebuf.o)
 .data          0x000000000021b998        0x0 obj_cooja/mtype967.a(uip-debug.o)
 .data          0x000000000021b998        0x0 obj_cooja/mtype967.a(uip-ds6-nbr.o)
 *fill*         0x000000000021b998        0x8 
 .data.rel.local
                0x000000000021b9a0       0x20 obj_cooja/mtype967.a(uip-ds6-nbr.o)
                0x000000000021b9b8                ds6_neighbors
 .data          0x000000000021b9c0        0x0 obj_cooja/mtype967.a(simEnvChange.o)
 .data          0x000000000021b9c0        0x0 obj_cooja/mtype967.a(cooja_mt.o)
 .data          0x000000000021b9c0        0x0 obj_cooja/mtype967.a(cooja_mtarch.o)
 .data          0x000000000021b9c0        0x0 obj_cooja/mtype967.a(rtimer-arch.o)
 .data          0x000000000021b9c0        0x0 obj_cooja/mtype967.a(beep.o)
 .data          0x000000000021b9c0        0x0 obj_cooja/mtype967.a(button-sensor.o)
 .data          0x000000000021b9c0        0x0 obj_cooja/mtype967.a(leds-arch.o)
 .data          0x000000000021b9c0        0x0 obj_cooja/mtype967.a(moteid.o)
 .data          0x000000000021b9c0        0x0 obj_cooja/mtype967.a(pir-sensor.o)
 .data          0x000000000021b9c0        0x0 obj_cooja/mtype967.a(rs232.o)
 .data          0x000000000021b9c0        0x0 obj_cooja/mtype967.a(vib-sensor.o)
 .data          0x000000000021b9c0        0x0 obj_cooja/mtype967.a(clock.o)
 .data          0x000000000021b9c0        0x0 obj_cooja/mtype967.a(log.o)
 .data          0x000000000021b9c0        0x0 obj_cooja/mtype967.a(cfs-cooja.o)
 .data          0x000000000021b9c0       0x14 obj_cooja/mtype967.a(cooja-radio.o)
                0x000000000021b9c0                simRadioHWOn
                0x000000000021b9c4                simSignalStrength
                0x000000000021b9c8                simLastSignalStrength
                0x000000000021b9cc                simPower
                0x000000000021b9d0                simRadioChannel
 *fill*         0x000000000021b9d4        0xc 
 .data.rel.local
                0x000000000021b9e0       0x20 obj_cooja/mtype967.a(cooja-radio.o)
                0x000000000021b9e0                cooja_radio_process
 .data          0x000000000021ba00        0x0 obj_cooja/mtype967.a(sensors.o)
 .data.rel.local
                0x000000000021ba00       0x20 obj_cooja/mtype967.a(sensors.o)
                0x000000000021ba00                sensors_process
 .data          0x000000000021ba20        0x0 obj_cooja/mtype967.a(leds.o)
 .data          0x000000000021ba20        0x0 obj_cooja/mtype967.a(frame802154.o)
 .data          0x000000000021ba20        0x0 obj_cooja/mtype967.a(mac.o)
 .data          0x000000000021ba20        0x0 obj_cooja/mtype967.a(framer-nullmac.)
 .data          0x000000000021ba20        0x0 obj_cooja/mtype967.a(timer.o)
 .data          0x000000000021ba20        0x0 obj_cooja/mtype967.a(stimer.o)
 .data          0x000000000021ba20        0x0 obj_cooja/mtype967.a(nbr-table.o)
 .data.rel.local
                0x000000000021ba20       0x20 obj_cooja/mtype967.a(nbr-table.o)
 .data          0x000000000021ba40        0x0 /usr/lib/gcc/x86_64-linux-gnu/4.9/crtendS.o
 .data          0x000000000021ba40        0x0 /usr/lib/gcc/x86_64-linux-gnu/4.9/../../../x86_64-linux-gnu/crtn.o

.tm_clone_table
                0x000000000021ba40        0x0
 .tm_clone_table
                0x000000000021ba40        0x0 /usr/lib/gcc/x86_64-linux-gnu/4.9/crtbeginS.o
 .tm_clone_table
                0x000000000021ba40        0x0 /usr/lib/gcc/x86_64-linux-gnu/4.9/crtendS.o

.data1
 *(.data1)
                0x000000000021ba40                _edata = .
                0x000000000021ba40                PROVIDE (edata, .)
                0x000000000021ba40                . = .
                0x000000000021ba40                __bss_start = .

.bss            0x000000000021ba40     0x85c8
 *(.dynbss)
 .dynbss        0x000000000021ba40        0x0 /usr/lib/gcc/x86_64-linux-gnu/4.9/../../../x86_64-linux-gnu/crti.o
 *(.bss .bss.* .gnu.linkonce.b.*)
 .bss           0x000000000021ba40        0x0 /usr/lib/gcc/x86_64-linux-gnu/4.9/../../../x86_64-linux-gnu/crti.o
 .bss           0x000000000021ba40        0x1 /usr/lib/gcc/x86_64-linux-gnu/4.9/crtbeginS.o
 .bss           0x000000000021ba41        0x0 advertiser.co
 *fill*         0x000000000021ba41       0x3f 
 .bss           0x000000000021ba80     0x4060 obj_cooja/mtype967.o
 .bss           0x000000000021fae0        0x0 obj_cooja/mtype967.a(rimeaddr.o)
 .bss           0x000000000021fae0        0x8 obj_cooja/mtype967.a(rime.o)
 .bss           0x000000000021fae8        0x0 obj_cooja/mtype967.a(rimestats.o)
 .bss           0x000000000021fae8       0x18 obj_cooja/mtype967.a(announcement.o)
 .bss           0x000000000021fb00       0xd8 obj_cooja/mtype967.a(broadcast-annou)
 .bss           0x000000000021fbd8        0x0 obj_cooja/mtype967.a(broadcast.o)
 .bss           0x000000000021fbd8        0x0 obj_cooja/mtype967.a(abc.o)
 .bss           0x000000000021fbd8        0x0 obj_cooja/mtype967.a(chameleon.o)
 .bss           0x000000000021fbd8        0x8 obj_cooja/mtype967.a(channel.o)
 .bss           0x000000000021fbe0        0x0 obj_cooja/mtype967.a(chameleon-bitop)
 .bss           0x000000000021fbe0        0x0 obj_cooja/mtype967.a(nullmac.o)
 *fill*         0x000000000021fbe0       0x20 
 .bss           0x000000000021fc00      0x300 obj_cooja/mtype967.a(tsch.o)
                0x000000000021fc00                tsch_is_coordinator
                0x000000000021fc04                associated
 .bss           0x000000000021ff00      0x494 obj_cooja/mtype967.a(tsch-queue.o)
 .bss           0x0000000000220394        0x0 obj_cooja/mtype967.a(tsch-packet.o)
 *fill*         0x0000000000220394       0x2c 
 .bss           0x00000000002203c0      0x60e obj_cooja/mtype967.a(tsch-schedule.o)
 *fill*         0x00000000002209ce       0x32 
 .bss           0x0000000000220a00      0x361 obj_cooja/mtype967.a(process.o)
                0x0000000000220a00                process_list
                0x0000000000220a08                process_current
 .bss           0x0000000000220d61        0x0 obj_cooja/mtype967.a(autostart.o)
 *fill*         0x0000000000220d61       0x1f 
 .bss           0x0000000000220d80      0x180 obj_cooja/mtype967.a(serial-line.o)
 .bss           0x0000000000220f00        0x0 obj_cooja/mtype967.a(memb.o)
 .bss           0x0000000000220f00        0x0 obj_cooja/mtype967.a(list.o)
 .bss           0x0000000000220f00       0x10 obj_cooja/mtype967.a(etimer.o)
 .bss           0x0000000000220f10        0x9 obj_cooja/mtype967.a(ctimer.o)
 *fill*         0x0000000000220f19        0x7 
 .bss           0x0000000000220f20       0x10 obj_cooja/mtype967.a(rtimer.o)
 .bss           0x0000000000220f30        0x0 obj_cooja/mtype967.a(random.o)
 .bss           0x0000000000220f30        0x0 obj_cooja/mtype967.a(ringbuf.o)
 .bss           0x0000000000220f30        0x0 obj_cooja/mtype967.a(ringbufindex.o)
 .bss           0x0000000000220f30        0x0 obj_cooja/mtype967.a(netstack.o)
 *fill*         0x0000000000220f30       0x10 
 .bss           0x0000000000220f40       0xf8 obj_cooja/mtype967.a(packetbuf.o)
 *fill*         0x0000000000221038        0x8 
 .bss           0x0000000000221040      0x750 obj_cooja/mtype967.a(queuebuf.o)
 .bss           0x0000000000221790        0x0 obj_cooja/mtype967.a(uip-debug.o)
 *fill*         0x0000000000221790       0x30 
 .bss           0x00000000002217c0      0x3c0 obj_cooja/mtype967.a(uip-ds6-nbr.o)
 .bss           0x0000000000221b80        0x1 obj_cooja/mtype967.a(simEnvChange.o)
                0x0000000000221b80                simDontFallAsleep
 *fill*         0x0000000000221b81        0x7 
 .bss           0x0000000000221b88        0x8 obj_cooja/mtype967.a(cooja_mt.o)
 .bss           0x0000000000221b90        0x8 obj_cooja/mtype967.a(cooja_mtarch.o)
 .bss           0x0000000000221b98       0x18 obj_cooja/mtype967.a(rtimer-arch.o)
 .bss           0x0000000000221bb0        0x0 obj_cooja/mtype967.a(beep.o)
 .bss           0x0000000000221bb0       0x10 obj_cooja/mtype967.a(button-sensor.o)
 .bss           0x0000000000221bc0        0x0 obj_cooja/mtype967.a(leds-arch.o)
 .bss           0x0000000000221bc0        0x0 obj_cooja/mtype967.a(moteid.o)
 .bss           0x0000000000221bc0        0x1 obj_cooja/mtype967.a(pir-sensor.o)
                0x0000000000221bc0                simPirValue
 *fill*         0x0000000000221bc1        0x7 
 .bss           0x0000000000221bc8        0x8 obj_cooja/mtype967.a(rs232.o)
 .bss           0x0000000000221bd0        0x1 obj_cooja/mtype967.a(vib-sensor.o)
                0x0000000000221bd0                simVibValue
 .bss           0x0000000000221bd1        0x0 obj_cooja/mtype967.a(clock.o)
 *fill*         0x0000000000221bd1       0x2f 
 .bss           0x0000000000221c00      0x440 obj_cooja/mtype967.a(log.o)
 .bss           0x0000000000222040      0xfc0 obj_cooja/mtype967.a(cfs-cooja.o)
                0x0000000000222040                simCFSData
                0x0000000000222fe0                simCFSChanged
                0x0000000000222fe4                simCFSRead
                0x0000000000222fe8                simCFSWritten
 .bss           0x0000000000223000       0x18 obj_cooja/mtype967.a(cooja-radio.o)
                0x0000000000223000                simReceiving
                0x0000000000223004                simInSize
                0x0000000000223008                simOutSize
 .bss           0x0000000000223018        0xc obj_cooja/mtype967.a(sensors.o)
 .bss           0x0000000000223024        0x2 obj_cooja/mtype967.a(leds.o)
 .bss           0x0000000000223026        0x0 obj_cooja/mtype967.a(frame802154.o)
 .bss           0x0000000000223026        0x0 obj_cooja/mtype967.a(mac.o)
 .bss           0x0000000000223026        0x0 obj_cooja/mtype967.a(framer-nullmac.)
 .bss           0x0000000000223026        0x0 obj_cooja/mtype967.a(timer.o)
 .bss           0x0000000000223026        0x0 obj_cooja/mtype967.a(stimer.o)
 *fill*         0x0000000000223026       0x1a 
 .bss           0x0000000000223040      0x208 obj_cooja/mtype967.a(nbr-table.o)
 .bss           0x0000000000223248        0x0 /usr/lib/gcc/x86_64-linux-gnu/4.9/crtendS.o
 .bss           0x0000000000223248        0x0 /usr/lib/gcc/x86_64-linux-gnu/4.9/../../../x86_64-linux-gnu/crtn.o
 *(COMMON)
 COMMON         0x0000000000223248        0xc obj_cooja/mtype967.o
                0x0000000000223248                referenceVar
                0x0000000000223250                sensors_flags
 COMMON         0x0000000000223254        0x2 obj_cooja/mtype967.a(rimeaddr.o)
                0x0000000000223254                rimeaddr_node_addr
 *fill*         0x0000000000223256       0x2a 
 COMMON         0x0000000000223280       0x90 obj_cooja/mtype967.a(rimestats.o)
                0x0000000000223280                rimestats
 *fill*         0x0000000000223310       0x30 
 COMMON         0x0000000000223340      0x260 obj_cooja/mtype967.a(tsch.o)
                0x0000000000223340                current_link
                0x0000000000223348                input_ringbuf
                0x000000000022334c                hopping_sequence_length
                0x0000000000223350                current_asn
                0x0000000000223358                tsch_join_priority
                0x0000000000223380                input_array
 COMMON         0x00000000002235a0       0x10 obj_cooja/mtype967.a(tsch-queue.o)
                0x00000000002235a0                n_eb
                0x00000000002235a8                n_broadcast
 COMMON         0x00000000002235b0        0x8 obj_cooja/mtype967.a(tsch-schedule.o)
                0x00000000002235b0                sf_eb
 COMMON         0x00000000002235b8        0x1 obj_cooja/mtype967.a(serial-line.o)
                0x00000000002235b8                serial_line_event_message
 *fill*         0x00000000002235b9        0x7 
 COMMON         0x00000000002235c0       0x38 obj_cooja/mtype967.a(packetbuf.o)
                0x00000000002235c0                packetbuf_attrs
                0x00000000002235f4                packetbuf_addrs
 COMMON         0x00000000002235f8       0x10 obj_cooja/mtype967.a(simEnvChange.o)
                0x00000000002235f8                simEtimerPending
                0x00000000002235fc                simProcessRunValue
                0x0000000000223600                simNextExpirationTime
 COMMON         0x0000000000223608        0x1 obj_cooja/mtype967.a(beep.o)
                0x0000000000223608                simBeeped
 COMMON         0x0000000000223609        0x3 obj_cooja/mtype967.a(button-sensor.o)
                0x0000000000223609                simButtonIsActive
                0x000000000022360a                simButtonIsDown
                0x000000000022360b                simButtonChanged
 COMMON         0x000000000022360c        0x1 obj_cooja/mtype967.a(leds-arch.o)
                0x000000000022360c                simLedsValue
 *fill*         0x000000000022360d        0x3 
 COMMON         0x0000000000223610        0xc obj_cooja/mtype967.a(moteid.o)
                0x0000000000223610                simRandomSeed
                0x0000000000223614                simMoteIDChanged
                0x0000000000223618                simMoteID
 COMMON         0x000000000022361c        0x2 obj_cooja/mtype967.a(pir-sensor.o)
                0x000000000022361c                simPirIsActive
                0x000000000022361d                simPirChanged
 *fill*         0x000000000022361e       0x22 
 COMMON         0x0000000000223640      0x440 obj_cooja/mtype967.a(rs232.o)
                0x0000000000223640                simSerialReceivingFlag
                0x0000000000223644                simSerialReceivingLength
                0x0000000000223680                simSerialReceivingData
 COMMON         0x0000000000223a80        0x2 obj_cooja/mtype967.a(vib-sensor.o)
                0x0000000000223a80                simVibChanged
                0x0000000000223a81                simVibIsActive
 *fill*         0x0000000000223a82        0x6 
 COMMON         0x0000000000223a88        0x8 obj_cooja/mtype967.a(clock.o)
                0x0000000000223a88                simCurrentTime
 *fill*         0x0000000000223a90       0x30 
 COMMON         0x0000000000223ac0      0x440 obj_cooja/mtype967.a(log.o)
                0x0000000000223ac0                simLoggedLength
                0x0000000000223ac4                simLoggedFlag
                0x0000000000223b00                simLoggedData
 COMMON         0x0000000000223f00      0x100 obj_cooja/mtype967.a(cooja-radio.o)
                0x0000000000223f00                simOutDataBuffer
                0x0000000000223f80                simInDataBuffer
 COMMON         0x0000000000224000        0x1 obj_cooja/mtype967.a(sensors.o)
                0x0000000000224000                sensors_event
                0x0000000000224008                . = ALIGN ((. != 0x0)?0x8:0x1)
 *fill*         0x0000000000224001        0x7 

.lbss
 *(.dynlbss)
 *(.lbss .lbss.* .gnu.linkonce.lb.*)
 *(LARGE_COMMON)
                0x0000000000224008                . = ALIGN (0x8)
                0x0000000000224008                . = SEGMENT_START ("ldata-segment", .)

.lrodata
 *(.lrodata .lrodata.* .gnu.linkonce.lr.*)

.ldata          0x0000000000624008        0x0
 *(.ldata .ldata.* .gnu.linkonce.l.*)
                0x0000000000624008                . = ALIGN ((. != 0x0)?0x8:0x1)
                0x0000000000624008                . = ALIGN (0x8)
                0x0000000000624008                _end = .
                0x0000000000624008                PROVIDE (end, .)
                0x0000000000624008                . = DATA_SEGMENT_END (.)

.stab
 *(.stab)

.stabstr
 *(.stabstr)

.stab.excl
 *(.stab.excl)

.stab.exclstr
 *(.stab.exclstr)

.stab.index
 *(.stab.index)

.stab.indexstr
 *(.stab.indexstr)

.comment        0x0000000000000000       0x24
 *(.comment)
 .comment       0x0000000000000000       0x24 /usr/lib/gcc/x86_64-linux-gnu/4.9/crtbeginS.o
                                         0x25 (size before relaxing)
 .comment       0x0000000000000024       0x25 advertiser.co
 .comment       0x0000000000000024       0x25 obj_cooja/mtype967.o
 .comment       0x0000000000000024       0x25 obj_cooja/mtype967.a(rimeaddr.o)
 .comment       0x0000000000000024       0x25 obj_cooja/mtype967.a(rime.o)
 .comment       0x0000000000000024       0x25 obj_cooja/mtype967.a(rimestats.o)
 .comment       0x0000000000000024       0x25 obj_cooja/mtype967.a(announcement.o)
 .comment       0x0000000000000024       0x25 obj_cooja/mtype967.a(broadcast-annou)
 .comment       0x0000000000000024       0x25 obj_cooja/mtype967.a(broadcast.o)
 .comment       0x0000000000000024       0x25 obj_cooja/mtype967.a(abc.o)
 .comment       0x0000000000000024       0x25 obj_cooja/mtype967.a(chameleon.o)
 .comment       0x0000000000000024       0x25 obj_cooja/mtype967.a(channel.o)
 .comment       0x0000000000000024       0x25 obj_cooja/mtype967.a(chameleon-bitop)
 .comment       0x0000000000000024       0x25 obj_cooja/mtype967.a(nullmac.o)
 .comment       0x0000000000000024       0x25 obj_cooja/mtype967.a(tsch.o)
 .comment       0x0000000000000024       0x25 obj_cooja/mtype967.a(tsch-queue.o)
 .comment       0x0000000000000024       0x25 obj_cooja/mtype967.a(tsch-packet.o)
 .comment       0x0000000000000024       0x25 obj_cooja/mtype967.a(tsch-schedule.o)
 .comment       0x0000000000000024       0x25 obj_cooja/mtype967.a(process.o)
 .comment       0x0000000000000024       0x25 obj_cooja/mtype967.a(autostart.o)
 .comment       0x0000000000000024       0x25 obj_cooja/mtype967.a(serial-line.o)
 .comment       0x0000000000000024       0x25 obj_cooja/mtype967.a(memb.o)
 .comment       0x0000000000000024       0x25 obj_cooja/mtype967.a(list.o)
 .comment       0x0000000000000024       0x25 obj_cooja/mtype967.a(etimer.o)
 .comment       0x0000000000000024       0x25 obj_cooja/mtype967.a(ctimer.o)
 .comment       0x0000000000000024       0x25 obj_cooja/mtype967.a(rtimer.o)
 .comment       0x0000000000000024       0x25 obj_cooja/mtype967.a(random.o)
 .comment       0x0000000000000024       0x25 obj_cooja/mtype967.a(ringbuf.o)
 .comment       0x0000000000000024       0x25 obj_cooja/mtype967.a(ringbufindex.o)
 .comment       0x0000000000000024       0x25 obj_cooja/mtype967.a(netstack.o)
 .comment       0x0000000000000024       0x25 obj_cooja/mtype967.a(packetbuf.o)
 .comment       0x0000000000000024       0x25 obj_cooja/mtype967.a(queuebuf.o)
 .comment       0x0000000000000024       0x25 obj_cooja/mtype967.a(uip-debug.o)
 .comment       0x0000000000000024       0x25 obj_cooja/mtype967.a(uip-ds6-nbr.o)
 .comment       0x0000000000000024       0x25 obj_cooja/mtype967.a(simEnvChange.o)
 .comment       0x0000000000000024       0x25 obj_cooja/mtype967.a(cooja_mt.o)
 .comment       0x0000000000000024       0x25 obj_cooja/mtype967.a(cooja_mtarch.o)
 .comment       0x0000000000000024       0x25 obj_cooja/mtype967.a(rtimer-arch.o)
 .comment       0x0000000000000024       0x25 obj_cooja/mtype967.a(beep.o)
 .comment       0x0000000000000024       0x25 obj_cooja/mtype967.a(button-sensor.o)
 .comment       0x0000000000000024       0x25 obj_cooja/mtype967.a(leds-arch.o)
 .comment       0x0000000000000024       0x25 obj_cooja/mtype967.a(moteid.o)
 .comment       0x0000000000000024       0x25 obj_cooja/mtype967.a(pir-sensor.o)
 .comment       0x0000000000000024       0x25 obj_cooja/mtype967.a(rs232.o)
 .comment       0x0000000000000024       0x25 obj_cooja/mtype967.a(vib-sensor.o)
 .comment       0x0000000000000024       0x25 obj_cooja/mtype967.a(clock.o)
 .comment       0x0000000000000024       0x25 obj_cooja/mtype967.a(log.o)
 .comment       0x0000000000000024       0x25 obj_cooja/mtype967.a(cfs-cooja.o)
 .comment       0x0000000000000024       0x25 obj_cooja/mtype967.a(cooja-radio.o)
 .comment       0x0000000000000024       0x25 obj_cooja/mtype967.a(sensors.o)
 .comment       0x0000000000000024       0x25 obj_cooja/mtype967.a(leds.o)
 .comment       0x0000000000000024       0x25 obj_cooja/mtype967.a(frame802154.o)
 .comment       0x0000000000000024       0x25 obj_cooja/mtype967.a(mac.o)
 .comment       0x0000000000000024       0x25 obj_cooja/mtype967.a(framer-nullmac.)
 .comment       0x0000000000000024       0x25 obj_cooja/mtype967.a(timer.o)
 .comment       0x0000000000000024       0x25 obj_cooja/mtype967.a(stimer.o)
 .comment       0x0000000000000024       0x25 obj_cooja/mtype967.a(nbr-table.o)
 .comment       0x0000000000000024       0x25 /usr/lib/gcc/x86_64-linux-gnu/4.9/crtendS.o

.debug
 *(.debug)

.line
 *(.line)

.debug_srcinfo
 *(.debug_srcinfo)

.debug_sfnames
 *(.debug_sfnames)

.debug_aranges  0x0000000000000000      0xa70
 *(.debug_aranges)
 .debug_aranges
                0x0000000000000000       0x30 advertiser.co
 .debug_aranges
                0x0000000000000030       0x30 obj_cooja/mtype967.o
 .debug_aranges
                0x0000000000000060       0x30 obj_cooja/mtype967.a(rimeaddr.o)
 .debug_aranges
                0x0000000000000090       0x30 obj_cooja/mtype967.a(rime.o)
 .debug_aranges
                0x00000000000000c0       0x20 obj_cooja/mtype967.a(rimestats.o)
 .debug_aranges
                0x00000000000000e0       0x30 obj_cooja/mtype967.a(announcement.o)
 .debug_aranges
                0x0000000000000110       0x30 obj_cooja/mtype967.a(broadcast-annou)
 .debug_aranges
                0x0000000000000140       0x30 obj_cooja/mtype967.a(broadcast.o)
 .debug_aranges
                0x0000000000000170       0x30 obj_cooja/mtype967.a(abc.o)
 .debug_aranges
                0x00000000000001a0       0x30 obj_cooja/mtype967.a(chameleon.o)
 .debug_aranges
                0x00000000000001d0       0x30 obj_cooja/mtype967.a(channel.o)
 .debug_aranges
                0x0000000000000200       0x30 obj_cooja/mtype967.a(chameleon-bitop)
 .debug_aranges
                0x0000000000000230       0x30 obj_cooja/mtype967.a(nullmac.o)
 .debug_aranges
                0x0000000000000260       0x30 obj_cooja/mtype967.a(tsch.o)
 .debug_aranges
                0x0000000000000290       0x30 obj_cooja/mtype967.a(tsch-queue.o)
 .debug_aranges
                0x00000000000002c0       0x30 obj_cooja/mtype967.a(tsch-packet.o)
 .debug_aranges
                0x00000000000002f0       0x30 obj_cooja/mtype967.a(tsch-schedule.o)
 .debug_aranges
                0x0000000000000320       0x30 obj_cooja/mtype967.a(process.o)
 .debug_aranges
                0x0000000000000350       0x30 obj_cooja/mtype967.a(autostart.o)
 .debug_aranges
                0x0000000000000380       0x30 obj_cooja/mtype967.a(serial-line.o)
 .debug_aranges
                0x00000000000003b0       0x30 obj_cooja/mtype967.a(memb.o)
 .debug_aranges
                0x00000000000003e0       0x30 obj_cooja/mtype967.a(list.o)
 .debug_aranges
                0x0000000000000410       0x30 obj_cooja/mtype967.a(etimer.o)
 .debug_aranges
                0x0000000000000440       0x30 obj_cooja/mtype967.a(ctimer.o)
 .debug_aranges
                0x0000000000000470       0x30 obj_cooja/mtype967.a(rtimer.o)
 .debug_aranges
                0x00000000000004a0       0x30 obj_cooja/mtype967.a(random.o)
 .debug_aranges
                0x00000000000004d0       0x30 obj_cooja/mtype967.a(ringbuf.o)
 .debug_aranges
                0x0000000000000500       0x30 obj_cooja/mtype967.a(ringbufindex.o)
 .debug_aranges
                0x0000000000000530       0x30 obj_cooja/mtype967.a(netstack.o)
 .debug_aranges
                0x0000000000000560       0x30 obj_cooja/mtype967.a(packetbuf.o)
 .debug_aranges
                0x0000000000000590       0x30 obj_cooja/mtype967.a(queuebuf.o)
 .debug_aranges
                0x00000000000005c0       0x30 obj_cooja/mtype967.a(uip-debug.o)
 .debug_aranges
                0x00000000000005f0       0x30 obj_cooja/mtype967.a(uip-ds6-nbr.o)
 .debug_aranges
                0x0000000000000620       0x30 obj_cooja/mtype967.a(simEnvChange.o)
 .debug_aranges
                0x0000000000000650       0x30 obj_cooja/mtype967.a(cooja_mt.o)
 .debug_aranges
                0x0000000000000680       0x30 obj_cooja/mtype967.a(cooja_mtarch.o)
 .debug_aranges
                0x00000000000006b0       0x30 obj_cooja/mtype967.a(rtimer-arch.o)
 .debug_aranges
                0x00000000000006e0       0x30 obj_cooja/mtype967.a(beep.o)
 .debug_aranges
                0x0000000000000710       0x30 obj_cooja/mtype967.a(button-sensor.o)
 .debug_aranges
                0x0000000000000740       0x30 obj_cooja/mtype967.a(leds-arch.o)
 .debug_aranges
                0x0000000000000770       0x30 obj_cooja/mtype967.a(moteid.o)
 .debug_aranges
                0x00000000000007a0       0x30 obj_cooja/mtype967.a(pir-sensor.o)
 .debug_aranges
                0x00000000000007d0       0x30 obj_cooja/mtype967.a(rs232.o)
 .debug_aranges
                0x0000000000000800       0x30 obj_cooja/mtype967.a(vib-sensor.o)
 .debug_aranges
                0x0000000000000830       0x30 obj_cooja/mtype967.a(clock.o)
 .debug_aranges
                0x0000000000000860       0x30 obj_cooja/mtype967.a(log.o)
 .debug_aranges
                0x0000000000000890       0x30 obj_cooja/mtype967.a(cfs-cooja.o)
 .debug_aranges
                0x00000000000008c0       0x30 obj_cooja/mtype967.a(cooja-radio.o)
 .debug_aranges
                0x00000000000008f0       0x30 obj_cooja/mtype967.a(sensors.o)
 .debug_aranges
                0x0000000000000920       0x30 obj_cooja/mtype967.a(leds.o)
 .debug_aranges
                0x0000000000000950       0x30 obj_cooja/mtype967.a(frame802154.o)
 .debug_aranges
                0x0000000000000980       0x30 obj_cooja/mtype967.a(mac.o)
 .debug_aranges
                0x00000000000009b0       0x30 obj_cooja/mtype967.a(framer-nullmac.)
 .debug_aranges
                0x00000000000009e0       0x30 obj_cooja/mtype967.a(timer.o)
 .debug_aranges
                0x0000000000000a10       0x30 obj_cooja/mtype967.a(stimer.o)
 .debug_aranges
                0x0000000000000a40       0x30 obj_cooja/mtype967.a(nbr-table.o)

.debug_pubnames
 *(.debug_pubnames)

.debug_info     0x0000000000000000    0x1299e
 *(.debug_info .gnu.linkonce.wi.*)
 .debug_info    0x0000000000000000      0x388 advertiser.co
 .debug_info    0x0000000000000388     0x361a obj_cooja/mtype967.o
 .debug_info    0x00000000000039a2      0x17f obj_cooja/mtype967.a(rimeaddr.o)
 .debug_info    0x0000000000003b21      0x59e obj_cooja/mtype967.a(rime.o)
 .debug_info    0x00000000000040bf      0x11d obj_cooja/mtype967.a(rimestats.o)
 .debug_info    0x00000000000041dc      0x408 obj_cooja/mtype967.a(announcement.o)
 .debug_info    0x00000000000045e4      0x809 obj_cooja/mtype967.a(broadcast-annou)
 .debug_info    0x0000000000004ded      0x55f obj_cooja/mtype967.a(broadcast.o)
 .debug_info    0x000000000000534c      0x42f obj_cooja/mtype967.a(abc.o)
 .debug_info    0x000000000000577b      0x3c5 obj_cooja/mtype967.a(chameleon.o)
 .debug_info    0x0000000000005b40      0x2d8 obj_cooja/mtype967.a(channel.o)
 .debug_info    0x0000000000005e18      0x7a7 obj_cooja/mtype967.a(chameleon-bitop)
 .debug_info    0x00000000000065bf      0x3fc obj_cooja/mtype967.a(nullmac.o)
 .debug_info    0x00000000000069bb     0x1d61 obj_cooja/mtype967.a(tsch.o)
 .debug_info    0x000000000000871c      0xcb3 obj_cooja/mtype967.a(tsch-queue.o)
 .debug_info    0x00000000000093cf      0xc67 obj_cooja/mtype967.a(tsch-packet.o)
 .debug_info    0x000000000000a036      0xb40 obj_cooja/mtype967.a(tsch-schedule.o)
 .debug_info    0x000000000000ab76      0x554 obj_cooja/mtype967.a(process.o)
 .debug_info    0x000000000000b0ca      0x1af obj_cooja/mtype967.a(autostart.o)
 .debug_info    0x000000000000b279      0x31c obj_cooja/mtype967.a(serial-line.o)
 .debug_info    0x000000000000b595      0x24f obj_cooja/mtype967.a(memb.o)
 .debug_info    0x000000000000b7e4      0x355 obj_cooja/mtype967.a(list.o)
 .debug_info    0x000000000000bb39      0x4f6 obj_cooja/mtype967.a(etimer.o)
 .debug_info    0x000000000000c02f      0x483 obj_cooja/mtype967.a(ctimer.o)
 .debug_info    0x000000000000c4b2      0x21e obj_cooja/mtype967.a(rtimer.o)
 .debug_info    0x000000000000c6d0       0xcb obj_cooja/mtype967.a(random.o)
 .debug_info    0x000000000000c79b      0x1cc obj_cooja/mtype967.a(ringbuf.o)
 .debug_info    0x000000000000c967      0x27e obj_cooja/mtype967.a(ringbufindex.o)
 .debug_info    0x000000000000cbe5      0x36a obj_cooja/mtype967.a(netstack.o)
 .debug_info    0x000000000000cf4f      0x63a obj_cooja/mtype967.a(packetbuf.o)
 .debug_info    0x000000000000d589      0x705 obj_cooja/mtype967.a(queuebuf.o)
 .debug_info    0x000000000000dc8e      0x19b obj_cooja/mtype967.a(uip-debug.o)
 .debug_info    0x000000000000de29      0x74d obj_cooja/mtype967.a(uip-ds6-nbr.o)
 .debug_info    0x000000000000e576      0x174 obj_cooja/mtype967.a(simEnvChange.o)
 .debug_info    0x000000000000e6ea      0x210 obj_cooja/mtype967.a(cooja_mt.o)
 .debug_info    0x000000000000e8fa      0x32d obj_cooja/mtype967.a(cooja_mtarch.o)
 .debug_info    0x000000000000ec27      0x1af obj_cooja/mtype967.a(rtimer-arch.o)
 .debug_info    0x000000000000edd6      0x24d obj_cooja/mtype967.a(beep.o)
 .debug_info    0x000000000000f023      0x291 obj_cooja/mtype967.a(button-sensor.o)
 .debug_info    0x000000000000f2b4      0x15c obj_cooja/mtype967.a(leds-arch.o)
 .debug_info    0x000000000000f410      0x124 obj_cooja/mtype967.a(moteid.o)
 .debug_info    0x000000000000f534      0x24c obj_cooja/mtype967.a(pir-sensor.o)
 .debug_info    0x000000000000f780      0x279 obj_cooja/mtype967.a(rs232.o)
 .debug_info    0x000000000000f9f9      0x24c obj_cooja/mtype967.a(vib-sensor.o)
 .debug_info    0x000000000000fc45      0x184 obj_cooja/mtype967.a(clock.o)
 .debug_info    0x000000000000fdc9      0x362 obj_cooja/mtype967.a(log.o)
 .debug_info    0x000000000001012b      0x447 obj_cooja/mtype967.a(cfs-cooja.o)
 .debug_info    0x0000000000010572      0x98a obj_cooja/mtype967.a(cooja-radio.o)
 .debug_info    0x0000000000010efc      0x3b3 obj_cooja/mtype967.a(sensors.o)
 .debug_info    0x00000000000112af      0x1ea obj_cooja/mtype967.a(leds.o)
 .debug_info    0x0000000000011499      0x455 obj_cooja/mtype967.a(frame802154.o)
 .debug_info    0x00000000000118ee      0x114 obj_cooja/mtype967.a(mac.o)
 .debug_info    0x0000000000011a02      0x337 obj_cooja/mtype967.a(framer-nullmac.)
 .debug_info    0x0000000000011d39      0x18e obj_cooja/mtype967.a(timer.o)
 .debug_info    0x0000000000011ec7      0x1a3 obj_cooja/mtype967.a(stimer.o)
 .debug_info    0x000000000001206a      0x934 obj_cooja/mtype967.a(nbr-table.o)

.debug_abbrev   0x0000000000000000     0x50f8
 *(.debug_abbrev)
 .debug_abbrev  0x0000000000000000      0x1b8 advertiser.co
 .debug_abbrev  0x00000000000001b8      0x2aa obj_cooja/mtype967.o
 .debug_abbrev  0x0000000000000462       0xd8 obj_cooja/mtype967.a(rimeaddr.o)
 .debug_abbrev  0x000000000000053a      0x1fa obj_cooja/mtype967.a(rime.o)
 .debug_abbrev  0x0000000000000734       0x59 obj_cooja/mtype967.a(rimestats.o)
 .debug_abbrev  0x000000000000078d      0x16f obj_cooja/mtype967.a(announcement.o)
 .debug_abbrev  0x00000000000008fc      0x20c obj_cooja/mtype967.a(broadcast-annou)
 .debug_abbrev  0x0000000000000b08      0x1f4 obj_cooja/mtype967.a(broadcast.o)
 .debug_abbrev  0x0000000000000cfc      0x188 obj_cooja/mtype967.a(abc.o)
 .debug_abbrev  0x0000000000000e84      0x1bc obj_cooja/mtype967.a(chameleon.o)
 .debug_abbrev  0x0000000000001040      0x172 obj_cooja/mtype967.a(channel.o)
 .debug_abbrev  0x00000000000011b2      0x267 obj_cooja/mtype967.a(chameleon-bitop)
 .debug_abbrev  0x0000000000001419      0x1f9 obj_cooja/mtype967.a(nullmac.o)
 .debug_abbrev  0x0000000000001612      0x35c obj_cooja/mtype967.a(tsch.o)
 .debug_abbrev  0x000000000000196e      0x301 obj_cooja/mtype967.a(tsch-queue.o)
 .debug_abbrev  0x0000000000001c6f      0x1f2 obj_cooja/mtype967.a(tsch-packet.o)
 .debug_abbrev  0x0000000000001e61      0x249 obj_cooja/mtype967.a(tsch-schedule.o)
 .debug_abbrev  0x00000000000020aa      0x244 obj_cooja/mtype967.a(process.o)
 .debug_abbrev  0x00000000000022ee       0xfb obj_cooja/mtype967.a(autostart.o)
 .debug_abbrev  0x00000000000023e9      0x190 obj_cooja/mtype967.a(serial-line.o)
 .debug_abbrev  0x0000000000002579       0xe4 obj_cooja/mtype967.a(memb.o)
 .debug_abbrev  0x000000000000265d      0x145 obj_cooja/mtype967.a(list.o)
 .debug_abbrev  0x00000000000027a2      0x1f1 obj_cooja/mtype967.a(etimer.o)
 .debug_abbrev  0x0000000000002993      0x1a1 obj_cooja/mtype967.a(ctimer.o)
 .debug_abbrev  0x0000000000002b34      0x134 obj_cooja/mtype967.a(rtimer.o)
 .debug_abbrev  0x0000000000002c68       0x6d obj_cooja/mtype967.a(random.o)
 .debug_abbrev  0x0000000000002cd5       0xdb obj_cooja/mtype967.a(ringbuf.o)
 .debug_abbrev  0x0000000000002db0       0xe2 obj_cooja/mtype967.a(ringbufindex.o)
 .debug_abbrev  0x0000000000002e92       0xdd obj_cooja/mtype967.a(netstack.o)
 .debug_abbrev  0x0000000000002f6f      0x235 obj_cooja/mtype967.a(packetbuf.o)
 .debug_abbrev  0x00000000000031a4      0x1f4 obj_cooja/mtype967.a(queuebuf.o)
 .debug_abbrev  0x0000000000003398       0xcb obj_cooja/mtype967.a(uip-debug.o)
 .debug_abbrev  0x0000000000003463      0x27c obj_cooja/mtype967.a(uip-ds6-nbr.o)
 .debug_abbrev  0x00000000000036df       0xc3 obj_cooja/mtype967.a(simEnvChange.o)
 .debug_abbrev  0x00000000000037a2       0xe6 obj_cooja/mtype967.a(cooja_mt.o)
 .debug_abbrev  0x0000000000003888      0x147 obj_cooja/mtype967.a(cooja_mtarch.o)
 .debug_abbrev  0x00000000000039cf       0xcc obj_cooja/mtype967.a(rtimer-arch.o)
 .debug_abbrev  0x0000000000003a9b       0xe3 obj_cooja/mtype967.a(beep.o)
 .debug_abbrev  0x0000000000003b7e      0x11c obj_cooja/mtype967.a(button-sensor.o)
 .debug_abbrev  0x0000000000003c9a       0xe1 obj_cooja/mtype967.a(leds-arch.o)
 .debug_abbrev  0x0000000000003d7b       0x9c obj_cooja/mtype967.a(moteid.o)
 .debug_abbrev  0x0000000000003e17       0xe6 obj_cooja/mtype967.a(pir-sensor.o)
 .debug_abbrev  0x0000000000003efd      0x160 obj_cooja/mtype967.a(rs232.o)
 .debug_abbrev  0x000000000000405d       0xe6 obj_cooja/mtype967.a(vib-sensor.o)
 .debug_abbrev  0x0000000000004143       0xee obj_cooja/mtype967.a(clock.o)
 .debug_abbrev  0x0000000000004231      0x146 obj_cooja/mtype967.a(log.o)
 .debug_abbrev  0x0000000000004377      0x158 obj_cooja/mtype967.a(cfs-cooja.o)
 .debug_abbrev  0x00000000000044cf      0x291 obj_cooja/mtype967.a(cooja-radio.o)
 .debug_abbrev  0x0000000000004760      0x1c2 obj_cooja/mtype967.a(sensors.o)
 .debug_abbrev  0x0000000000004922       0xbb obj_cooja/mtype967.a(leds.o)
 .debug_abbrev  0x00000000000049dd      0x148 obj_cooja/mtype967.a(frame802154.o)
 .debug_abbrev  0x0000000000004b25       0xa3 obj_cooja/mtype967.a(mac.o)
 .debug_abbrev  0x0000000000004bc8      0x18e obj_cooja/mtype967.a(framer-nullmac.)
 .debug_abbrev  0x0000000000004d56       0xf5 obj_cooja/mtype967.a(timer.o)
 .debug_abbrev  0x0000000000004e4b       0xd9 obj_cooja/mtype967.a(stimer.o)
 .debug_abbrev  0x0000000000004f24      0x1d4 obj_cooja/mtype967.a(nbr-table.o)

.debug_line     0x0000000000000000     0x4adc
 *(.debug_line .debug_line.* .debug_line_end)
 .debug_line    0x0000000000000000      0x167 advertiser.co
 .debug_line    0x0000000000000167      0x3ca obj_cooja/mtype967.o
 .debug_line    0x0000000000000531       0x81 obj_cooja/mtype967.a(rimeaddr.o)
 .debug_line    0x00000000000005b2      0x16b obj_cooja/mtype967.a(rime.o)
 .debug_line    0x000000000000071d       0x65 obj_cooja/mtype967.a(rimestats.o)
 .debug_line    0x0000000000000782      0x112 obj_cooja/mtype967.a(announcement.o)
 .debug_line    0x0000000000000894      0x1f2 obj_cooja/mtype967.a(broadcast-annou)
 .debug_line    0x0000000000000a86      0x107 obj_cooja/mtype967.a(broadcast.o)
 .debug_line    0x0000000000000b8d       0xdc obj_cooja/mtype967.a(abc.o)
 .debug_line    0x0000000000000c69       0xf0 obj_cooja/mtype967.a(chameleon.o)
 .debug_line    0x0000000000000d59       0xfd obj_cooja/mtype967.a(channel.o)
 .debug_line    0x0000000000000e56      0x20d obj_cooja/mtype967.a(chameleon-bitop)
 .debug_line    0x0000000000001063       0xf4 obj_cooja/mtype967.a(nullmac.o)
 .debug_line    0x0000000000001157      0x79b obj_cooja/mtype967.a(tsch.o)
 .debug_line    0x00000000000018f2      0x3da obj_cooja/mtype967.a(tsch-queue.o)
 .debug_line    0x0000000000001ccc      0x358 obj_cooja/mtype967.a(tsch-packet.o)
 .debug_line    0x0000000000002024      0x2fb obj_cooja/mtype967.a(tsch-schedule.o)
 .debug_line    0x000000000000231f      0x19c obj_cooja/mtype967.a(process.o)
 .debug_line    0x00000000000024bb       0xaf obj_cooja/mtype967.a(autostart.o)
 .debug_line    0x000000000000256a      0x11c obj_cooja/mtype967.a(serial-line.o)
 .debug_line    0x0000000000002686       0xf1 obj_cooja/mtype967.a(memb.o)
 .debug_line    0x0000000000002777      0x113 obj_cooja/mtype967.a(list.o)
 .debug_line    0x000000000000288a      0x1a5 obj_cooja/mtype967.a(etimer.o)
 .debug_line    0x0000000000002a2f      0x184 obj_cooja/mtype967.a(ctimer.o)
 .debug_line    0x0000000000002bb3       0xc6 obj_cooja/mtype967.a(rtimer.o)
 .debug_line    0x0000000000002c79       0x50 obj_cooja/mtype967.a(random.o)
 .debug_line    0x0000000000002cc9       0xab obj_cooja/mtype967.a(ringbuf.o)
 .debug_line    0x0000000000002d74       0xc9 obj_cooja/mtype967.a(ringbufindex.o)
 .debug_line    0x0000000000002e3d       0xb4 obj_cooja/mtype967.a(netstack.o)
 .debug_line    0x0000000000002ef1      0x167 obj_cooja/mtype967.a(packetbuf.o)
 .debug_line    0x0000000000003058      0x135 obj_cooja/mtype967.a(queuebuf.o)
 .debug_line    0x000000000000318d       0xaa obj_cooja/mtype967.a(uip-debug.o)
 .debug_line    0x0000000000003237      0x1e2 obj_cooja/mtype967.a(uip-ds6-nbr.o)
 .debug_line    0x0000000000003419       0xdc obj_cooja/mtype967.a(simEnvChange.o)
 .debug_line    0x00000000000034f5       0xcb obj_cooja/mtype967.a(cooja_mt.o)
 .debug_line    0x00000000000035c0      0x101 obj_cooja/mtype967.a(cooja_mtarch.o)
 .debug_line    0x00000000000036c1       0xb8 obj_cooja/mtype967.a(rtimer-arch.o)
 .debug_line    0x0000000000003779       0xc7 obj_cooja/mtype967.a(beep.o)
 .debug_line    0x0000000000003840      0x137 obj_cooja/mtype967.a(button-sensor.o)
 .debug_line    0x0000000000003977       0x92 obj_cooja/mtype967.a(leds-arch.o)
 .debug_line    0x0000000000003a09       0x89 obj_cooja/mtype967.a(moteid.o)
 .debug_line    0x0000000000003a92       0xc4 obj_cooja/mtype967.a(pir-sensor.o)
 .debug_line    0x0000000000003b56       0xc5 obj_cooja/mtype967.a(rs232.o)
 .debug_line    0x0000000000003c1b       0xc4 obj_cooja/mtype967.a(vib-sensor.o)
 .debug_line    0x0000000000003cdf       0xb9 obj_cooja/mtype967.a(clock.o)
 .debug_line    0x0000000000003d98      0x130 obj_cooja/mtype967.a(log.o)
 .debug_line    0x0000000000003ec8      0x10b obj_cooja/mtype967.a(cfs-cooja.o)
 .debug_line    0x0000000000003fd3      0x21e obj_cooja/mtype967.a(cooja-radio.o)
 .debug_line    0x00000000000041f1      0x13d obj_cooja/mtype967.a(sensors.o)
 .debug_line    0x000000000000432e       0x71 obj_cooja/mtype967.a(leds.o)
 .debug_line    0x000000000000439f      0x1d3 obj_cooja/mtype967.a(frame802154.o)
 .debug_line    0x0000000000004572       0x77 obj_cooja/mtype967.a(mac.o)
 .debug_line    0x00000000000045e9       0xf9 obj_cooja/mtype967.a(framer-nullmac.)
 .debug_line    0x00000000000046e2       0xac obj_cooja/mtype967.a(timer.o)
 .debug_line    0x000000000000478e       0x8a obj_cooja/mtype967.a(stimer.o)
 .debug_line    0x0000000000004818      0x2c4 obj_cooja/mtype967.a(nbr-table.o)

.debug_frame
 *(.debug_frame)

.debug_str      0x0000000000000000     0x55ca
 *(.debug_str)
 .debug_str     0x0000000000000000      0x29c advertiser.co
                                        0x311 (size before relaxing)
 .debug_str     0x000000000000029c     0x17d1 obj_cooja/mtype967.o
                                       0x1a3d (size before relaxing)
 .debug_str     0x0000000000001a6d       0x6a obj_cooja/mtype967.a(rimeaddr.o)
                                        0x185 (size before relaxing)
 .debug_str     0x0000000000001ad7      0x18e obj_cooja/mtype967.a(rime.o)
                                        0x3ae (size before relaxing)
 .debug_str     0x0000000000001c65       0x20 obj_cooja/mtype967.a(rimestats.o)
                                        0x14f (size before relaxing)
 .debug_str     0x0000000000001c85      0x19f obj_cooja/mtype967.a(announcement.o)
                                        0x313 (size before relaxing)
 .debug_str     0x0000000000001e24      0x1cd obj_cooja/mtype967.a(broadcast-annou)
                                        0x46b (size before relaxing)
 .debug_str     0x0000000000001ff1      0x34e obj_cooja/mtype967.a(broadcast.o)
                                        0x56f (size before relaxing)
 .debug_str     0x000000000000233f       0x49 obj_cooja/mtype967.a(abc.o)
                                        0x500 (size before relaxing)
 .debug_str     0x0000000000002388       0x97 obj_cooja/mtype967.a(chameleon.o)