Archive member included because of file (symbol)

contiki-sky.a(rimeaddr.o)     obj_sky/contiki-sky-main.o (rimeaddr_copy)
contiki-sky.a(nordc.o)        obj_sky/contiki-sky-main.o (nordc_driver)
contiki-sky.a(tsch.o)         advertiser.co (tsch_broadcast_address)
contiki-sky.a(tsch-queue.o)   contiki-sky.a(tsch.o) (tsch_queue_get_nbr)
contiki-sky.a(tsch-packet.o)  contiki-sky.a(tsch.o) (tsch_packet_parse_sync_ack)
contiki-sky.a(tsch-schedule.o)
                              advertiser.co (tsch_schedule_add_slotframe)
contiki-sky.a(tsch-log.o)     contiki-sky.a(tsch.o) (tsch_log_process_pending)
contiki-sky.a(process.o)      advertiser.co (process_current)
contiki-sky.a(autostart.o)    obj_sky/contiki-sky-main.o (autostart_start)
contiki-sky.a(memb.o)         contiki-sky.a(tsch-queue.o) (memb_init)
contiki-sky.a(list.o)         contiki-sky.a(tsch-queue.o) (list_init)
contiki-sky.a(etimer.o)       obj_sky/contiki-sky-main.o (etimer_process)
contiki-sky.a(ctimer.o)       obj_sky/contiki-sky-main.o (ctimer_init)
contiki-sky.a(energest.o)     obj_sky/contiki-sky-main.o (energest_init)
contiki-sky.a(rtimer.o)       obj_sky/contiki-sky-main.o (rtimer_init)
contiki-sky.a(random.o)       obj_sky/contiki-sky-main.o (random_init)
contiki-sky.a(ringbufindex.o)
                              contiki-sky.a(tsch.o) (ringbufindex_init)
contiki-sky.a(packetbuf.o)    contiki-sky.a(tsch.o) (packetbuf_set_datalen)
contiki-sky.a(queuebuf.o)     obj_sky/contiki-sky-main.o (queuebuf_init)
contiki-sky.a(sicslowpan.o)   obj_sky/contiki-sky-main.o (sicslowpan_driver)
contiki-sky.a(tcpip.o)        contiki-sky.a(sicslowpan.o) (tcpip_set_outputfunc)
contiki-sky.a(uip-debug.o)    contiki-sky.a(tsch-queue.o) (uip_debug_lladdr_print)
contiki-sky.a(uip-ds6-route.o)
                              contiki-sky.a(tcpip.o) (uip_ds6_route_nexthop)
contiki-sky.a(uip-ds6-nbr.o)  contiki-sky.a(tcpip.o) (uip_ds6_nbr_get_ll)
contiki-sky.a(uip-ds6.o)      contiki-sky.a(tcpip.o) (uip_ds6_is_addr_onlink)
contiki-sky.a(uip6.o)         contiki-sky.a(sicslowpan.o) (uip_aligned_buf)
contiki-sky.a(contiki-sky-pla)
                              obj_sky/contiki-sky-main.o (init_platform)
contiki-sky.a(button-sensor.o)
                              contiki-sky.a(contiki-sky-pla) (button_sensor)
contiki-sky.a(cc2420.o)       contiki-sky.a(tsch.o) (cc2420_on)
contiki-sky.a(ds2411.o)       obj_sky/contiki-sky-main.o (ds2411_init)
contiki-sky.a(xmem.o)         obj_sky/contiki-sky-main.o (xmem_init)
contiki-sky.a(node-id.o)      obj_sky/contiki-sky-main.o (node_id_restore)
contiki-sky.a(sensors.o)      contiki-sky.a(button-sensor.o) (sensors_changed)
contiki-sky.a(cc2420-arch.o)  contiki-sky.a(cc2420.o) (cc2420_arch_init)
contiki-sky.a(cc2420-arch-sfd)
                              contiki-sky.a(cc2420-arch.o) (cc2420_arch_sfd_init)
contiki-sky.a(uart1.o)        obj_sky/contiki-sky-main.o (uart1_active)
contiki-sky.a(uart1-putchar.o)
                              obj_sky/contiki-sky-main.o (putchar)
contiki-sky.a(msp430.o)       contiki-sky.a(uart1.o) (msp430_add_lpm_req)
contiki-sky.a(clock.o)        contiki-sky.a(etimer.o) (clock_time)
contiki-sky.a(leds.o)         obj_sky/contiki-sky-main.o (leds_init)
contiki-sky.a(leds-arch.o)    contiki-sky.a(leds.o) (leds_arch_init)
contiki-sky.a(watchdog.o)     obj_sky/contiki-sky-main.o (watchdog_start)
contiki-sky.a(rtimer-arch.o)  contiki-sky.a(rtimer.o) (rtimer_arch_init)
contiki-sky.a(frame802154.o)  contiki-sky.a(tsch-packet.o) (frame802154_parse)
contiki-sky.a(mac.o)          contiki-sky.a(tsch.o) (mac_call_sent_callback)
contiki-sky.a(framer-802154.o)
                              contiki-sky.a(tsch.o) (framer_802154)
contiki-sky.a(rpl.o)          contiki-sky.a(uip-ds6-nbr.o) (rpl_link_neighbor_callback)
contiki-sky.a(rpl-dag.o)      contiki-sky.a(rpl.o) (rpl_dag_init)
contiki-sky.a(rpl-icmp6.o)    contiki-sky.a(rpl.o) (dao_output_target)
contiki-sky.a(rpl-timers.o)   contiki-sky.a(rpl.o) (rpl_reset_periodic_timer)
contiki-sky.a(rpl-mrhof.o)    contiki-sky.a(rpl-dag.o) (rpl_mrhof)
contiki-sky.a(rpl-ext-header.)
                              contiki-sky.a(uip6.o) (rpl_verify_header)
contiki-sky.a(timer.o)        contiki-sky.a(etimer.o) (timer_set)
contiki-sky.a(stimer.o)       contiki-sky.a(uip-ds6-route.o) (stimer_set)
contiki-sky.a(nbr-table.o)    contiki-sky.a(uip-ds6-route.o) (nbr_table_register)
contiki-sky.a(uip-icmp6.o)    contiki-sky.a(uip6.o) (uip_icmp6_echo_request_input)
contiki-sky.a(spi.o)          contiki-sky.a(xmem.o) (spi_init)
contiki-sky.a(tsch-rpl.o)     contiki-sky.a(rpl-timers.o) (tsch_rpl_callback_new_dio_interval)
/usr/lib/gcc/msp430/4.6.3/mmpy-16/libgcc.a(_mulsi3.o)
                              contiki-sky.a(tsch.o) (__mulsi3)
/usr/lib/gcc/msp430/4.6.3/mmpy-16/libgcc.a(_udivmod16.o)
                              contiki-sky.a(rpl-icmp6.o) (__udivhi3)
/usr/lib/gcc/msp430/4.6.3/mmpy-16/libgcc.a(_divmod16.o)
                              contiki-sky.a(sicslowpan.o) (__divhi3)
[...]
Memory Configuration

Name             Origin             Length             Attributes
sfr              0x0000000000000000 0x0000000000000010
peripheral_8bit  0x0000000000000010 0x00000000000000f0
peripheral_16bit 0x0000000000000100 0x0000000000000100
ram_mirror       0x0000000000000200 0x0000000000000800 xw
infomem          0x0000000000001000 0x0000000000000100
infob            0x0000000000001000 0x0000000000000080
infoa            0x0000000000001080 0x0000000000000080
ram              0x0000000000001100 0x0000000000002800 xw
rom              0x0000000000004000 0x000000000000bfe0 xr
vectors          0x000000000000ffe0 0x0000000000000020
bsl              0x0000000000000000 0x0000000000000000
infoc            0x0000000000000000 0x0000000000000000
infod            0x0000000000000000 0x0000000000000000
ram2             0x0000000000000000 0x0000000000000000 xw
usbram           0x0000000000000000 0x0000000000000000 xw
far_rom          0x0000000000000000 0x0000000000000000
*default*        0x0000000000000000 0xffffffffffffffff

Linker script and memory map

LOAD /usr/lib/gcc/msp430/4.6.3/mmpy-16/crt0ivtbl16.o
LOAD advertiser.co
LOAD obj_sky/contiki-sky-main.o
LOAD contiki-sky.a
LOAD /usr/lib/gcc/msp430/4.6.3/mmpy-16/libgcc.a
LOAD /usr/lib/gcc/msp430/4.6.3/../../../../msp430/lib/mmpy-16/libc.a
LOAD /usr/lib/gcc/msp430/4.6.3/mmpy-16/libgcc.a
LOAD /usr/lib/gcc/msp430/4.6.3/mmpy-16/libcrt0.a
                0x0000000000000080                PROVIDE (__info_segment_size, 0x80)
                0x0000000000001000                PROVIDE (__infob, 0x1000)
                0x0000000000001080                PROVIDE (__infoa, 0x1080)
                0x0000000000000000                __IE1 = 0x0
                0x0000000000000002                __IFG1 = 0x2
                0x0000000000000004                __ME1 = 0x4
                0x0000000000000001                __IE2 = 0x1
                0x0000000000000003                __IFG2 = 0x3
                0x0000000000000005                __ME2 = 0x5
                0x0000000000000120                __WDTCTL = 0x120
                0x0000000000000130                __MPY = 0x130
                0x0000000000000132                __MPYS = 0x132
                0x0000000000000134                __MAC = 0x134
                0x0000000000000136                __MACS = 0x136
                0x0000000000000138                __OP2 = 0x138
                0x000000000000013a                __RESLO = 0x13a
                0x000000000000013c                __RESHI = 0x13c
                0x000000000000013e                __SUMEXT = 0x13e
                0x0000000000000020                __P1IN = 0x20
                0x0000000000000021                __P1OUT = 0x21
                0x0000000000000022                __P1DIR = 0x22
                0x0000000000000023                __P1IFG = 0x23
                0x0000000000000024                __P1IES = 0x24
                0x0000000000000025                __P1IE = 0x25
                0x0000000000000026                __P1SEL = 0x26
                0x0000000000000028                __P2IN = 0x28
                0x0000000000000029                __P2OUT = 0x29
                0x000000000000002a                __P2DIR = 0x2a
                0x000000000000002b                __P2IFG = 0x2b
                0x000000000000002c                __P2IES = 0x2c
                0x000000000000002d                __P2IE = 0x2d
                0x000000000000002e                __P2SEL = 0x2e
                0x0000000000000018                __P3IN = 0x18
                0x0000000000000019                __P3OUT = 0x19
                0x000000000000001a                __P3DIR = 0x1a
                0x000000000000001b                __P3SEL = 0x1b
                0x000000000000001c                __P4IN = 0x1c
                0x000000000000001d                __P4OUT = 0x1d
                0x000000000000001e                __P4DIR = 0x1e
                0x000000000000001f                __P4SEL = 0x1f
                0x0000000000000030                __P5IN = 0x30
                0x0000000000000031                __P5OUT = 0x31
                0x0000000000000032                __P5DIR = 0x32
                0x0000000000000033                __P5SEL = 0x33
                0x0000000000000034                __P6IN = 0x34
                0x0000000000000035                __P6OUT = 0x35
                0x0000000000000036                __P6DIR = 0x36
                0x0000000000000037                __P6SEL = 0x37
                0x0000000000000070                __U0CTL = 0x70
                0x0000000000000071                __U0TCTL = 0x71
                0x0000000000000072                __U0RCTL = 0x72
                0x0000000000000073                __U0MCTL = 0x73
                0x0000000000000074                __U0BR0 = 0x74
                0x0000000000000075                __U0BR1 = 0x75
                0x0000000000000076                __U0RXBUF = 0x76
                0x0000000000000077                __U0TXBUF = 0x77
                0x0000000000000078                __U1CTL = 0x78
                0x0000000000000079                __U1TCTL = 0x79
                0x000000000000007a                __U1RCTL = 0x7a
                0x000000000000007b                __U1MCTL = 0x7b
                0x000000000000007c                __U1BR0 = 0x7c
                0x000000000000007d                __U1BR1 = 0x7d
                0x000000000000007e                __U1RXBUF = 0x7e
                0x000000000000007f                __U1TXBUF = 0x7f
                0x0000000000000050                __I2CIE = 0x50
                0x0000000000000051                __I2CIFG = 0x51
                0x0000000000000052                __I2CNDAT = 0x52
                0x0000000000000071                __I2CTCTL = 0x71
                0x0000000000000072                __I2CDCTL = 0x72
                0x0000000000000073                __I2CPSC = 0x73
                0x0000000000000074                __I2CSCLH = 0x74
                0x0000000000000075                __I2CSCLL = 0x75
                0x0000000000000076                __I2CDRB = 0x76
                0x0000000000000076                __I2CDRW = 0x76
                0x0000000000000118                __I2COA = 0x118
                0x000000000000011a                __I2CSA = 0x11a
                0x000000000000011c                __I2CIV = 0x11c
                0x000000000000012e                __TAIV = 0x12e
                0x0000000000000160                __TACTL = 0x160
                0x0000000000000162                __TACCTL0 = 0x162
                0x0000000000000164                __TACCTL1 = 0x164
                0x0000000000000166                __TACCTL2 = 0x166
                0x0000000000000170                __TAR = 0x170
                0x0000000000000172                __TACCR0 = 0x172
                0x0000000000000174                __TACCR1 = 0x174
                0x0000000000000176                __TACCR2 = 0x176
                0x000000000000011e                __TBIV = 0x11e
                0x0000000000000180                __TBCTL = 0x180
                0x0000000000000182                __TBCCTL0 = 0x182
                0x0000000000000184                __TBCCTL1 = 0x184
                0x0000000000000186                __TBCCTL2 = 0x186
                0x0000000000000188                __TBCCTL3 = 0x188
                0x000000000000018a                __TBCCTL4 = 0x18a
                0x000000000000018c                __TBCCTL5 = 0x18c
                0x000000000000018e                __TBCCTL6 = 0x18e
                0x0000000000000190                __TBR = 0x190
                0x0000000000000192                __TBCCR0 = 0x192
                0x0000000000000194                __TBCCR1 = 0x194
                0x0000000000000196                __TBCCR2 = 0x196
                0x0000000000000198                __TBCCR3 = 0x198
                0x000000000000019a                __TBCCR4 = 0x19a
                0x000000000000019c                __TBCCR5 = 0x19c
                0x000000000000019e                __TBCCR6 = 0x19e
                0x0000000000000056                __DCOCTL = 0x56
                0x0000000000000057                __BCSCTL1 = 0x57
                0x0000000000000058                __BCSCTL2 = 0x58
                0x0000000000000055                __SVSCTL = 0x55
                0x0000000000000128                __FCTL1 = 0x128
                0x000000000000012a                __FCTL2 = 0x12a
                0x000000000000012c                __FCTL3 = 0x12c
                0x0000000000000059                __CACTL1 = 0x59
                0x000000000000005a                __CACTL2 = 0x5a
                0x000000000000005b                __CAPD = 0x5b
                0x00000000000001a0                __ADC12CTL0 = 0x1a0
                0x00000000000001a2                __ADC12CTL1 = 0x1a2
                0x00000000000001a4                __ADC12IFG = 0x1a4
                0x00000000000001a6                __ADC12IE = 0x1a6
                0x00000000000001a8                __ADC12IV = 0x1a8
                0x0000000000000140                __ADC12MEM0 = 0x140
                0x0000000000000142                __ADC12MEM1 = 0x142
                0x0000000000000144                __ADC12MEM2 = 0x144
                0x0000000000000146                __ADC12MEM3 = 0x146
                0x0000000000000148                __ADC12MEM4 = 0x148
                0x000000000000014a                __ADC12MEM5 = 0x14a
                0x000000000000014c                __ADC12MEM6 = 0x14c
                0x000000000000014e                __ADC12MEM7 = 0x14e
                0x0000000000000150                __ADC12MEM8 = 0x150
                0x0000000000000152                __ADC12MEM9 = 0x152
                0x0000000000000154                __ADC12MEM10 = 0x154
                0x0000000000000156                __ADC12MEM11 = 0x156
                0x0000000000000158                __ADC12MEM12 = 0x158
                0x000000000000015a                __ADC12MEM13 = 0x15a
                0x000000000000015c                __ADC12MEM14 = 0x15c
                0x000000000000015e                __ADC12MEM15 = 0x15e
                0x0000000000000080                __ADC12MCTL0 = 0x80
                0x0000000000000081                __ADC12MCTL1 = 0x81
                0x0000000000000082                __ADC12MCTL2 = 0x82
                0x0000000000000083                __ADC12MCTL3 = 0x83
                0x0000000000000084                __ADC12MCTL4 = 0x84
                0x0000000000000085                __ADC12MCTL5 = 0x85
                0x0000000000000086                __ADC12MCTL6 = 0x86
                0x0000000000000087                __ADC12MCTL7 = 0x87
                0x0000000000000088                __ADC12MCTL8 = 0x88
                0x0000000000000089                __ADC12MCTL9 = 0x89
                0x000000000000008a                __ADC12MCTL10 = 0x8a
                0x000000000000008b                __ADC12MCTL11 = 0x8b
                0x000000000000008c                __ADC12MCTL12 = 0x8c
                0x000000000000008d                __ADC12MCTL13 = 0x8d
                0x000000000000008e                __ADC12MCTL14 = 0x8e
                0x000000000000008f                __ADC12MCTL15 = 0x8f
                0x00000000000001c0                __DAC12_0CTL = 0x1c0
                0x00000000000001c2                __DAC12_1CTL = 0x1c2
                0x00000000000001c8                __DAC12_0DAT = 0x1c8
                0x00000000000001ca                __DAC12_1DAT = 0x1ca
                0x0000000000000122                __DMACTL0 = 0x122
                0x0000000000000124                __DMACTL1 = 0x124
                0x00000000000001e0                __DMA0CTL = 0x1e0
                0x00000000000001e8                __DMA1CTL = 0x1e8
                0x00000000000001f0                __DMA2CTL = 0x1f0
                0x00000000000001e2                __DMA0SA = 0x1e2
                0x00000000000001e4                __DMA0DA = 0x1e4
                0x00000000000001e6                __DMA0SZ = 0x1e6
                0x00000000000001ea                __DMA1SA = 0x1ea
                0x00000000000001ec                __DMA1DA = 0x1ec
                0x00000000000001ee                __DMA1SZ = 0x1ee
                0x00000000000001f2                __DMA2SA = 0x1f2
                0x00000000000001f4                __DMA2DA = 0x1f4
                0x00000000000001f6                __DMA2SZ = 0x1f6

.hash
 *(.hash)

.dynsym
 *(.dynsym)

.dynstr
 *(.dynstr)

.gnu.version
 *(.gnu.version)

.gnu.version_d
 *(.gnu.version_d)

.gnu.version_r
 *(.gnu.version_r)

.rel.init
 *(.rel.init)

.rela.init
 *(.rela.init)

.rel.fini
 *(.rel.fini)

.rela.fini
 *(.rela.fini)

.rel.text
 *(.rel.text .rel.text.* .rel.gnu.linkonce.t.*)

.rela.text
 *(.rela.text .rela.text.* .rela.gnu.linkonce.t.*)

.rel.rodata
 *(.rel.rodata .rel.rodata.* .rel.gnu.linkonce.r.*)

.rela.rodata
 *(.rela.rodata .rela.rodata.* .rela.gnu.linkonce.r.*)

.rel.data
 *(.rel.data .rel.data.* .rel.gnu.linkonce.d.*)

.rela.data
 *(.rela.data .rela.data.* .rela.gnu.linkonce.d.*)

.rel.bss
 *(.rel.bss .rel.bss.* .rel.gnu.linkonce.b.*)

.rela.bss
 *(.rela.bss .rela.bss.* .rela.gnu.linkonce.b.*)

.rel.ctors
 *(.rel.ctors)

.rela.ctors
 *(.rela.ctors)

.rel.dtors
 *(.rel.dtors)

.rela.dtors
 *(.rela.dtors)

.rel.got
 *(.rel.got)

.rela.got
 *(.rela.got)

.rel.plt
 *(.rel.plt)

.rela.plt
 *(.rela.plt)

.text           0x0000000000004000     0xaf5e
                0x0000000000004000                . = ALIGN (0x2)
 *(.init .init.*)
 *(.init0)
 .init0         0x0000000000004000        0x0 /usr/lib/gcc/msp430/4.6.3/mmpy-16/libcrt0.a(_reset_vector__.o)
                0x0000000000004000                _reset_vector__
 *(.init1)
 .init1         0x0000000000004000        0xc /usr/lib/gcc/msp430/4.6.3/mmpy-16/libcrt0.a(__watchdog_support.o)
                0x0000000000004000                __watchdog_support
 *(.init2)
 .init2         0x000000000000400c        0x4 /usr/lib/gcc/msp430/4.6.3/mmpy-16/libcrt0.a(__init_stack.o)
                0x000000000000400c                __init_stack
 *(.init3)
 .init3         0x0000000000004010        0x0 /usr/lib/gcc/msp430/4.6.3/mmpy-16/libcrt0.a(__low_level_init.o)
                0x0000000000004010                __low_level_init
 *(.init4)
 .init4         0x0000000000004010       0x18 /usr/lib/gcc/msp430/4.6.3/mmpy-16/libcrt0.a(_copy_data.o)
                0x0000000000004010                __do_copy_data
 .init4         0x0000000000004028       0x16 /usr/lib/gcc/msp430/4.6.3/mmpy-16/libcrt0.a(_clear_bss.o)
                0x0000000000004028                __do_clear_bss
 *(.init5)
 *(.init6)
 *(.init7)
 *(.init8)
 *(.init9)
 .init9         0x000000000000403e      0x314 obj_sky/contiki-sky-main.o
                0x000000000000403e                main
 *(.fini9)
 .fini9         0x0000000000004352        0x0 /usr/lib/gcc/msp430/4.6.3/mmpy-16/libcrt0.a(__stop_progExec__.o)
                0x0000000000004352                __stop_progExec__
 *(.fini8)
 *(.fini7)
 *(.fini6)
 *(.fini5)
 *(.fini4)
 *(.fini3)
 *(.fini2)
 *(.fini1)
 *(.fini0)
 .fini0         0x0000000000004352        0x6 /usr/lib/gcc/msp430/4.6.3/mmpy-16/libcrt0.a(_endless_loop__.o)
                0x0000000000004352                _endless_loop__
 *(.fini .fini.*)
                0x0000000000004358                . = ALIGN (0x2)
                0x0000000000004358                __ctors_start = .
 *(.ctors)
                0x0000000000004358                __ctors_end = .
                0x0000000000004358                __dtors_start = .
 *(.dtors)
                0x0000000000004358                __dtors_end = .
                0x0000000000004358                . = ALIGN (0x2)
 *(.text .text.* .gnu.linkonce.t.*)
 .text          0x0000000000004358        0x4 /usr/lib/gcc/msp430/4.6.3/mmpy-16/crt0ivtbl16.o
                0x0000000000004358                __isr_14
                0x0000000000004358                __isr_11
                0x0000000000004358                __isr_2
                0x0000000000004358                __isr_7
                0x0000000000004358                __isr_0
                0x0000000000004358                __isr_8
                0x0000000000004358                __isr_3
                0x0000000000004358                __isr_13
                0x0000000000004358                __isr_9
 .text.process_thread_advertising
                0x000000000000435c       0x84 advertiser.co
 .text.rimeaddr_copy
                0x00000000000043e0        0x8 contiki-sky.a(rimeaddr.o)
                0x00000000000043e0                rimeaddr_copy
 .text.rimeaddr_cmp
                0x00000000000043e8       0x12 contiki-sky.a(rimeaddr.o)
                0x00000000000043e8                rimeaddr_cmp
 .text.rimeaddr_set_node_addr
                0x00000000000043fa        0xc contiki-sky.a(rimeaddr.o)
                0x00000000000043fa                rimeaddr_set_node_addr
 .text.send_packet
                0x0000000000004406        0x2 contiki-sky.a(nordc.o)
 .text.send_list
                0x0000000000004408        0x2 contiki-sky.a(nordc.o)
 .text.packet_input
                0x000000000000440a        0x2 contiki-sky.a(nordc.o)
 .text.on       0x000000000000440c        0x4 contiki-sky.a(nordc.o)
 .text.off      0x0000000000004410        0x4 contiki-sky.a(nordc.o)
 .text.channel_check_interval
                0x0000000000004414        0x4 contiki-sky.a(nordc.o)
 .text.init     0x0000000000004418        0x2 contiki-sky.a(nordc.o)
 .text.off      0x000000000000441a        0x6 contiki-sky.a(tsch.o)
 .text.channel_check_interval
                0x0000000000004420        0x4 contiki-sky.a(tsch.o)
 .text.check_timer_miss
                0x0000000000004424       0x2e contiki-sky.a(tsch.o)
 .text.tsch_init_variables
                0x0000000000004452       0x36 contiki-sky.a(tsch.o)
 .text.turn_on  0x0000000000004488        0x4 contiki-sky.a(tsch.o)
 .text.turn_off
                0x000000000000448c        0x4 contiki-sky.a(tsch.o)
 .text.packet_input
                0x0000000000004490      0x112 contiki-sky.a(tsch.o)
 .text.send_packet
                0x00000000000045a2       0xc2 contiki-sky.a(tsch.o)
 .text.tsch_init
                0x0000000000004664       0x5a contiki-sky.a(tsch.o)
 .text.process_thread_tsch_pending_events_process
                0x00000000000046be       0xe4 contiki-sky.a(tsch.o)
 .text.process_thread_tsch_send_eb_process
                0x00000000000047a2      0x166 contiki-sky.a(tsch.o)
 .text.tsch_schedule_keepalive
                0x0000000000004908       0x40 contiki-sky.a(tsch.o)
 .text.keepalive_packet_sent
                0x0000000000004948       0x2e contiki-sky.a(tsch.o)
 .text.keepalive_send
                0x0000000000004976       0x4a contiki-sky.a(tsch.o)
 .text.tsch_schedule_link_operation.constprop.4
                0x00000000000049c0       0x82 contiki-sky.a(tsch.o)
 .text.tsch_is_locked
                0x0000000000004a42        0x6 contiki-sky.a(tsch.o)
                0x0000000000004a42                tsch_is_locked
 .text.tsch_get_lock
                0x0000000000004a48       0x78 contiki-sky.a(tsch.o)
                0x0000000000004a48                tsch_get_lock
 .text.tsch_release_lock
                0x0000000000004ac0        0x6 contiki-sky.a(tsch.o)
                0x0000000000004ac0                tsch_release_lock
 .text.tsch_calculate_channel
                0x0000000000004ac6       0x62 contiki-sky.a(tsch.o)
                0x0000000000004ac6                tsch_calculate_channel
 .text.hop_channel.constprop.8
                0x0000000000004b28       0x24 contiki-sky.a(tsch.o)
 .text.process_thread_tsch_process
                0x0000000000004b4c      0x2bc contiki-sky.a(tsch.o)
 .text.tsch_link_operation
                0x0000000000004e08      0x96e contiki-sky.a(tsch.o)
 .text.tsch_set_eb_period
                0x0000000000005776       0x64 contiki-sky.a(tsch.o)
                0x0000000000005776                tsch_set_eb_period
 .text.tsch_queue_get_nbr
                0x00000000000057da       0x3e contiki-sky.a(tsch-queue.o)
                0x00000000000057da                tsch_queue_get_nbr
 .text.tsch_queue_add_nbr
                0x0000000000005818       0x86 contiki-sky.a(tsch-queue.o)
                0x0000000000005818                tsch_queue_add_nbr
 .text.tsch_queue_get_time_source
                0x000000000000589e       0x26 contiki-sky.a(tsch-queue.o)
                0x000000000000589e                tsch_queue_get_time_source
 .text.tsch_queue_update_time_source
                0x00000000000058c4       0x64 contiki-sky.a(tsch-queue.o)
                0x00000000000058c4                tsch_queue_update_time_source
 .text.tsch_queue_add_packet
                0x0000000000005928       0xec contiki-sky.a(tsch-queue.o)
                0x0000000000005928                tsch_queue_add_packet
 .text.tsch_queue_packet_count
                0x0000000000005a14       0x26 contiki-sky.a(tsch-queue.o)
                0x0000000000005a14                tsch_queue_packet_count
 .text.tsch_queue_remove_packet_from_queue
                0x0000000000005a3a       0x32 contiki-sky.a(tsch-queue.o)
                0x0000000000005a3a                tsch_queue_remove_packet_from_queue
 .text.tsch_queue_free_packet
                0x0000000000005a6c       0x1c contiki-sky.a(tsch-queue.o)
                0x0000000000005a6c                tsch_queue_free_packet
 .text.tsch_queue_is_empty
                0x0000000000005a88       0x2c contiki-sky.a(tsch-queue.o)
                0x0000000000005a88                tsch_queue_is_empty
 .text.tsch_queue_remove_nbr
                0x0000000000005ab4       0x42 contiki-sky.a(tsch-queue.o)
 .text.tsch_queue_free_unused_neighbors
                0x0000000000005af6       0x4e contiki-sky.a(tsch-queue.o)
                0x0000000000005af6                tsch_queue_free_unused_neighbors
 .text.tsch_queue_get_packet_for_nbr
                0x0000000000005b44       0x42 contiki-sky.a(tsch-queue.o)
                0x0000000000005b44                tsch_queue_get_packet_for_nbr
 .text.tsch_queue_get_unicast_packet_for_any
                0x0000000000005b86       0x54 contiki-sky.a(tsch-queue.o)
                0x0000000000005b86                tsch_queue_get_unicast_packet_for_any
 .text.tsch_queue_backoff_reset
                0x0000000000005bda        0xa contiki-sky.a(tsch-queue.o)
                0x0000000000005bda                tsch_queue_backoff_reset
 .text.tsch_queue_backoff_inc
                0x0000000000005be4       0x60 contiki-sky.a(tsch-queue.o)
                0x0000000000005be4                tsch_queue_backoff_inc
 .text.tsch_queue_update_all_backoff_windows
                0x0000000000005c44       0x5e contiki-sky.a(tsch-queue.o)
                0x0000000000005c44                tsch_queue_update_all_backoff_windows
 .text.tsch_queue_init
                0x0000000000005ca2       0x4c contiki-sky.a(tsch-queue.o)
                0x0000000000005ca2                tsch_queue_init
 .text.tsch_packet_parse_sync_ack
                0x0000000000005cee       0xe2 contiki-sky.a(tsch-packet.o)
                0x0000000000005cee                tsch_packet_parse_sync_ack
 .text.tsch_packet_make_sync_ack
                0x0000000000005dd0       0xb8 contiki-sky.a(tsch-packet.o)
                0x0000000000005dd0                tsch_packet_make_sync_ack
 .text.tsch_packet_parse_frame_type_from_fcf_lsb
                0x0000000000005e88       0x50 contiki-sky.a(tsch-packet.o)
                0x0000000000005e88                tsch_packet_parse_frame_type_from_fcf_lsb
 .text.tsch_packet_parse_frame_type
                0x0000000000005ed8       0x1e contiki-sky.a(tsch-packet.o)
                0x0000000000005ed8                tsch_packet_parse_frame_type
 .text.tsch_packet_extract_addresses
                0x0000000000005ef6       0x9a contiki-sky.a(tsch-packet.o)
                0x0000000000005ef6                tsch_packet_extract_addresses
 .text.tsch_packet_make_eb
                0x0000000000005f90      0x100 contiki-sky.a(tsch-packet.o)
                0x0000000000005f90                tsch_packet_make_eb
 .text.tsch_packet_update_eb
                0x0000000000006090       0x68 contiki-sky.a(tsch-packet.o)
                0x0000000000006090                tsch_packet_update_eb
 .text.tsch_parse_eb
                0x00000000000060f8      0x156 contiki-sky.a(tsch-packet.o)
                0x00000000000060f8                tsch_parse_eb
 .text.tsch_schedule_get_slotframe_from_handle
                0x000000000000624e       0x2c contiki-sky.a(tsch-schedule.o)
                0x000000000000624e                tsch_schedule_get_slotframe_from_handle
 .text.tsch_schedule_add_slotframe
                0x000000000000627a       0x78 contiki-sky.a(tsch-schedule.o)
                0x000000000000627a                tsch_schedule_add_slotframe
 .text.tsch_schedule_get_link_from_timeslot
                0x00000000000062f2       0x36 contiki-sky.a(tsch-schedule.o)
                0x00000000000062f2                tsch_schedule_get_link_from_timeslot
 .text.tsch_schedule_add_link
                0x0000000000006328       0xd8 contiki-sky.a(tsch-schedule.o)
                0x0000000000006328                tsch_schedule_add_link
 .text.tsch_schedule_get_next_active_link
                0x0000000000006400       0xc0 contiki-sky.a(tsch-schedule.o)
                0x0000000000006400                tsch_schedule_get_next_active_link
 .text.tsch_schedule_create_minimal
                0x00000000000064c0       0x24 contiki-sky.a(tsch-schedule.o)
                0x00000000000064c0                tsch_schedule_create_minimal
 .text.tsch_log_process_pending
                0x00000000000064e4      0x19a contiki-sky.a(tsch-log.o)
                0x00000000000064e4                tsch_log_process_pending
 .text.tsch_log_prepare_add
                0x000000000000667e       0x4c contiki-sky.a(tsch-log.o)
                0x000000000000667e                tsch_log_prepare_add
 .text.tsch_log_commit
                0x00000000000066ca       0x12 contiki-sky.a(tsch-log.o)
                0x00000000000066ca                tsch_log_commit
 .text.tsch_log_init
                0x00000000000066dc        0xe contiki-sky.a(tsch-log.o)
                0x00000000000066dc                tsch_log_init
 .text.call_process
                0x00000000000066ea       0x48 contiki-sky.a(process.o)
 .text.exit_process
                0x0000000000006732       0x94 contiki-sky.a(process.o)
 .text.do_poll  0x00000000000067c6       0x30 contiki-sky.a(process.o)
 .text.process_alloc_event
                0x00000000000067f6        0xe contiki-sky.a(process.o)
                0x00000000000067f6                process_alloc_event
 .text.process_init
                0x0000000000006804       0x1c contiki-sky.a(process.o)
                0x0000000000006804                process_init
 .text.process_run
                0x0000000000006820       0xa2 contiki-sky.a(process.o)
                0x0000000000006820                process_run
 .text.process_nevents
                0x00000000000068c2        0xe contiki-sky.a(process.o)
                0x00000000000068c2                process_nevents
 .text.process_post
                0x00000000000068d0       0x54 contiki-sky.a(process.o)
                0x00000000000068d0                process_post
 .text.process_post_synch
                0x0000000000006924       0x12 contiki-sky.a(process.o)
                0x0000000000006924                process_post_synch
 .text.process_start
                0x0000000000006936       0x32 contiki-sky.a(process.o)
                0x0000000000006936                process_start
 .text.process_poll
                0x0000000000006968       0x18 contiki-sky.a(process.o)
                0x0000000000006968                process_poll
 .text.autostart_start
                0x0000000000006980       0x16 contiki-sky.a(autostart.o)
                0x0000000000006980                autostart_start
 .text.memb_init
                0x0000000000006996       0x36 contiki-sky.a(memb.o)
                0x0000000000006996                memb_init
 .text.memb_alloc
                0x00000000000069cc       0x3e contiki-sky.a(memb.o)
                0x00000000000069cc                memb_alloc
 .text.memb_free
                0x0000000000006a0a       0x3a contiki-sky.a(memb.o)
                0x0000000000006a0a                memb_free
 .text.memb_inmemb
                0x0000000000006a44       0x2e contiki-sky.a(memb.o)
                0x0000000000006a44                memb_inmemb
 .text.memb_numfree
                0x0000000000006a72       0x26 contiki-sky.a(memb.o)
                0x0000000000006a72                memb_numfree
 .text.list_init
                0x0000000000006a98        0x6 contiki-sky.a(list.o)
                0x0000000000006a98                list_init
 .text.list_head
                0x0000000000006a9e        0x4 contiki-sky.a(list.o)
                0x0000000000006a9e                list_head
 .text.list_tail
                0x0000000000006aa2       0x12 contiki-sky.a(list.o)
                0x0000000000006aa2                list_tail
 .text.list_remove
                0x0000000000006ab4       0x34 contiki-sky.a(list.o)
                0x0000000000006ab4                list_remove
 .text.list_push
                0x0000000000006ae8       0x1a contiki-sky.a(list.o)
                0x0000000000006ae8                list_push
 .text.list_add
                0x0000000000006b02       0x2a contiki-sky.a(list.o)
                0x0000000000006b02                list_add
 .text.list_length
                0x0000000000006b2c       0x10 contiki-sky.a(list.o)
                0x0000000000006b2c                list_length
 .text.list_item_next
                0x0000000000006b3c        0xc contiki-sky.a(list.o)
                0x0000000000006b3c                list_item_next
 .text.update_time
                0x0000000000006b48       0x78 contiki-sky.a(etimer.o)
 .text.etimer_request_poll
                0x0000000000006bc0        0xa contiki-sky.a(etimer.o)
                0x0000000000006bc0                etimer_request_poll
 .text.process_thread_etimer_process
                0x0000000000006bca       0xc8 contiki-sky.a(etimer.o)
 .text.add_timer
                0x0000000000006c92       0x40 contiki-sky.a(etimer.o)
 .text.etimer_set
                0x0000000000006cd2       0x12 contiki-sky.a(etimer.o)
                0x0000000000006cd2                etimer_set
 .text.etimer_reset
                0x0000000000006ce4       0x12 contiki-sky.a(etimer.o)
                0x0000000000006ce4                etimer_reset
 .text.etimer_expired
                0x0000000000006cf6        0xe contiki-sky.a(etimer.o)
                0x0000000000006cf6                etimer_expired
 .text.etimer_expiration_time
                0x0000000000006d04       0x14 contiki-sky.a(etimer.o)
                0x0000000000006d04                etimer_expiration_time
 .text.etimer_pending
                0x0000000000006d18        0xc contiki-sky.a(etimer.o)
                0x0000000000006d18                etimer_pending
 .text.etimer_next_expiration_time
                0x0000000000006d24       0x16 contiki-sky.a(etimer.o)
                0x0000000000006d24                etimer_next_expiration_time
 .text.etimer_stop
                0x0000000000006d3a       0x3c contiki-sky.a(etimer.o)
                0x0000000000006d3a                etimer_stop
 .text.process_thread_ctimer_process
                0x0000000000006d76       0xa4 contiki-sky.a(ctimer.o)
 .text.ctimer_init
                0x0000000000006e1a       0x18 contiki-sky.a(ctimer.o)
                0x0000000000006e1a                ctimer_init
 .text.ctimer_set
                0x0000000000006e32       0x50 contiki-sky.a(ctimer.o)
                0x0000000000006e32                ctimer_set
 .text.ctimer_reset
                0x0000000000006e82       0x3a contiki-sky.a(ctimer.o)
                0x0000000000006e82                ctimer_reset
 .text.ctimer_stop
                0x0000000000006ebc       0x28 contiki-sky.a(ctimer.o)
                0x0000000000006ebc                ctimer_stop
 .text.energest_init
                0x0000000000006ee4       0x28 contiki-sky.a(energest.o)
                0x0000000000006ee4                energest_init
 .text.energest_type_time
                0x0000000000006f0c       0x46 contiki-sky.a(energest.o)
                0x0000000000006f0c                energest_type_time
 .text.energest_type_set
                0x0000000000006f52        0xe contiki-sky.a(energest.o)
                0x0000000000006f52                energest_type_set
 .text.energest_flush
                0x0000000000006f60       0x48 contiki-sky.a(energest.o)
                0x0000000000006f60                energest_flush
 .text.rtimer_init
                0x0000000000006fa8        0x6 contiki-sky.a(rtimer.o)
                0x0000000000006fa8                rtimer_init
 .text.rtimer_set
                0x0000000000006fae       0x2e contiki-sky.a(rtimer.o)
                0x0000000000006fae                rtimer_set
 .text.rtimer_run_next
                0x0000000000006fdc       0x2e contiki-sky.a(rtimer.o)
                0x0000000000006fdc                rtimer_run_next
 .text.random_init
                0x000000000000700a        0x6 contiki-sky.a(random.o)
                0x000000000000700a                random_init
 .text.random_rand
                0x0000000000007010        0x6 contiki-sky.a(random.o)
                0x0000000000007010                random_rand
 .text.ringbufindex_init
                0x0000000000007016       0x10 contiki-sky.a(ringbufindex.o)
                0x0000000000007016                ringbufindex_init
 .text.ringbufindex_put
                0x0000000000007026       0x28 contiki-sky.a(ringbufindex.o)
                0x0000000000007026                ringbufindex_put
 .text.ringbufindex_peek_put
                0x000000000000704e       0x20 contiki-sky.a(ringbufindex.o)
                0x000000000000704e                ringbufindex_peek_put
 .text.ringbufindex_get
                0x000000000000706e       0x2c contiki-sky.a(ringbufindex.o)
                0x000000000000706e                ringbufindex_get
 .text.ringbufindex_peek_get
                0x000000000000709a       0x1c contiki-sky.a(ringbufindex.o)
                0x000000000000709a                ringbufindex_peek_get
 .text.ringbufindex_elements
                0x00000000000070b6       0x10 contiki-sky.a(ringbufindex.o)
                0x00000000000070b6                ringbufindex_elements
 .text.ringbufindex_empty
                0x00000000000070c6       0x16 contiki-sky.a(ringbufindex.o)
                0x00000000000070c6                ringbufindex_empty
 .text.packetbuf_copyto_hdr
                0x00000000000070dc       0x1c contiki-sky.a(packetbuf.o)
                0x00000000000070dc                packetbuf_copyto_hdr
 .text.packetbuf_copyto
                0x00000000000070f8       0x52 contiki-sky.a(packetbuf.o)
                0x00000000000070f8                packetbuf_copyto
 .text.packetbuf_hdrreduce
                0x000000000000714a       0x1a contiki-sky.a(packetbuf.o)
                0x000000000000714a                packetbuf_hdrreduce
 .text.packetbuf_set_datalen
                0x0000000000007164        0x6 contiki-sky.a(packetbuf.o)
                0x0000000000007164                packetbuf_set_datalen
 .text.packetbuf_dataptr
                0x000000000000716a        0xe contiki-sky.a(packetbuf.o)
                0x000000000000716a                packetbuf_dataptr
 .text.packetbuf_hdrptr
                0x0000000000007178        0xa contiki-sky.a(packetbuf.o)
                0x0000000000007178                packetbuf_hdrptr
 .text.packetbuf_is_reference
                0x0000000000007182        0xe contiki-sky.a(packetbuf.o)
                0x0000000000007182                packetbuf_is_reference
 .text.packetbuf_reference_ptr
                0x0000000000007190        0x6 contiki-sky.a(packetbuf.o)
                0x0000000000007190                packetbuf_reference_ptr
 .text.packetbuf_datalen
                0x0000000000007196        0x6 contiki-sky.a(packetbuf.o)
                0x0000000000007196                packetbuf_datalen
 .text.packetbuf_totlen
                0x000000000000719c       0x10 contiki-sky.a(packetbuf.o)
                0x000000000000719c                packetbuf_totlen
 .text.packetbuf_hdralloc
                0x00000000000071ac       0x2e contiki-sky.a(packetbuf.o)
                0x00000000000071ac                packetbuf_hdralloc
 .text.packetbuf_attr_clear
                0x00000000000071da       0x3e contiki-sky.a(packetbuf.o)
                0x00000000000071da                packetbuf_attr_clear
 .text.packetbuf_clear
                0x0000000000007218       0x1a contiki-sky.a(packetbuf.o)
                0x0000000000007218                packetbuf_clear
 .text.packetbuf_copyfrom
                0x0000000000007232       0x2e contiki-sky.a(packetbuf.o)
                0x0000000000007232                packetbuf_copyfrom
 .text.packetbuf_attr_copyto
                0x0000000000007260       0x22 contiki-sky.a(packetbuf.o)
                0x0000000000007260                packetbuf_attr_copyto
 .text.packetbuf_attr_copyfrom
                0x0000000000007282       0x24 contiki-sky.a(packetbuf.o)
                0x0000000000007282                packetbuf_attr_copyfrom
 .text.queuebuf_init
                0x00000000000072a6       0x1a contiki-sky.a(queuebuf.o)
                0x00000000000072a6                queuebuf_init
 .text.queuebuf_numfree
                0x00000000000072c0       0x1c contiki-sky.a(queuebuf.o)
                0x00000000000072c0                queuebuf_numfree
 .text.queuebuf_new_from_packetbuf
                0x00000000000072dc       0x88 contiki-sky.a(queuebuf.o)
                0x00000000000072dc                queuebuf_new_from_packetbuf
 .text.queuebuf_free
                0x0000000000007364       0x40 contiki-sky.a(queuebuf.o)
                0x0000000000007364                queuebuf_free
 .text.queuebuf_to_packetbuf
                0x00000000000073a4       0x6e contiki-sky.a(queuebuf.o)
                0x00000000000073a4                queuebuf_to_packetbuf
 .text.queuebuf_dataptr
                0x0000000000007412       0x30 contiki-sky.a(queuebuf.o)
                0x0000000000007412                queuebuf_dataptr
 .text.queuebuf_datalen
                0x0000000000007442        0x8 contiki-sky.a(queuebuf.o)
                0x0000000000007442                queuebuf_datalen
 .text.queuebuf_addr
                0x000000000000744a       0x14 contiki-sky.a(queuebuf.o)
                0x000000000000744a                queuebuf_addr
 .text.addr_context_lookup_by_number
                0x000000000000745e       0x36 contiki-sky.a(sicslowpan.o)
 .text.compress_addr_64
                0x0000000000007494       0xae contiki-sky.a(sicslowpan.o)
 .text.uncompress_addr
                0x0000000000007542       0xb4 contiki-sky.a(sicslowpan.o)
 .text.input    0x00000000000075f6      0x690 contiki-sky.a(sicslowpan.o)
 .text.sicslowpan_init
                0x0000000000007c86       0x26 contiki-sky.a(sicslowpan.o)
                0x0000000000007c86                sicslowpan_init
 .text.addr_context_lookup_by_prefix
                0x0000000000007cac       0x4c contiki-sky.a(sicslowpan.o)
 .text.send_packet
                0x0000000000007cf8       0x6a contiki-sky.a(sicslowpan.o)
 .text.output   0x0000000000007d62      0x710 contiki-sky.a(sicslowpan.o)
 .text.packet_sent
                0x0000000000008472       0x72 contiki-sky.a(sicslowpan.o)
 .text.tcpip_output
                0x00000000000084e4       0x10 contiki-sky.a(tcpip.o)
                0x00000000000084e4                tcpip_output
 .text.tcpip_set_outputfunc
                0x00000000000084f4        0x6 contiki-sky.a(tcpip.o)
                0x00000000000084f4                tcpip_set_outputfunc
 .text.tcpip_input
                0x00000000000084fa       0x16 contiki-sky.a(tcpip.o)
                0x00000000000084fa                tcpip_input
 .text.tcpip_ipv6_output
                0x0000000000008510      0x12a contiki-sky.a(tcpip.o)
                0x0000000000008510                tcpip_ipv6_output
 .text.process_thread_tcpip_process
                0x000000000000863a       0xc2 contiki-sky.a(tcpip.o)
 .text.tcpip_uipcall
                0x00000000000086fc       0x2a contiki-sky.a(tcpip.o)
                0x00000000000086fc                tcpip_uipcall
 .text.call_route_callback
                0x0000000000008726       0x4c contiki-sky.a(uip-ds6-route.o)
 .text.uip_ds6_route_init
                0x0000000000008772       0x2e contiki-sky.a(uip-ds6-route.o)
                0x0000000000008772                uip_ds6_route_init
 .text.uip_ds6_route_nexthop
                0x00000000000087a0       0x1a contiki-sky.a(uip-ds6-route.o)
                0x00000000000087a0                uip_ds6_route_nexthop
 .text.uip_ds6_route_head
                0x00000000000087ba       0x28 contiki-sky.a(uip-ds6-route.o)
                0x00000000000087ba                uip_ds6_route_head
 .text.uip_ds6_route_next
                0x00000000000087e2       0x3a contiki-sky.a(uip-ds6-route.o)
                0x00000000000087e2                uip_ds6_route_next
 .text.assert_nbr_routes_list_sane
                0x000000000000881c       0x46 contiki-sky.a(uip-ds6-route.o)
 .text.uip_ds6_route_lookup
                0x0000000000008862       0x5e contiki-sky.a(uip-ds6-route.o)
                0x0000000000008862                uip_ds6_route_lookup
 .text.uip_ds6_route_add
                0x00000000000088c0       0xe2 contiki-sky.a(uip-ds6-route.o)
                0x00000000000088c0                uip_ds6_route_add
 .text.uip_ds6_route_rm
                0x00000000000089a2       0x68 contiki-sky.a(uip-ds6-route.o)
                0x00000000000089a2                uip_ds6_route_rm
 .text.rm_routelist
                0x0000000000008a0a       0x38 contiki-sky.a(uip-ds6-route.o)
 .text.rm_routelist_callback
                0x0000000000008a42        0x6 contiki-sky.a(uip-ds6-route.o)
 .text.uip_ds6_defrt_rm
                0x0000000000008a48       0x60 contiki-sky.a(uip-ds6-route.o)
                0x0000000000008a48                uip_ds6_defrt_rm
 .text.uip_ds6_defrt_lookup
                0x0000000000008aa8       0x36 contiki-sky.a(uip-ds6-route.o)
                0x0000000000008aa8                uip_ds6_defrt_lookup
 .text.uip_ds6_defrt_add
                0x0000000000008ade       0x8e contiki-sky.a(uip-ds6-route.o)
                0x0000000000008ade                uip_ds6_defrt_add
 .text.uip_ds6_defrt_choose
                0x0000000000008b6c       0x3a contiki-sky.a(uip-ds6-route.o)
                0x0000000000008b6c                uip_ds6_defrt_choose
 .text.uip_ds6_defrt_periodic
                0x0000000000008ba6       0x38 contiki-sky.a(uip-ds6-route.o)
                0x0000000000008ba6                uip_ds6_defrt_periodic
 .text.uip_ds6_nbr_rm
                0x0000000000008bde       0x1a contiki-sky.a(uip-ds6-nbr.o)
                0x0000000000008bde                uip_ds6_nbr_rm
 .text.uip_ds6_neighbors_init
                0x0000000000008bf8        0xe contiki-sky.a(uip-ds6-nbr.o)
                0x0000000000008bf8                uip_ds6_neighbors_init
 .text.uip_ds6_nbr_add
                0x0000000000008c06       0x60 contiki-sky.a(uip-ds6-nbr.o)
                0x0000000000008c06                uip_ds6_nbr_add
 .text.uip_ds6_nbr_get_ll
                0x0000000000008c66        0xc contiki-sky.a(uip-ds6-nbr.o)
                0x0000000000008c66                uip_ds6_nbr_get_ll
 .text.uip_ds6_nbr_lookup
                0x0000000000008c72       0x42 contiki-sky.a(uip-ds6-nbr.o)
                0x0000000000008c72                uip_ds6_nbr_lookup
 .text.uip_ds6_nbr_ll_lookup
                0x0000000000008cb4        0xc contiki-sky.a(uip-ds6-nbr.o)
                0x0000000000008cb4                uip_ds6_nbr_ll_lookup
 .text.uip_ds6_nbr_ipaddr_from_lladdr
                0x0000000000008cc0        0x6 contiki-sky.a(uip-ds6-nbr.o)
                0x0000000000008cc0                uip_ds6_nbr_ipaddr_from_lladdr
 .text.uip_ds6_nbr_lladdr_from_ipaddr
                0x0000000000008cc6       0x12 contiki-sky.a(uip-ds6-nbr.o)
                0x0000000000008cc6                uip_ds6_nbr_lladdr_from_ipaddr
 .text.uip_ds6_link_neighbor_callback
                0x0000000000008cd8       0x2a contiki-sky.a(uip-ds6-nbr.o)
                0x0000000000008cd8                uip_ds6_link_neighbor_callback
 .text.uip_ds6_neighbor_periodic
                0x0000000000008d02       0x38 contiki-sky.a(uip-ds6-nbr.o)
                0x0000000000008d02                uip_ds6_neighbor_periodic
 .text.uip_ds6_list_loop
                0x0000000000008d3a       0x86 contiki-sky.a(uip-ds6.o)
                0x0000000000008d3a                uip_ds6_list_loop
 .text.uip_ds6_prefix_add
                0x0000000000008dc0       0x80 contiki-sky.a(uip-ds6.o)
                0x0000000000008dc0                uip_ds6_prefix_add
 .text.uip_ds6_is_addr_onlink
                0x0000000000008e40       0x54 contiki-sky.a(uip-ds6.o)
                0x0000000000008e40                uip_ds6_is_addr_onlink
 .text.uip_ds6_addr_lookup
                0x0000000000008e94       0x28 contiki-sky.a(uip-ds6.o)
                0x0000000000008e94                uip_ds6_addr_lookup
 .text.uip_ds6_get_link_local
                0x0000000000008ebc       0x3e contiki-sky.a(uip-ds6.o)
                0x0000000000008ebc                uip_ds6_get_link_local
 .text.uip_ds6_maddr_add
                0x0000000000008efa       0x4a contiki-sky.a(uip-ds6.o)
                0x0000000000008efa                uip_ds6_maddr_add
 .text.uip_ds6_addr_add
                0x0000000000008f44       0xc2 contiki-sky.a(uip-ds6.o)
                0x0000000000008f44                uip_ds6_addr_add
 .text.uip_ds6_maddr_lookup
                0x0000000000009006       0x28 contiki-sky.a(uip-ds6.o)
                0x0000000000009006                uip_ds6_maddr_lookup
 .text.uip_ds6_addr_rm
                0x000000000000902e       0x54 contiki-sky.a(uip-ds6.o)
                0x000000000000902e                uip_ds6_addr_rm
 .text.uip_ds6_periodic
                0x0000000000009082       0x4a contiki-sky.a(uip-ds6.o)
                0x0000000000009082                uip_ds6_periodic
 .text.uip_ds6_set_addr_iid
                0x00000000000090cc       0x14 contiki-sky.a(uip-ds6.o)
                0x00000000000090cc                uip_ds6_set_addr_iid
 .text.get_match_length
                0x00000000000090e0       0x3e contiki-sky.a(uip-ds6.o)
                0x00000000000090e0                get_match_length
 .text.uip_ds6_select_src
                0x000000000000911e       0xaa contiki-sky.a(uip-ds6.o)
                0x000000000000911e                uip_ds6_select_src
 .text.uip_ds6_compute_reachable_time
                0x00000000000091c8       0x3e contiki-sky.a(uip-ds6.o)
                0x00000000000091c8                uip_ds6_compute_reachable_time
 .text.uip_ds6_init
                0x0000000000009206      0x154 contiki-sky.a(uip-ds6.o)
                0x0000000000009206                uip_ds6_init
 .text.chksum   0x000000000000935a       0x32 contiki-sky.a(uip6.o)
 .text.upper_layer_chksum
                0x000000000000938c       0x56 contiki-sky.a(uip6.o)
 .text.ext_hdr_options_process
                0x00000000000093e2       0xda contiki-sky.a(uip6.o)
 .text.uip_icmp6chksum
                0x00000000000094bc        0xa contiki-sky.a(uip6.o)
                0x00000000000094bc                uip_icmp6chksum
 .text.uip_udpchksum
                0x00000000000094c6        0xa contiki-sky.a(uip6.o)
                0x00000000000094c6                uip_udpchksum
 .text.uip_init
                0x00000000000094d0       0x14 contiki-sky.a(uip6.o)
                0x00000000000094d0                uip_init
 .text.remove_ext_hdr
                0x00000000000094e4       0x5a contiki-sky.a(uip6.o)
                0x00000000000094e4                remove_ext_hdr
 .text.uip_process
                0x000000000000953e      0x4ca contiki-sky.a(uip6.o)
                0x000000000000953e                uip_process
 .text.uip_htonl
                0x0000000000009a08       0x2e contiki-sky.a(uip6.o)
                0x0000000000009a08                uip_htonl
 .text.init_platform
                0x0000000000009a36        0xc contiki-sky.a(contiki-sky-pla)
                0x0000000000009a36                init_platform
 .text.status   0x0000000000009a42       0x16 contiki-sky.a(button-sensor.o)
 .text.configure
                0x0000000000009a58       0x52 contiki-sky.a(button-sensor.o)
 .text.value    0x0000000000009aaa       0x22 contiki-sky.a(button-sensor.o)
 .text.irq_p2   0x0000000000009acc       0x8a contiki-sky.a(button-sensor.o)
                0x0000000000009acc                irq_p2
                0x0000000000009acc                __isr_1
 .text.strobe   0x0000000000009b56       0x20 contiki-sky.a(cc2420.o)
 .text.status   0x0000000000009b76       0x26 contiki-sky.a(cc2420.o)
 .text.getreg   0x0000000000009b9c       0x54 contiki-sky.a(cc2420.o)
 .text.setreg   0x0000000000009bf0       0x52 contiki-sky.a(cc2420.o)
 .text.cc2420_receiving_packet
                0x0000000000009c42        0xe contiki-sky.a(cc2420.o)
 .text.pending_packet
                0x0000000000009c50        0x8 contiki-sky.a(cc2420.o)
 .text.on       0x0000000000009c58       0x48 contiki-sky.a(cc2420.o)
 .text.flushrx  0x0000000000009ca0       0x7a contiki-sky.a(cc2420.o)
 .text.off      0x0000000000009d1a       0x7a contiki-sky.a(cc2420.o)
 .text.RELEASE_LOCK
                0x0000000000009d94       0x28 contiki-sky.a(cc2420.o)
 .text.cc2420_prepare
                0x0000000000009dbc       0x8a contiki-sky.a(cc2420.o)
 .text.getrxdata
                0x0000000000009e46       0x56 contiki-sky.a(cc2420.o)
 .text.cc2420_on
                0x0000000000009e9c       0x22 contiki-sky.a(cc2420.o)
                0x0000000000009e9c                cc2420_on
 .text.cc2420_transmit
                0x0000000000009ebe       0xe0 contiki-sky.a(cc2420.o)
 .text.cc2420_send
                0x0000000000009f9e       0x12 contiki-sky.a(cc2420.o)
 .text.cc2420_off
                0x0000000000009fb0       0x30 contiki-sky.a(cc2420.o)
                0x0000000000009fb0                cc2420_off
 .text.cc2420_cca
                0x0000000000009fe0       0x74 contiki-sky.a(cc2420.o)
 .text.cc2420_read
                0x000000000000a054       0xfe contiki-sky.a(cc2420.o)
 .text.process_thread_cc2420_process
                0x000000000000a152       0x58 contiki-sky.a(cc2420.o)
 .text.cc2420_set_channel
                0x000000000000a1aa       0x78 contiki-sky.a(cc2420.o)
                0x000000000000a1aa                cc2420_set_channel
 .text.cc2420_set_pan_addr
                0x000000000000a222      0x14a contiki-sky.a(cc2420.o)
                0x000000000000a222                cc2420_set_pan_addr
 .text.cc2420_interrupt
                0x000000000000a36c       0x20 contiki-sky.a(cc2420.o)
                0x000000000000a36c                cc2420_interrupt
 .text.cc2420_set_txpower
                0x000000000000a38c       0x2e contiki-sky.a(cc2420.o)
                0x000000000000a38c                cc2420_set_txpower
 .text.cc2420_set_cca_threshold
                0x000000000000a3ba       0x16 contiki-sky.a(cc2420.o)
                0x000000000000a3ba                cc2420_set_cca_threshold
 .text.cc2420_sfd_sync
                0x000000000000a3d0       0x48 contiki-sky.a(cc2420.o)
                0x000000000000a3d0                cc2420_sfd_sync
 .text.cc2420_read_sfd_timer
                0x000000000000a418        0x6 contiki-sky.a(cc2420.o)
                0x000000000000a418                cc2420_read_sfd_timer
 .text.cc2420_address_decode
                0x000000000000a41e       0x74 contiki-sky.a(cc2420.o)
                0x000000000000a41e                cc2420_address_decode
 .text.cc2420_set_interrupt_enable
                0x000000000000a492       0x4a contiki-sky.a(cc2420.o)
                0x000000000000a492                cc2420_set_interrupt_enable
 .text.cc2420_init
                0x000000000000a4dc      0x11e contiki-sky.a(cc2420.o)
                0x000000000000a4dc                cc2420_init
 .text.owreadb  0x000000000000a5fa       0x52 contiki-sky.a(ds2411.o)
 .text.ds2411_init
                0x000000000000a64c      0x122 contiki-sky.a(ds2411.o)
                0x000000000000a64c                ds2411_init
 .text.wait_ready
                0x000000000000a76e       0x50 contiki-sky.a(xmem.o)
 .text.xmem_init
                0x000000000000a7be       0x3e contiki-sky.a(xmem.o)
                0x000000000000a7be                xmem_init
 .text.xmem_pread
                0x000000000000a7fc       0xea contiki-sky.a(xmem.o)
                0x000000000000a7fc                xmem_pread
 .text.node_id_restore
                0x000000000000a8e6       0x38 contiki-sky.a(node-id.o)
                0x000000000000a8e6                node_id_restore
 .text.process_thread_sensors_process
                0x000000000000a91e       0xbe contiki-sky.a(sensors.o)
 .text.sensors_changed
                0x000000000000a9dc       0x2a contiki-sky.a(sensors.o)
                0x000000000000a9dc                sensors_changed
 .text.cc2420_port1_interrupt
                0x000000000000aa06       0x62 contiki-sky.a(cc2420-arch.o)
                0x000000000000aa06                __isr_4
                0x000000000000aa06                cc2420_port1_interrupt
 .text.cc2420_arch_init
                0x000000000000aa68       0x1e contiki-sky.a(cc2420-arch.o)
                0x000000000000aa68                cc2420_arch_init
 .text.cc2420_timerb1_interrupt
                0x000000000000aa86       0x70 contiki-sky.a(cc2420-arch-sfd)
                0x000000000000aa86                cc2420_timerb1_interrupt
                0x000000000000aa86                __isr_12
 .text.cc2420_arch_sfd_init
                0x000000000000aaf6       0x26 contiki-sky.a(cc2420-arch-sfd)
                0x000000000000aaf6                cc2420_arch_sfd_init
 .text.uart1_active
                0x000000000000ab1c       0x1a contiki-sky.a(uart1.o)
                0x000000000000ab1c                uart1_active
 .text.uart1_writeb
                0x000000000000ab36       0x1a contiki-sky.a(uart1.o)
                0x000000000000ab36                uart1_writeb
 .text.uart1_init
                0x000000000000ab50       0xf6 contiki-sky.a(uart1.o)
                0x000000000000ab50                uart1_init
 .text.putchar  0x000000000000ac46       0x10 contiki-sky.a(uart1-putchar.o)
                0x000000000000ac46                putchar
 .text.msp430_init_dco
                0x000000000000ac56       0x84 contiki-sky.a(msp430.o)
                0x000000000000ac56                msp430_init_dco
 .text.msp430_add_lpm_req
                0x000000000000acda        0xc contiki-sky.a(msp430.o)
                0x000000000000acda                msp430_add_lpm_req
 .text.msp430_cpu_init
                0x000000000000ace6       0x2a contiki-sky.a(msp430.o)
                0x000000000000ace6                msp430_cpu_init
 .text.splhigh_
                0x000000000000ad10        0x8 contiki-sky.a(msp430.o)
                0x000000000000ad10                splhigh_
 .text.timera1  0x000000000000ad18       0xfe contiki-sky.a(clock.o)
                0x000000000000ad18                __isr_5
                0x000000000000ad18                timera1
 .text.clock_time
                0x000000000000ae16       0x1a contiki-sky.a(clock.o)
                0x000000000000ae16                clock_time
 .text.clock_init
                0x000000000000ae30       0x28 contiki-sky.a(clock.o)
                0x000000000000ae30                clock_init
 .text.clock_delay
                0x000000000000ae58        0xc contiki-sky.a(clock.o)
                0x000000000000ae58                clock_delay
 .text.clock_seconds
                0x000000000000ae64       0x1a contiki-sky.a(clock.o)
                0x000000000000ae64                clock_seconds
 .text.show_leds
                0x000000000000ae7e      0x100 contiki-sky.a(leds.o)
 .text.leds_init
                0x000000000000af7e        0xe contiki-sky.a(leds.o)
                0x000000000000af7e                leds_init
 .text.leds_on  0x000000000000af8c       0x14 contiki-sky.a(leds.o)
                0x000000000000af8c                leds_on
 .text.leds_off
                0x000000000000afa0       0x14 contiki-sky.a(leds.o)
                0x000000000000afa0                leds_off
 .text.leds_invert
                0x000000000000afb4        0xa contiki-sky.a(leds.o)
                0x000000000000afb4                leds_invert
 .text.leds_blink
                0x000000000000afbe       0x24 contiki-sky.a(leds.o)
                0x000000000000afbe                leds_blink
 .text.leds_arch_init
                0x000000000000afe2        0xe contiki-sky.a(leds-arch.o)
                0x000000000000afe2                leds_arch_init
 .text.leds_arch_set
                0x000000000000aff0       0x3a contiki-sky.a(leds-arch.o)
                0x000000000000aff0                leds_arch_set
 .text.watchdog_interrupt
                0x000000000000b02a        0x6 contiki-sky.a(watchdog.o)
                0x000000000000b02a                __isr_10
                0x000000000000b02a                watchdog_interrupt
 .text.watchdog_start
                0x000000000000b030       0x14 contiki-sky.a(watchdog.o)
                0x000000000000b030                watchdog_start
 .text.watchdog_periodic
                0x000000000000b044       0x12 contiki-sky.a(watchdog.o)
                0x000000000000b044                watchdog_periodic
 .text.watchdog_stop
                0x000000000000b056       0x16 contiki-sky.a(watchdog.o)
                0x000000000000b056                watchdog_stop
 .text.watchdog_init
                0x000000000000b06c       0x14 contiki-sky.a(watchdog.o)
                0x000000000000b06c                watchdog_init
 .text.rtimer_arch_init
                0x000000000000b080        0xe contiki-sky.a(rtimer-arch.o)
                0x000000000000b080                rtimer_arch_init
 .text.rtimer_arch_now
                0x000000000000b08e        0xe contiki-sky.a(rtimer-arch.o)
                0x000000000000b08e                rtimer_arch_now
 .text.timera0  0x000000000000b09c       0x70 contiki-sky.a(rtimer-arch.o)
                0x000000000000b09c                __isr_6
                0x000000000000b09c                timera0
 .text.rtimer_arch_schedule
                0x000000000000b10c        0x6 contiki-sky.a(rtimer-arch.o)
                0x000000000000b10c                rtimer_arch_schedule
 .text.field_len
                0x000000000000b112       0x98 contiki-sky.a(frame802154.o)
 .text.frame802154_hdrlen
                0x000000000000b1aa       0x2e contiki-sky.a(frame802154.o)
                0x000000000000b1aa                frame802154_hdrlen
 .text.frame802154_create
                0x000000000000b1d8      0x172 contiki-sky.a(frame802154.o)
                0x000000000000b1d8                frame802154_create
 .text.frame802154_parse
                0x000000000000b34a      0x1de contiki-sky.a(frame802154.o)
                0x000000000000b34a                frame802154_parse
 .text.mac_call_sent_callback
                0x000000000000b528       0x14 contiki-sky.a(mac.o)
                0x000000000000b528                mac_call_sent_callback
 .text.parse    0x000000000000b53c       0x9e contiki-sky.a(framer-802154.o)
 .text.create   0x000000000000b5da      0x108 contiki-sky.a(framer-802154.o)
 .text.rpl_purge_routes
                0x000000000000b6e2       0x96 contiki-sky.a(rpl.o)
                0x000000000000b6e2                rpl_purge_routes
 .text.rpl_remove_routes
                0x000000000000b778       0x22 contiki-sky.a(rpl.o)
                0x000000000000b778                rpl_remove_routes
 .text.rpl_remove_routes_by_nexthop
                0x000000000000b79a       0x46 contiki-sky.a(rpl.o)
                0x000000000000b79a                rpl_remove_routes_by_nexthop
 .text.rpl_add_route
                0x000000000000b7e0       0x44 contiki-sky.a(rpl.o)
                0x000000000000b7e0                rpl_add_route
 .text.rpl_link_neighbor_callback
                0x000000000000b824       0x6a contiki-sky.a(rpl.o)
                0x000000000000b824                rpl_link_neighbor_callback
 .text.rpl_ipv6_neighbor_callback
                0x000000000000b88e       0x1e contiki-sky.a(rpl.o)
                0x000000000000b88e                rpl_ipv6_neighbor_callback
 .text.rpl_init
                0x000000000000b8ac       0x40 contiki-sky.a(rpl.o)
                0x000000000000b8ac                rpl_init
 .text.lollipop_greater_than
                0x000000000000b8ec       0x44 contiki-sky.a(rpl-dag.o)
 .text.acceptable_rank
                0x000000000000b930       0x22 contiki-sky.a(rpl-dag.o)
 .text.find_parent_any_dag_any_instance
                0x000000000000b952       0x14 contiki-sky.a(rpl-dag.o)
 .text.set_ip_from_prefix
                0x000000000000b966       0x38 contiki-sky.a(rpl-dag.o)
 .text.check_prefix
                0x000000000000b99e       0x80 contiki-sky.a(rpl-dag.o)
 .text.rpl_dag_init
                0x000000000000ba1e        0xe contiki-sky.a(rpl-dag.o)
                0x000000000000ba1e                rpl_dag_init
 .text.rpl_get_parent_ipaddr
                0x000000000000ba2c       0x10 contiki-sky.a(rpl-dag.o)
                0x000000000000ba2c                rpl_get_parent_ipaddr
 .text.rpl_set_preferred_parent
                0x000000000000ba3c       0xf2 contiki-sky.a(rpl-dag.o)
 .text.rpl_set_prefix
                0x000000000000bb2e       0x8e contiki-sky.a(rpl-dag.o)
                0x000000000000bb2e                rpl_set_prefix
 .text.rpl_set_default_route
                0x000000000000bbbc       0x5a contiki-sky.a(rpl-dag.o)
                0x000000000000bbbc                rpl_set_default_route
 .text.rpl_alloc_instance
                0x000000000000bc16       0x2c contiki-sky.a(rpl-dag.o)
                0x000000000000bc16                rpl_alloc_instance
 .text.rpl_add_parent
                0x000000000000bc42       0x50 contiki-sky.a(rpl-dag.o)
                0x000000000000bc42                rpl_add_parent
 .text.rpl_find_parent
                0x000000000000bc92       0x1a contiki-sky.a(rpl-dag.o)
                0x000000000000bc92                rpl_find_parent
 .text.rpl_find_parent_any_dag
                0x000000000000bcac       0x22 contiki-sky.a(rpl-dag.o)
                0x000000000000bcac                rpl_find_parent_any_dag
 .text.rpl_select_parent
                0x000000000000bcce       0x5c contiki-sky.a(rpl-dag.o)
                0x000000000000bcce                rpl_select_parent
 .text.rpl_select_dag
                0x000000000000bd2a      0x1d0 contiki-sky.a(rpl-dag.o)
                0x000000000000bd2a                rpl_select_dag
 .text.rpl_nullify_parent
                0x000000000000befa       0x4e contiki-sky.a(rpl-dag.o)
                0x000000000000befa                rpl_nullify_parent
 .text.rpl_remove_parent
                0x000000000000bf48       0x16 contiki-sky.a(rpl-dag.o)
                0x000000000000bf48                rpl_remove_parent
 .text.remove_parents.constprop.2
                0x000000000000bf5e       0x32 contiki-sky.a(rpl-dag.o)
 .text.rpl_free_dag
                0x000000000000bf90       0x36 contiki-sky.a(rpl-dag.o)
                0x000000000000bf90                rpl_free_dag
 .text.rpl_free_instance
                0x000000000000bfc6       0x5c contiki-sky.a(rpl-dag.o)
                0x000000000000bfc6                rpl_free_instance
 .text.rpl_move_parent
                0x000000000000c022       0x6e contiki-sky.a(rpl-dag.o)
                0x000000000000c022                rpl_move_parent
 .text.rpl_get_any_dag
                0x000000000000c090       0x18 contiki-sky.a(rpl-dag.o)
                0x000000000000c090                rpl_get_any_dag
 .text.rpl_get_instance
                0x000000000000c0a8       0x1a contiki-sky.a(rpl-dag.o)
                0x000000000000c0a8                rpl_get_instance
 .text.get_dag  0x000000000000c0c2       0x38 contiki-sky.a(rpl-dag.o)
 .text.rpl_alloc_dag
                0x000000000000c0fa       0x66 contiki-sky.a(rpl-dag.o)
                0x000000000000c0fa                rpl_alloc_dag
 .text.rpl_repair_root
                0x000000000000c160       0x50 contiki-sky.a(rpl-dag.o)
                0x000000000000c160                rpl_repair_root
 .text.rpl_find_of
                0x000000000000c1b0       0x10 contiki-sky.a(rpl-dag.o)
                0x000000000000c1b0                rpl_find_of
 .text.rpl_join_instance
                0x000000000000c1c0      0x13c contiki-sky.a(rpl-dag.o)
                0x000000000000c1c0                rpl_join_instance
 .text.rpl_local_repair
                0x000000000000c2fc       0x50 contiki-sky.a(rpl-dag.o)
                0x000000000000c2fc                rpl_local_repair
 .text.rpl_process_parent_event
                0x000000000000c34c       0x4e contiki-sky.a(rpl-dag.o)
                0x000000000000c34c                rpl_process_parent_event
 .text.rpl_recalculate_ranks
                0x000000000000c39a       0x42 contiki-sky.a(rpl-dag.o)
                0x000000000000c39a                rpl_recalculate_ranks
 .text.rpl_add_dag
                0x000000000000c3dc      0x112 contiki-sky.a(rpl-dag.o)
                0x000000000000c3dc                rpl_add_dag
 .text.rpl_process_dio
                0x000000000000c4ee      0x278 contiki-sky.a(rpl-dag.o)
                0x000000000000c4ee                rpl_process_dio
 .text.get32    0x000000000000c766       0x46 contiki-sky.a(rpl-icmp6.o)
 .text.set32    0x000000000000c7ac       0x2a contiki-sky.a(rpl-icmp6.o)
 .text.get16    0x000000000000c7d6        0xe contiki-sky.a(rpl-icmp6.o)
 .text.set16    0x000000000000c7e4       0x10 contiki-sky.a(rpl-icmp6.o)
 .text.dis_output
                0x000000000000c7f4       0x72 contiki-sky.a(rpl-icmp6.o)
                0x000000000000c7f4                dis_output
 .text.dio_output
                0x000000000000c866      0x290 contiki-sky.a(rpl-icmp6.o)
                0x000000000000c866                dio_output
 .text.dao_output_target
                0x000000000000caf6       0xee contiki-sky.a(rpl-icmp6.o)
                0x000000000000caf6                dao_output_target
 .text.dao_output
                0x000000000000cbe4       0x90 contiki-sky.a(rpl-icmp6.o)
                0x000000000000cbe4                dao_output
 .text.dao_ack_output
                0x000000000000cc74       0x5c contiki-sky.a(rpl-icmp6.o)
                0x000000000000cc74                dao_ack_output
 .text.uip_rpl_input
                0x000000000000ccd0      0x5b0 contiki-sky.a(rpl-icmp6.o)
                0x000000000000ccd0                uip_rpl_input
 .text.new_dio_interval
                0x000000000000d280       0x9a contiki-sky.a(rpl-timers.o)
 .text.handle_periodic_timer
                0x000000000000d31a       0x2e contiki-sky.a(rpl-timers.o)
 .text.handle_dao_timer
                0x000000000000d348       0x50 contiki-sky.a(rpl-timers.o)
 .text.handle_dio_timer
                0x000000000000d398       0x82 contiki-sky.a(rpl-timers.o)
 .text.rpl_reset_periodic_timer
                0x000000000000d41a       0x60 contiki-sky.a(rpl-timers.o)
                0x000000000000d41a                rpl_reset_periodic_timer
 .text.rpl_reset_dio_timer
                0x000000000000d47a       0x18 contiki-sky.a(rpl-timers.o)
                0x000000000000d47a                rpl_reset_dio_timer
 .text.rpl_schedule_dao
                0x000000000000d492       0x50 contiki-sky.a(rpl-timers.o)
                0x000000000000d492                rpl_schedule_dao
 .text.reset    0x000000000000d4e2        0x2 contiki-sky.a(rpl-mrhof.o)
 .text.neighbor_link_callback
                0x000000000000d4e4       0x84 contiki-sky.a(rpl-mrhof.o)
 .text.calculate_rank
                0x000000000000d568       0x30 contiki-sky.a(rpl-mrhof.o)
 .text.best_parent
                0x000000000000d598       0x52 contiki-sky.a(rpl-mrhof.o)
 .text.update_metric_container
                0x000000000000d5ea        0x6 contiki-sky.a(rpl-mrhof.o)
 .text.best_dag
                0x000000000000d5f0       0x34 contiki-sky.a(rpl-mrhof.o)
 .text.rpl_verify_header
                0x000000000000d624       0xbc contiki-sky.a(rpl-ext-header.)
                0x000000000000d624                rpl_verify_header
 .text.rpl_update_header_empty
                0x000000000000d6e0       0xf0 contiki-sky.a(rpl-ext-header.)
                0x000000000000d6e0                rpl_update_header_empty
 .text.rpl_update_header_final
                0x000000000000d7d0       0x86 contiki-sky.a(rpl-ext-header.)
                0x000000000000d7d0                rpl_update_header_final
 .text.rpl_invert_header
                0x000000000000d856       0x4c contiki-sky.a(rpl-ext-header.)
                0x000000000000d856                rpl_invert_header
 .text.rpl_insert_header
                0x000000000000d8a2       0x1c contiki-sky.a(rpl-ext-header.)
                0x000000000000d8a2                rpl_insert_header
 .text.timer_set
                0x000000000000d8be       0x1c contiki-sky.a(timer.o)
                0x000000000000d8be                timer_set
 .text.timer_reset
                0x000000000000d8da        0xe contiki-sky.a(timer.o)
                0x000000000000d8da                timer_reset
 .text.timer_expired
                0x000000000000d8e8       0x2a contiki-sky.a(timer.o)
                0x000000000000d8e8                timer_expired
 .text.stimer_set
                0x000000000000d912       0x1c contiki-sky.a(stimer.o)
                0x000000000000d912                stimer_set
 .text.stimer_expired
                0x000000000000d92e       0x30 contiki-sky.a(stimer.o)
                0x000000000000d92e                stimer_expired
 .text.item_from_index
                0x000000000000d95e       0x32 contiki-sky.a(nbr-table.o)
 .text.index_from_key
                0x000000000000d990       0x4a contiki-sky.a(nbr-table.o)
 .text.index_from_item
                0x000000000000d9da       0x46 contiki-sky.a(nbr-table.o)
 .text.nbr_set_bit
                0x000000000000da20       0x6c contiki-sky.a(nbr-table.o)
 .text.index_from_lladdr
                0x000000000000da8c       0x42 contiki-sky.a(nbr-table.o)
 .text.nbr_get_bit.constprop.0
                0x000000000000dace       0x3a contiki-sky.a(nbr-table.o)
 .text.nbr_table_register
                0x000000000000db08       0x28 contiki-sky.a(nbr-table.o)
                0x000000000000db08                nbr_table_register
 .text.nbr_table_next
                0x000000000000db30       0x54 contiki-sky.a(nbr-table.o)
                0x000000000000db30                nbr_table_next
 .text.nbr_table_head
                0x000000000000db84       0x3a contiki-sky.a(nbr-table.o)
                0x000000000000db84                nbr_table_head
 .text.nbr_table_add_lladdr
                0x000000000000dbbe      0x134 contiki-sky.a(nbr-table.o)
                0x000000000000dbbe                nbr_table_add_lladdr
 .text.nbr_table_get_from_lladdr
                0x000000000000dcf2       0x2c contiki-sky.a(nbr-table.o)
                0x000000000000dcf2                nbr_table_get_from_lladdr
 .text.nbr_table_remove
                0x000000000000dd1e       0x32 contiki-sky.a(nbr-table.o)
                0x000000000000dd1e                nbr_table_remove
 .text.nbr_table_lock
                0x000000000000dd50       0x10 contiki-sky.a(nbr-table.o)
                0x000000000000dd50                nbr_table_lock
 .text.nbr_table_unlock
                0x000000000000dd60       0x10 contiki-sky.a(nbr-table.o)
                0x000000000000dd60                nbr_table_unlock
 .text.nbr_table_get_lladdr
                0x000000000000dd70       0x24 contiki-sky.a(nbr-table.o)
                0x000000000000dd70                nbr_table_get_lladdr
 .text.uip_icmp6_echo_request_input
                0x000000000000dd94      0x12c contiki-sky.a(uip-icmp6.o)
                0x000000000000dd94                uip_icmp6_echo_request_input
 .text.uip_icmp6_error_output
                0x000000000000dec0      0x17a contiki-sky.a(uip-icmp6.o)
                0x000000000000dec0                uip_icmp6_error_output
 .text.uip_icmp6_send
                0x000000000000e03a       0x96 contiki-sky.a(uip-icmp6.o)
                0x000000000000e03a                uip_icmp6_send
 .text.spi_init
                0x000000000000e0d0       0x32 contiki-sky.a(spi.o)
                0x000000000000e0d0                spi_init
 .text.tsch_rpl_callback_new_dio_interval
                0x000000000000e102       0x32 contiki-sky.a(tsch-rpl.o)
                0x000000000000e102                tsch_rpl_callback_new_dio_interval
 .text.tsch_rpl_callback_parent_switch
                0x000000000000e134       0x16 contiki-sky.a(tsch-rpl.o)
                0x000000000000e134                tsch_rpl_callback_parent_switch
 .text.libgcc   0x000000000000e14a       0x2c /usr/lib/gcc/msp430/4.6.3/mmpy-16/libgcc.a(_mulsi3.o)
                0x000000000000e14a                __mulsi3
 .text.libgcc   0x000000000000e176       0x22 /usr/lib/gcc/msp430/4.6.3/mmpy-16/libgcc.a(_udivmod16.o)
                0x000000000000e176                __udivhi3
                0x000000000000e176                __ext_udivmod16
                0x000000000000e190                __umodhi3
 .text.libgcc   0x000000000000e198       0x3a /usr/lib/gcc/msp430/4.6.3/mmpy-16/libgcc.a(_divmod16.o)
                0x000000000000e198                __ext_divmod16
                0x000000000000e198                __divhi3
                0x000000000000e1ca                __modhi3
 .text.libgcc   0x000000000000e1d2       0x40 /usr/lib/gcc/msp430/4.6.3/mmpy-16/libgcc.a(_udivmod32.o)
                0x000000000000e1d2                __udivsi3
                0x000000000000e1d2                __ext_udivmod32
                0x000000000000e208                __umodsi3
 .text.libgcc   0x000000000000e212       0x4c /usr/lib/gcc/msp430/4.6.3/mmpy-16/libgcc.a(_divmod32.o)
                0x000000000000e212                __ext_divmod32
                0x000000000000e212                __divsi3
                0x000000000000e254                __modsi3
 .text          0x000000000000e25e       0x20 /usr/lib/gcc/msp430/4.6.3/../../../../msp430/lib/mmpy-16/libc.a(memcmp.o)
                0x000000000000e25e                memcmp
 .text          0x000000000000e27e       0xfa /usr/lib/gcc/msp430/4.6.3/../../../../msp430/lib/mmpy-16/libc.a(memcpy.o)
                0x000000000000e27e                memcpy
 .text          0x000000000000e378       0xfa /usr/lib/gcc/msp430/4.6.3/../../../../msp430/lib/mmpy-16/libc.a(memmove.o)
                0x000000000000e378                memmove
 .text          0x000000000000e472       0x6a /usr/lib/gcc/msp430/4.6.3/../../../../msp430/lib/mmpy-16/libc.a(memset.o)
                0x000000000000e472                memset
 .text          0x000000000000e4dc       0x1e /usr/lib/gcc/msp430/4.6.3/../../../../msp430/lib/mmpy-16/libc.a(printf.o)
                0x000000000000e4dc                printf
                0x000000000000e4ec                vprintf
 .text          0x000000000000e4fa       0xbc /usr/lib/gcc/msp430/4.6.3/../../../../msp430/lib/mmpy-16/libc.a(sprintf.o)
                0x000000000000e558                sprintf
                0x000000000000e574                snprintf
                0x000000000000e58e                vsprintf
                0x000000000000e5a4                vsnprintf
 .text          0x000000000000e5b6      0x836 /usr/lib/gcc/msp430/4.6.3/../../../../msp430/lib/mmpy-16/libc.a(vuprintf.o)
                0x000000000000e74e                vuprintf
 .text          0x000000000000edec       0x2c /usr/lib/gcc/msp430/4.6.3/../../../../msp430/lib/mmpy-16/libc.a(puts.o)
                0x000000000000edec                puts
 .text          0x000000000000ee18       0x54 /usr/lib/gcc/msp430/4.6.3/../../../../msp430/lib/mmpy-16/libc.a(rand.o)
                0x000000000000ee18                rand_r
                0x000000000000ee3c                rand
                0x000000000000ee62                srand
 .text.libgcc   0x000000000000ee6c       0xf0 /usr/lib/gcc/msp430/4.6.3/mmpy-16/libgcc.a(_udivmod64.o)
                0x000000000000ee6c                __xabi_udivmod64
                0x000000000000eeca                __udivdi3
                0x000000000000eef0                __umoddi3
                0x000000000000ef1e                __udivmoddi4
 .text.crt0     0x000000000000ef5c        0x2 /usr/lib/gcc/msp430/4.6.3/mmpy-16/libcrt0.a(_unexpected_.o)
                0x000000000000ef5c                _unexpected_
                0x000000000000ef5e                . = ALIGN (0x2)

.rodata         0x000000000000ef5e      0xb90
                0x000000000000ef5e                . = ALIGN (0x2)
 *(.rodata .rodata.* .gnu.linkonce.r.*)
 .rodata        0x000000000000ef5e        0x4 advertiser.co
                0x000000000000ef5e                autostart_processes
 .rodata        0x000000000000ef62       0xfc obj_sky/contiki-sky-main.o
 .rodata        0x000000000000f05e        0x8 contiki-sky.a(rimeaddr.o)
                0x000000000000f05e                rimeaddr_null
 .rodata        0x000000000000f066       0x16 contiki-sky.a(nordc.o)
                0x000000000000f06c                nordc_driver
 .rodata        0x000000000000f07c      0x2ca contiki-sky.a(tsch.o)
                0x000000000000f328                tschmac_driver
                0x000000000000f336                tsch_eb_address
                0x000000000000f33e                tsch_broadcast_address
 .rodata        0x000000000000f346      0x216 contiki-sky.a(tsch-queue.o)
 .rodata        0x000000000000f55c       0x91 contiki-sky.a(tsch-log.o)
 *fill*         0x000000000000f5ed        0x1 00
 .rodata        0x000000000000f5ee      0x206 contiki-sky.a(sicslowpan.o)
                0x000000000000f7dc                sicslowpan_driver
                0x000000000000f7e2                llprefix
                0x000000000000f7e4                unc_mxconf
                0x000000000000f7e8                unc_ctxconf
                0x000000000000f7ec                unc_llconf
 .rodata        0x000000000000f7f4       0x8a contiki-sky.a(tcpip.o)
 .rodata        0x000000000000f87e       0xc7 contiki-sky.a(uip-ds6-route.o)
 *fill*         0x000000000000f945        0x1 00
 .rodata        0x000000000000f946       0x10 contiki-sky.a(button-sensor.o)
                0x000000000000f94e                button_sensor
 .rodata        0x000000000000f956       0x14 contiki-sky.a(cc2420.o)
                0x000000000000f956                cc2420_driver
 .rodata        0x000000000000f96a        0x2 contiki-sky.a(frame802154.o)
 .rodata        0x000000000000f96c        0x4 contiki-sky.a(framer-802154.o)
                0x000000000000f96c                framer_802154
 .rodata        0x000000000000f970       0x7e contiki-sky.a(rpl-dag.o)
 .rodata        0x000000000000f9ee       0xf9 contiki-sky.a(rpl-icmp6.o)
 .rodata        0x000000000000fae7        0x7 /usr/lib/gcc/msp430/4.6.3/../../../../msp430/lib/mmpy-16/libc.a(vuprintf.o)
                0x000000000000faee                . = ALIGN (0x2)
                0x000000000000faee                _etext = .

.data           0x0000000000001100       0xf4 load address 0x000000000000faee
                0x0000000000001100                . = ALIGN (0x2)
                0x0000000000001100                PROVIDE (__data_start, .)
 *(.data .data.* .gnu.linkonce.d.*)
 .data          0x0000000000001100        0x8 advertiser.co
                0x0000000000001100                advertising
 .data          0x0000000000001108       0x2c contiki-sky.a(tsch.o)
                0x0000000000001108                tsch_pending_events_process
                0x0000000000001110                tsch_process
                0x0000000000001118                tsch_send_eb_process
                0x0000000000001120                tsch_is_coordinator
                0x0000000000001122                hopping_sequence_list
 .data          0x0000000000001134       0x10 contiki-sky.a(tsch-queue.o)
 .data          0x0000000000001144       0x20 contiki-sky.a(tsch-schedule.o)
 .data          0x0000000000001164        0x8 contiki-sky.a(etimer.o)
                0x0000000000001164                etimer_process
 .data          0x000000000000116c        0x8 contiki-sky.a(ctimer.o)
                0x000000000000116c                ctimer_process
 .data          0x0000000000001174       0x18 contiki-sky.a(queuebuf.o)
 .data          0x000000000000118c        0x8 contiki-sky.a(tcpip.o)
                0x000000000000118c                tcpip_process
 .data          0x0000000000001194       0x18 contiki-sky.a(uip-ds6-route.o)
 .data          0x00000000000011ac        0xa contiki-sky.a(uip-ds6-nbr.o)
                0x00000000000011ac                ds6_neighbors
 .data          0x00000000000011b6        0x4 contiki-sky.a(contiki-sky-pla)
                0x00000000000011b6                sensors
 .data          0x00000000000011ba        0xa contiki-sky.a(cc2420.o)
                0x00000000000011bc                cc2420_process
 .data          0x00000000000011c4        0x8 contiki-sky.a(sensors.o)
                0x00000000000011c4                sensors_process
 .data          0x00000000000011cc        0x2 contiki-sky.a(msp430.o)
 .data          0x00000000000011ce        0xa contiki-sky.a(rpl-dag.o)
                0x00000000000011ce                rpl_parents
 .data          0x00000000000011d8        0x1 contiki-sky.a(rpl-icmp6.o)
 *fill*         0x00000000000011d9        0x1 00
 .data          0x00000000000011da        0xe contiki-sky.a(rpl-mrhof.o)
                0x00000000000011da                rpl_mrhof
 .data          0x00000000000011e8        0x8 contiki-sky.a(nbr-table.o)
 .data          0x00000000000011f0        0x4 /usr/lib/gcc/msp430/4.6.3/../../../../msp430/lib/mmpy-16/libc.a(rand.o)
                0x00000000000011f4                . = ALIGN (0x2)
                0x00000000000011f4                _edata = .
                0x000000000000faee                PROVIDE (__data_load_start, LOADADDR (.data))
                0x00000000000000f4                PROVIDE (__data_size, SIZEOF (.data))

.bss            0x00000000000011f4     0x1788 load address 0x000000000000fbe2
                0x00000000000011f4                PROVIDE (__bss_start, .)
 *(.bss .bss.*)
 .bss           0x00000000000011f4        0x4 obj_sky/contiki-sky-main.o
 .bss           0x00000000000011f8      0x18c contiki-sky.a(tsch.o)
                0x00000000000011f8                associated
 .bss           0x0000000000001384       0xaa contiki-sky.a(tsch-queue.o)
 .bss           0x000000000000142e      0x3e0 contiki-sky.a(tsch-schedule.o)
 .bss           0x000000000000180e      0x488 contiki-sky.a(tsch-log.o)
 .bss           0x0000000000001c96       0x42 contiki-sky.a(process.o)
                0x0000000000001c96                process_current
                0x0000000000001c98                process_list
 .bss           0x0000000000001cd8        0x6 contiki-sky.a(etimer.o)
 .bss           0x0000000000001cde        0x4 contiki-sky.a(ctimer.o)
 .bss           0x0000000000001ce2        0x4 contiki-sky.a(rtimer.o)
 .bss           0x0000000000001ce6       0xb8 contiki-sky.a(packetbuf.o)
 .bss           0x0000000000001d9e      0x306 contiki-sky.a(queuebuf.o)
 .bss           0x00000000000020a4       0xea contiki-sky.a(sicslowpan.o)
 .bss           0x000000000000218e        0xe contiki-sky.a(tcpip.o)
 .bss           0x000000000000219c       0xc4 contiki-sky.a(uip-ds6-route.o)
 .bss           0x0000000000002260       0x48 contiki-sky.a(uip-ds6-nbr.o)
 .bss           0x00000000000022a8       0x18 contiki-sky.a(uip-ds6.o)
 .bss           0x00000000000022c0        0xa contiki-sky.a(uip6.o)
                0x00000000000022c0                uip_ext_opt_offset
                0x00000000000022c2                uip_ext_len
                0x00000000000022c4                uip_ext_bitmap
 .bss           0x00000000000022ca        0x8 contiki-sky.a(button-sensor.o)
 .bss           0x00000000000022d2        0xa contiki-sky.a(cc2420.o)
 .bss           0x00000000000022dc        0x2 contiki-sky.a(node-id.o)
                0x00000000000022dc                node_id
 .bss           0x00000000000022de        0x6 contiki-sky.a(sensors.o)
 .bss           0x00000000000022e4       0x9a contiki-sky.a(uart1.o)
 .bss           0x000000000000237e        0xa contiki-sky.a(clock.o)
 .bss           0x0000000000002388        0x2 contiki-sky.a(leds.o)
 .bss           0x000000000000238a        0x2 contiki-sky.a(watchdog.o)
 .bss           0x000000000000238c        0x2 contiki-sky.a(framer-802154.o)
 .bss           0x000000000000238e       0x1c contiki-sky.a(rpl-dag.o)
 .bss           0x00000000000023aa       0x18 contiki-sky.a(rpl-timers.o)
 .bss           0x00000000000023c2       0x2e contiki-sky.a(nbr-table.o)
 .bss           0x00000000000023f0       0x10 contiki-sky.a(uip-icmp6.o)
 .bss           0x0000000000002400        0x4 /usr/lib/gcc/msp430/4.6.3/../../../../msp430/lib/mmpy-16/libc.a(sprintf.o)
 *(COMMON)
 COMMON         0x0000000000002404        0x8 contiki-sky.a(rimeaddr.o)
                0x0000000000002404                rimeaddr_node_addr
 COMMON         0x000000000000240c      0x22a contiki-sky.a(tsch.o)
                0x000000000000240c                current_link
                0x000000000000240e                tsch_join_priority
                0x0000000000002410                current_asn
                0x0000000000002416                input_ringbuf
                0x000000000000241a                input_array
                0x0000000000002632                hopping_sequence_length
 COMMON         0x0000000000002636        0x4 contiki-sky.a(tsch-queue.o)
                0x0000000000002636                n_broadcast
                0x0000000000002638                n_eb
 COMMON         0x000000000000263a        0x2 contiki-sky.a(tsch-schedule.o)
                0x000000000000263a                sf_eb
 COMMON         0x000000000000263c        0x1 contiki-sky.a(process.o)
                0x000000000000263c                process_maxevents
 *fill*         0x000000000000263d        0x1 00
 COMMON         0x000000000000263e       0x56 contiki-sky.a(energest.o)
                0x000000000000263e                energest_total_time
                0x000000000000266e                energest_total_count
                0x0000000000002670                energest_current_mode
                0x000000000000267c                energest_current_time
 COMMON         0x0000000000002694       0x20 contiki-sky.a(packetbuf.o)
                0x0000000000002694                packetbuf_addrs
                0x00000000000026a4                packetbuf_attrs
 COMMON         0x00000000000026b4        0x8 contiki-sky.a(sicslowpan.o)
                0x00000000000026b4                frag_sender
 COMMON         0x00000000000026bc        0x1 contiki-sky.a(tcpip.o)
                0x00000000000026bc                tcpip_event
 *fill*         0x00000000000026bd        0x1 00
 COMMON         0x00000000000026be      0x12c contiki-sky.a(uip-ds6.o)
                0x00000000000026be                uip_ds6_timer_ra
                0x00000000000026c6                uip_ds6_if
                0x0000000000002782                uip_ds6_netif_addr_list_offset
                0x0000000000002783                uip_ds6_addr_size
                0x0000000000002784                uip_ds6_prefix_list
                0x00000000000027de                uip_ds6_timer_periodic
 COMMON         0x00000000000027ea       0xea contiki-sky.a(uip6.o)
                0x00000000000027ea                uip_len
                0x00000000000027ec                uip_sappdata
                0x00000000000027ee                uip_lladdr
                0x00000000000027f6                uip_aligned_buf
                0x00000000000028ae                uip_flags
                0x00000000000028b0                uip_next_hdr
                0x00000000000028b2                uip_udp_conn
                0x00000000000028b4                uip_appdata
                0x00000000000028b6                uip_conn
                0x00000000000028b8                uip_slen
                0x00000000000028ba                uip_udp_conns
 COMMON         0x00000000000028d4        0x2 contiki-sky.a(contiki-sky-pla)
                0x00000000000028d4                sensors_flags
 COMMON         0x00000000000028d6       0x14 contiki-sky.a(cc2420.o)
                0x00000000000028d6                cc2420_last_rssi
                0x00000000000028d8                cc2420_packets_read
                0x00000000000028da                cc2420_packets_seen
                0x00000000000028dc                cc2420_sfd_start_time
                0x00000000000028de                cc2420_time_of_departure
                0x00000000000028e0                cc2420_time_of_arrival
                0x00000000000028e2                cc2420_last_correlation
                0x00000000000028e3                radio_last_correlation
                0x00000000000028e4                cc2420_authority_level_of_sender
                0x00000000000028e6                radio_last_rssi
                0x00000000000028e7                cc2420_sfd_counter
                0x00000000000028e8                cc2420_sfd_end_time
 COMMON         0x00000000000028ea        0x8 contiki-sky.a(ds2411.o)
                0x00000000000028ea                ds2411_id
 COMMON         0x00000000000028f2        0x1 contiki-sky.a(sensors.o)
                0x00000000000028f2                sensors_event
 *fill*         0x00000000000028f3        0x1 00
 COMMON         0x00000000000028f4        0x2 contiki-sky.a(msp430.o)
                0x00000000000028f4                msp430_dco_required
 COMMON         0x00000000000028f6       0x86 contiki-sky.a(rpl-dag.o)
                0x00000000000028f6                default_instance
                0x00000000000028f8                instance_table
                0x000000000000297c                . = ALIGN (0x2)
                0x000000000000297c                PROVIDE (__bss_end, .)
                0x0000000000001788                PROVIDE (__bss_size, SIZEOF (.bss))

.noinit         0x000000000000297c        0x2 load address 0x000000000000fbe2
                0x000000000000297c                PROVIDE (__noinit_start, .)
 *(.noinit .noinit.*)
 .noinit.crt0   0x000000000000297c        0x2 /usr/lib/gcc/msp430/4.6.3/mmpy-16/libcrt0.a(__watchdog_support.o)
                0x000000000000297c                __wdt_clear_value
                0x000000000000297e                . = ALIGN (0x2)
                0x000000000000297e                PROVIDE (__noinit_end, .)
                0x000000000000297e                . = ALIGN (0x2)
                0x000000000000297e                _end = .

.infomem        0x0000000000001000        0x0
 *(.infomem)
                0x0000000000001000                . = ALIGN (0x2)
 *(.infomem.*)

.infomemnobits  0x0000000000001000        0x0
 *(.infomemnobits)
                0x0000000000001000                . = ALIGN (0x2)
 *(.infomemnobits.*)

.infoa
 *(.infoa .infoa.*)

.infob
 *(.infob .infob.*)

.infoc
 *(.infoc .infoc.*)

.infod
 *(.infod .infod.*)

.vectors        0x000000000000ffe0       0x20
                0x000000000000ffe0                PROVIDE (__vectors_start, .)
 *(.vectors*)
 .vectors       0x000000000000ffe0       0x20 /usr/lib/gcc/msp430/4.6.3/mmpy-16/crt0ivtbl16.o
                0x000000000000ffe0                __ivtbl_16
                0x0000000000010000                _vectors_end = .

.fartext        0x0000000000000000        0x0
                0x0000000000000000                . = ALIGN (0x2)
 *(.fartext)
                0x0000000000000000                . = ALIGN (0x2)
 *(.fartext.*)
                0x0000000000000000                _efartext = .

.profiler
 *(.profiler)

.stab
 *(.stab)

.stabstr
 *(.stabstr)

.stab.excl
 *(.stab.excl)

.stab.exclstr
 *(.stab.exclstr)

.stab.index
 *(.stab.index)

.stab.indexstr
 *(.stab.indexstr)

.comment
 *(.comment)

.debug
 *(.debug)

.line
 *(.line)

.debug_srcinfo
 *(.debug_srcinfo)

.debug_sfnames
 *(.debug_sfnames)

.debug_aranges  0x0000000000000000      0x1b8
 *(.debug_aranges)
 .debug_aranges
                0x0000000000000000       0x14 /usr/lib/gcc/msp430/4.6.3/mmpy-16/libgcc.a(_mulsi3.o)
 .debug_aranges
                0x0000000000000014       0x14 /usr/lib/gcc/msp430/4.6.3/mmpy-16/libgcc.a(_udivmod16.o)
 .debug_aranges
                0x0000000000000028       0x14 /usr/lib/gcc/msp430/4.6.3/mmpy-16/libgcc.a(_divmod16.o)
 .debug_aranges
                0x000000000000003c       0x14 /usr/lib/gcc/msp430/4.6.3/mmpy-16/libgcc.a(_udivmod32.o)
 .debug_aranges
                0x0000000000000050       0x14 /usr/lib/gcc/msp430/4.6.3/mmpy-16/libgcc.a(_divmod32.o)
 .debug_aranges
                0x0000000000000064       0x14 /usr/lib/gcc/msp430/4.6.3/../../../../msp430/lib/mmpy-16/libc.a(strncmp.o)
 .debug_aranges
                0x0000000000000078       0x14 /usr/lib/gcc/msp430/4.6.3/../../../../msp430/lib/mmpy-16/libc.a(memcmp.o)
 .debug_aranges
                0x000000000000008c       0x14 /usr/lib/gcc/msp430/4.6.3/../../../../msp430/lib/mmpy-16/libc.a(memcpy.o)
 .debug_aranges
                0x00000000000000a0       0x14 /usr/lib/gcc/msp430/4.6.3/../../../../msp430/lib/mmpy-16/libc.a(memmove.o)
 .debug_aranges
                0x00000000000000b4       0x14 /usr/lib/gcc/msp430/4.6.3/../../../../msp430/lib/mmpy-16/libc.a(memset.o)
 .debug_aranges
                0x00000000000000c8       0x14 /usr/lib/gcc/msp430/4.6.3/../../../../msp430/lib/mmpy-16/libc.a(printf.o)
 .debug_aranges