Archive member included because of file (symbol)

contiki-sky.a(rimeaddr.o)     obj_sky/contiki-sky-main.o (rimeaddr_copy)
contiki-sky.a(nordc.o)        obj_sky/contiki-sky-main.o (nordc_driver)
contiki-sky.a(tsch.o)         obj_sky/contiki-sky-main.o (tschmac_driver)
contiki-sky.a(tsch-queue.o)   contiki-sky.a(tsch.o) (tsch_random_init)
contiki-sky.a(tsch-packet.o)  contiki-sky.a(tsch.o) (tsch_packet_parse_sync_ack)
contiki-sky.a(tsch-schedule.o)
                              contiki-sky.a(tsch.o) (tsch_schedule_get_next_active_link)
contiki-sky.a(tsch-log.o)     contiki-sky.a(tsch.o) (tsch_log_process_pending)
contiki-sky.a(process.o)      listener.co (process_current)
contiki-sky.a(autostart.o)    obj_sky/contiki-sky-main.o (autostart_start)
contiki-sky.a(memb.o)         contiki-sky.a(tsch-queue.o) (memb_init)
contiki-sky.a(timer.o)        contiki-sky.a(tsch.o) (timer_set)
contiki-sky.a(list.o)         contiki-sky.a(tsch-queue.o) (list_init)
contiki-sky.a(etimer.o)       obj_sky/contiki-sky-main.o (etimer_process)
contiki-sky.a(ctimer.o)       obj_sky/contiki-sky-main.o (ctimer_init)
contiki-sky.a(energest.o)     obj_sky/contiki-sky-main.o (energest_init)
contiki-sky.a(rtimer.o)       obj_sky/contiki-sky-main.o (rtimer_init)
contiki-sky.a(stimer.o)       contiki-sky.a(tsch.o) (stimer_set)
contiki-sky.a(random.o)       obj_sky/contiki-sky-main.o (random_init)
contiki-sky.a(ringbufindex.o)
                              contiki-sky.a(tsch.o) (ringbufindex_init)
contiki-sky.a(packetbuf.o)    contiki-sky.a(tsch.o) (packetbuf_set_datalen)
contiki-sky.a(queuebuf.o)     obj_sky/contiki-sky-main.o (queuebuf_init)
contiki-sky.a(sicslowpan.o)   obj_sky/contiki-sky-main.o (sicslowpan_driver)
contiki-sky.a(tcpip.o)        contiki-sky.a(sicslowpan.o) (tcpip_set_outputfunc)
contiki-sky.a(uip-debug.o)    contiki-sky.a(tsch-queue.o) (uip_debug_lladdr_print)
contiki-sky.a(uip-ds6-route.o)
                              contiki-sky.a(tcpip.o) (uip_ds6_route_nexthop)
contiki-sky.a(uip-ds6-nbr.o)  contiki-sky.a(tcpip.o) (uip_ds6_nbr_get_ll)
contiki-sky.a(uip-ds6.o)      contiki-sky.a(tcpip.o) (uip_ds6_is_addr_onlink)
contiki-sky.a(uip6.o)         contiki-sky.a(sicslowpan.o) (uip_aligned_buf)
contiki-sky.a(contiki-sky-pla)
                              obj_sky/contiki-sky-main.o (init_platform)
contiki-sky.a(button-sensor.o)
                              contiki-sky.a(contiki-sky-pla) (button_sensor)
contiki-sky.a(cc2420.o)       contiki-sky.a(tsch.o) (cc2420_on)
contiki-sky.a(ds2411.o)       obj_sky/contiki-sky-main.o (ds2411_init)
contiki-sky.a(xmem.o)         obj_sky/contiki-sky-main.o (xmem_init)
contiki-sky.a(node-id.o)      obj_sky/contiki-sky-main.o (node_id_restore)
contiki-sky.a(sensors.o)      contiki-sky.a(button-sensor.o) (sensors_changed)
contiki-sky.a(cc2420-arch.o)  contiki-sky.a(cc2420.o) (cc2420_arch_init)
contiki-sky.a(cc2420-arch-sfd)
                              contiki-sky.a(cc2420-arch.o) (cc2420_arch_sfd_init)
contiki-sky.a(uart1.o)        obj_sky/contiki-sky-main.o (uart1_active)
contiki-sky.a(uart1-putchar.o)
                              obj_sky/contiki-sky-main.o (putchar)
contiki-sky.a(msp430.o)       contiki-sky.a(uart1.o) (msp430_add_lpm_req)
contiki-sky.a(clock.o)        contiki-sky.a(tsch.o) (clock_time)
contiki-sky.a(leds.o)         obj_sky/contiki-sky-main.o (leds_init)
contiki-sky.a(leds-arch.o)    contiki-sky.a(leds.o) (leds_arch_init)
contiki-sky.a(watchdog.o)     obj_sky/contiki-sky-main.o (watchdog_start)
contiki-sky.a(rtimer-arch.o)  contiki-sky.a(rtimer.o) (rtimer_arch_init)
contiki-sky.a(frame802154.o)  contiki-sky.a(tsch-packet.o) (frame802154_parse)
contiki-sky.a(mac.o)          contiki-sky.a(tsch.o) (mac_call_sent_callback)
contiki-sky.a(framer-802154.o)
                              contiki-sky.a(tsch.o) (framer_802154)
contiki-sky.a(rpl.o)          contiki-sky.a(uip-ds6-nbr.o) (rpl_link_neighbor_callback)
contiki-sky.a(rpl-dag.o)      contiki-sky.a(rpl.o) (rpl_dag_init)
contiki-sky.a(rpl-icmp6.o)    contiki-sky.a(rpl.o) (dao_output_target)
contiki-sky.a(rpl-timers.o)   contiki-sky.a(rpl.o) (rpl_reset_periodic_timer)
contiki-sky.a(rpl-mrhof.o)    contiki-sky.a(rpl-dag.o) (rpl_mrhof)
contiki-sky.a(rpl-ext-header.)
                              contiki-sky.a(uip6.o) (rpl_verify_header)
contiki-sky.a(nbr-table.o)    contiki-sky.a(uip-ds6-route.o) (nbr_table_register)
contiki-sky.a(uip-icmp6.o)    contiki-sky.a(uip6.o) (uip_icmp6_echo_request_input)
contiki-sky.a(spi.o)          contiki-sky.a(xmem.o) (spi_init)
contiki-sky.a(tsch-rpl.o)     contiki-sky.a(rpl-timers.o) (tsch_rpl_callback_new_dio_interval)
/usr/lib/gcc/msp430/4.6.3/mmpy-16/libgcc.a(_mulsi3.o)
                              contiki-sky.a(tsch.o) (__mulsi3)
/usr/lib/gcc/msp430/4.6.3/mmpy-16/libgcc.a(_udivmod16.o)
                              contiki-sky.a(rpl-icmp6.o) (__udivhi3)
/usr/lib/gcc/msp430/4.6.3/mmpy-16/libgcc.a(_divmod16.o)
                              contiki-sky.a(sicslowpan.o) (__divhi3)
[...]
Memory Configuration

Name             Origin             Length             Attributes
sfr              0x0000000000000000 0x0000000000000010
peripheral_8bit  0x0000000000000010 0x00000000000000f0
peripheral_16bit 0x0000000000000100 0x0000000000000100
ram_mirror       0x0000000000000200 0x0000000000000800 xw
infomem          0x0000000000001000 0x0000000000000100
infob            0x0000000000001000 0x0000000000000080
infoa            0x0000000000001080 0x0000000000000080
ram              0x0000000000001100 0x0000000000002800 xw
rom              0x0000000000004000 0x000000000000bfe0 xr
vectors          0x000000000000ffe0 0x0000000000000020
bsl              0x0000000000000000 0x0000000000000000
infoc            0x0000000000000000 0x0000000000000000
infod            0x0000000000000000 0x0000000000000000
ram2             0x0000000000000000 0x0000000000000000 xw
usbram           0x0000000000000000 0x0000000000000000 xw
far_rom          0x0000000000000000 0x0000000000000000
*default*        0x0000000000000000 0xffffffffffffffff

Linker script and memory map

LOAD /usr/lib/gcc/msp430/4.6.3/mmpy-16/crt0ivtbl16.o
LOAD listener.co
LOAD obj_sky/contiki-sky-main.o
LOAD contiki-sky.a
LOAD /usr/lib/gcc/msp430/4.6.3/mmpy-16/libgcc.a
LOAD /usr/lib/gcc/msp430/4.6.3/../../../../msp430/lib/mmpy-16/libc.a
LOAD /usr/lib/gcc/msp430/4.6.3/mmpy-16/libgcc.a
LOAD /usr/lib/gcc/msp430/4.6.3/mmpy-16/libcrt0.a
                0x0000000000000080                PROVIDE (__info_segment_size, 0x80)
                0x0000000000001000                PROVIDE (__infob, 0x1000)
                0x0000000000001080                PROVIDE (__infoa, 0x1080)
                0x0000000000000000                __IE1 = 0x0
                0x0000000000000002                __IFG1 = 0x2
                0x0000000000000004                __ME1 = 0x4
                0x0000000000000001                __IE2 = 0x1
                0x0000000000000003                __IFG2 = 0x3
                0x0000000000000005                __ME2 = 0x5
                0x0000000000000120                __WDTCTL = 0x120
                0x0000000000000130                __MPY = 0x130
                0x0000000000000132                __MPYS = 0x132
                0x0000000000000134                __MAC = 0x134
                0x0000000000000136                __MACS = 0x136
                0x0000000000000138                __OP2 = 0x138
                0x000000000000013a                __RESLO = 0x13a
                0x000000000000013c                __RESHI = 0x13c
                0x000000000000013e                __SUMEXT = 0x13e
                0x0000000000000020                __P1IN = 0x20
                0x0000000000000021                __P1OUT = 0x21
                0x0000000000000022                __P1DIR = 0x22
                0x0000000000000023                __P1IFG = 0x23
                0x0000000000000024                __P1IES = 0x24
                0x0000000000000025                __P1IE = 0x25
                0x0000000000000026                __P1SEL = 0x26
                0x0000000000000028                __P2IN = 0x28
                0x0000000000000029                __P2OUT = 0x29
                0x000000000000002a                __P2DIR = 0x2a
                0x000000000000002b                __P2IFG = 0x2b
                0x000000000000002c                __P2IES = 0x2c
                0x000000000000002d                __P2IE = 0x2d
                0x000000000000002e                __P2SEL = 0x2e
                0x0000000000000018                __P3IN = 0x18
                0x0000000000000019                __P3OUT = 0x19
                0x000000000000001a                __P3DIR = 0x1a
                0x000000000000001b                __P3SEL = 0x1b
                0x000000000000001c                __P4IN = 0x1c
                0x000000000000001d                __P4OUT = 0x1d
                0x000000000000001e                __P4DIR = 0x1e
                0x000000000000001f                __P4SEL = 0x1f
                0x0000000000000030                __P5IN = 0x30
                0x0000000000000031                __P5OUT = 0x31
                0x0000000000000032                __P5DIR = 0x32
                0x0000000000000033                __P5SEL = 0x33
                0x0000000000000034                __P6IN = 0x34
                0x0000000000000035                __P6OUT = 0x35
                0x0000000000000036                __P6DIR = 0x36
                0x0000000000000037                __P6SEL = 0x37
                0x0000000000000070                __U0CTL = 0x70
                0x0000000000000071                __U0TCTL = 0x71
                0x0000000000000072                __U0RCTL = 0x72
                0x0000000000000073                __U0MCTL = 0x73
                0x0000000000000074                __U0BR0 = 0x74
                0x0000000000000075                __U0BR1 = 0x75
                0x0000000000000076                __U0RXBUF = 0x76
                0x0000000000000077                __U0TXBUF = 0x77
                0x0000000000000078                __U1CTL = 0x78
                0x0000000000000079                __U1TCTL = 0x79
                0x000000000000007a                __U1RCTL = 0x7a
                0x000000000000007b                __U1MCTL = 0x7b
                0x000000000000007c                __U1BR0 = 0x7c
                0x000000000000007d                __U1BR1 = 0x7d
                0x000000000000007e                __U1RXBUF = 0x7e
                0x000000000000007f                __U1TXBUF = 0x7f
                0x0000000000000050                __I2CIE = 0x50
                0x0000000000000051                __I2CIFG = 0x51
                0x0000000000000052                __I2CNDAT = 0x52
                0x0000000000000071                __I2CTCTL = 0x71
                0x0000000000000072                __I2CDCTL = 0x72
                0x0000000000000073                __I2CPSC = 0x73
                0x0000000000000074                __I2CSCLH = 0x74
                0x0000000000000075                __I2CSCLL = 0x75
                0x0000000000000076                __I2CDRB = 0x76
                0x0000000000000076                __I2CDRW = 0x76
                0x0000000000000118                __I2COA = 0x118
                0x000000000000011a                __I2CSA = 0x11a
                0x000000000000011c                __I2CIV = 0x11c
                0x000000000000012e                __TAIV = 0x12e
                0x0000000000000160                __TACTL = 0x160
                0x0000000000000162                __TACCTL0 = 0x162
                0x0000000000000164                __TACCTL1 = 0x164
                0x0000000000000166                __TACCTL2 = 0x166
                0x0000000000000170                __TAR = 0x170
                0x0000000000000172                __TACCR0 = 0x172
                0x0000000000000174                __TACCR1 = 0x174
                0x0000000000000176                __TACCR2 = 0x176
                0x000000000000011e                __TBIV = 0x11e
                0x0000000000000180                __TBCTL = 0x180
                0x0000000000000182                __TBCCTL0 = 0x182
                0x0000000000000184                __TBCCTL1 = 0x184
                0x0000000000000186                __TBCCTL2 = 0x186
                0x0000000000000188                __TBCCTL3 = 0x188
                0x000000000000018a                __TBCCTL4 = 0x18a
                0x000000000000018c                __TBCCTL5 = 0x18c
                0x000000000000018e                __TBCCTL6 = 0x18e
                0x0000000000000190                __TBR = 0x190
                0x0000000000000192                __TBCCR0 = 0x192
                0x0000000000000194                __TBCCR1 = 0x194
                0x0000000000000196                __TBCCR2 = 0x196
                0x0000000000000198                __TBCCR3 = 0x198
                0x000000000000019a                __TBCCR4 = 0x19a
                0x000000000000019c                __TBCCR5 = 0x19c
                0x000000000000019e                __TBCCR6 = 0x19e
                0x0000000000000056                __DCOCTL = 0x56
                0x0000000000000057                __BCSCTL1 = 0x57
                0x0000000000000058                __BCSCTL2 = 0x58
                0x0000000000000055                __SVSCTL = 0x55
                0x0000000000000128                __FCTL1 = 0x128
                0x000000000000012a                __FCTL2 = 0x12a
                0x000000000000012c                __FCTL3 = 0x12c
                0x0000000000000059                __CACTL1 = 0x59
                0x000000000000005a                __CACTL2 = 0x5a
                0x000000000000005b                __CAPD = 0x5b
                0x00000000000001a0                __ADC12CTL0 = 0x1a0
                0x00000000000001a2                __ADC12CTL1 = 0x1a2
                0x00000000000001a4                __ADC12IFG = 0x1a4
                0x00000000000001a6                __ADC12IE = 0x1a6
                0x00000000000001a8                __ADC12IV = 0x1a8
                0x0000000000000140                __ADC12MEM0 = 0x140
                0x0000000000000142                __ADC12MEM1 = 0x142
                0x0000000000000144                __ADC12MEM2 = 0x144
                0x0000000000000146                __ADC12MEM3 = 0x146
                0x0000000000000148                __ADC12MEM4 = 0x148
                0x000000000000014a                __ADC12MEM5 = 0x14a
                0x000000000000014c                __ADC12MEM6 = 0x14c
                0x000000000000014e                __ADC12MEM7 = 0x14e
                0x0000000000000150                __ADC12MEM8 = 0x150
                0x0000000000000152                __ADC12MEM9 = 0x152
                0x0000000000000154                __ADC12MEM10 = 0x154
                0x0000000000000156                __ADC12MEM11 = 0x156
                0x0000000000000158                __ADC12MEM12 = 0x158
                0x000000000000015a                __ADC12MEM13 = 0x15a
                0x000000000000015c                __ADC12MEM14 = 0x15c
                0x000000000000015e                __ADC12MEM15 = 0x15e
                0x0000000000000080                __ADC12MCTL0 = 0x80
                0x0000000000000081                __ADC12MCTL1 = 0x81
                0x0000000000000082                __ADC12MCTL2 = 0x82
                0x0000000000000083                __ADC12MCTL3 = 0x83
                0x0000000000000084                __ADC12MCTL4 = 0x84
                0x0000000000000085                __ADC12MCTL5 = 0x85
                0x0000000000000086                __ADC12MCTL6 = 0x86
                0x0000000000000087                __ADC12MCTL7 = 0x87
                0x0000000000000088                __ADC12MCTL8 = 0x88
                0x0000000000000089                __ADC12MCTL9 = 0x89
                0x000000000000008a                __ADC12MCTL10 = 0x8a
                0x000000000000008b                __ADC12MCTL11 = 0x8b
                0x000000000000008c                __ADC12MCTL12 = 0x8c
                0x000000000000008d                __ADC12MCTL13 = 0x8d
                0x000000000000008e                __ADC12MCTL14 = 0x8e
                0x000000000000008f                __ADC12MCTL15 = 0x8f
                0x00000000000001c0                __DAC12_0CTL = 0x1c0
                0x00000000000001c2                __DAC12_1CTL = 0x1c2
                0x00000000000001c8                __DAC12_0DAT = 0x1c8
                0x00000000000001ca                __DAC12_1DAT = 0x1ca
                0x0000000000000122                __DMACTL0 = 0x122
                0x0000000000000124                __DMACTL1 = 0x124
                0x00000000000001e0                __DMA0CTL = 0x1e0
                0x00000000000001e8                __DMA1CTL = 0x1e8
                0x00000000000001f0                __DMA2CTL = 0x1f0
                0x00000000000001e2                __DMA0SA = 0x1e2
                0x00000000000001e4                __DMA0DA = 0x1e4
                0x00000000000001e6                __DMA0SZ = 0x1e6
                0x00000000000001ea                __DMA1SA = 0x1ea
                0x00000000000001ec                __DMA1DA = 0x1ec
                0x00000000000001ee                __DMA1SZ = 0x1ee
                0x00000000000001f2                __DMA2SA = 0x1f2
                0x00000000000001f4                __DMA2DA = 0x1f4
                0x00000000000001f6                __DMA2SZ = 0x1f6

.hash
 *(.hash)

.dynsym
 *(.dynsym)

.dynstr
 *(.dynstr)

.gnu.version
 *(.gnu.version)

.gnu.version_d
 *(.gnu.version_d)

.gnu.version_r
 *(.gnu.version_r)

.rel.init
 *(.rel.init)

.rela.init
 *(.rela.init)

.rel.fini
 *(.rel.fini)

.rela.fini
 *(.rela.fini)

.rel.text
 *(.rel.text .rel.text.* .rel.gnu.linkonce.t.*)

.rela.text
 *(.rela.text .rela.text.* .rela.gnu.linkonce.t.*)

.rel.rodata
 *(.rel.rodata .rel.rodata.* .rel.gnu.linkonce.r.*)

.rela.rodata
 *(.rela.rodata .rela.rodata.* .rela.gnu.linkonce.r.*)

.rel.data
 *(.rel.data .rel.data.* .rel.gnu.linkonce.d.*)

.rela.data
 *(.rela.data .rela.data.* .rela.gnu.linkonce.d.*)

.rel.bss
 *(.rel.bss .rel.bss.* .rel.gnu.linkonce.b.*)

.rela.bss
 *(.rela.bss .rela.bss.* .rela.gnu.linkonce.b.*)

.rel.ctors
 *(.rel.ctors)

.rela.ctors
 *(.rela.ctors)

.rel.dtors
 *(.rel.dtors)

.rela.dtors
 *(.rela.dtors)

.rel.got
 *(.rel.got)

.rela.got
 *(.rela.got)

.rel.plt
 *(.rel.plt)

.rela.plt
 *(.rela.plt)

.text           0x0000000000004000     0xad50
                0x0000000000004000                . = ALIGN (0x2)
 *(.init .init.*)
 *(.init0)
 .init0         0x0000000000004000        0x0 /usr/lib/gcc/msp430/4.6.3/mmpy-16/libcrt0.a(_reset_vector__.o)
                0x0000000000004000                _reset_vector__
 *(.init1)
 .init1         0x0000000000004000        0xc /usr/lib/gcc/msp430/4.6.3/mmpy-16/libcrt0.a(__watchdog_support.o)
                0x0000000000004000                __watchdog_support
 *(.init2)
 .init2         0x000000000000400c        0x4 /usr/lib/gcc/msp430/4.6.3/mmpy-16/libcrt0.a(__init_stack.o)
                0x000000000000400c                __init_stack
 *(.init3)
 .init3         0x0000000000004010        0x0 /usr/lib/gcc/msp430/4.6.3/mmpy-16/libcrt0.a(__low_level_init.o)
                0x0000000000004010                __low_level_init
 *(.init4)
 .init4         0x0000000000004010       0x18 /usr/lib/gcc/msp430/4.6.3/mmpy-16/libcrt0.a(_copy_data.o)
                0x0000000000004010                __do_copy_data
 .init4         0x0000000000004028       0x16 /usr/lib/gcc/msp430/4.6.3/mmpy-16/libcrt0.a(_clear_bss.o)
                0x0000000000004028                __do_clear_bss
 *(.init5)
 *(.init6)
 *(.init7)
 *(.init8)
 *(.init9)
 .init9         0x000000000000403e      0x314 obj_sky/contiki-sky-main.o
                0x000000000000403e                main
 *(.fini9)
 .fini9         0x0000000000004352        0x0 /usr/lib/gcc/msp430/4.6.3/mmpy-16/libcrt0.a(__stop_progExec__.o)
                0x0000000000004352                __stop_progExec__
 *(.fini8)
 *(.fini7)
 *(.fini6)
 *(.fini5)
 *(.fini4)
 *(.fini3)
 *(.fini2)
 *(.fini1)
 *(.fini0)
 .fini0         0x0000000000004352        0x6 /usr/lib/gcc/msp430/4.6.3/mmpy-16/libcrt0.a(_endless_loop__.o)
                0x0000000000004352                _endless_loop__
 *(.fini .fini.*)
                0x0000000000004358                . = ALIGN (0x2)
                0x0000000000004358                __ctors_start = .
 *(.ctors)
                0x0000000000004358                __ctors_end = .
                0x0000000000004358                __dtors_start = .
 *(.dtors)
                0x0000000000004358                __dtors_end = .
                0x0000000000004358                . = ALIGN (0x2)
 *(.text .text.* .gnu.linkonce.t.*)
 .text          0x0000000000004358        0x4 /usr/lib/gcc/msp430/4.6.3/mmpy-16/crt0ivtbl16.o
                0x0000000000004358                __isr_14
                0x0000000000004358                __isr_11
                0x0000000000004358                __isr_2
                0x0000000000004358                __isr_7
                0x0000000000004358                __isr_0
                0x0000000000004358                __isr_8
                0x0000000000004358                __isr_3
                0x0000000000004358                __isr_13
                0x0000000000004358                __isr_9
 .text.process_thread_listener
                0x000000000000435c       0x52 listener.co
 .text.rimeaddr_copy
                0x00000000000043ae        0x8 contiki-sky.a(rimeaddr.o)
                0x00000000000043ae                rimeaddr_copy
 .text.rimeaddr_cmp
                0x00000000000043b6       0x12 contiki-sky.a(rimeaddr.o)
                0x00000000000043b6                rimeaddr_cmp
 .text.rimeaddr_set_node_addr
                0x00000000000043c8        0xc contiki-sky.a(rimeaddr.o)
                0x00000000000043c8                rimeaddr_set_node_addr
 .text.send_packet
                0x00000000000043d4        0x2 contiki-sky.a(nordc.o)
 .text.send_list
                0x00000000000043d6        0x2 contiki-sky.a(nordc.o)
 .text.packet_input
                0x00000000000043d8        0x2 contiki-sky.a(nordc.o)
 .text.on       0x00000000000043da        0x4 contiki-sky.a(nordc.o)
 .text.off      0x00000000000043de        0x4 contiki-sky.a(nordc.o)
 .text.channel_check_interval
                0x00000000000043e2        0x4 contiki-sky.a(nordc.o)
 .text.init     0x00000000000043e6        0x2 contiki-sky.a(nordc.o)
 .text.off      0x00000000000043e8        0x6 contiki-sky.a(tsch.o)
 .text.channel_check_interval
                0x00000000000043ee        0x4 contiki-sky.a(tsch.o)
 .text.check_timer_miss
                0x00000000000043f2       0x2e contiki-sky.a(tsch.o)
 .text.tsch_init_variables
                0x0000000000004420       0x36 contiki-sky.a(tsch.o)
 .text.turn_on  0x0000000000004456        0x4 contiki-sky.a(tsch.o)
 .text.turn_off
                0x000000000000445a        0x4 contiki-sky.a(tsch.o)
 .text.packet_input
                0x000000000000445e       0xaa contiki-sky.a(tsch.o)
 .text.send_packet
                0x0000000000004508       0x72 contiki-sky.a(tsch.o)
 .text.tsch_init
                0x000000000000457a       0xce contiki-sky.a(tsch.o)
 .text.process_thread_tsch_pending_events_process
                0x0000000000004648       0xe4 contiki-sky.a(tsch.o)
 .text.process_thread_tsch_send_eb_process
                0x000000000000472c      0x154 contiki-sky.a(tsch.o)
 .text.tsch_schedule_keepalive
                0x0000000000004880       0x40 contiki-sky.a(tsch.o)
 .text.keepalive_packet_sent
                0x00000000000048c0        0xe contiki-sky.a(tsch.o)
 .text.keepalive_send
                0x00000000000048ce       0x2c contiki-sky.a(tsch.o)
 .text.tsch_schedule_link_operation.constprop.4
                0x00000000000048fa       0x82 contiki-sky.a(tsch.o)
 .text.tsch_is_locked
                0x000000000000497c        0x6 contiki-sky.a(tsch.o)
                0x000000000000497c                tsch_is_locked
 .text.tsch_get_lock
                0x0000000000004982       0x78 contiki-sky.a(tsch.o)
                0x0000000000004982                tsch_get_lock
 .text.tsch_release_lock
                0x00000000000049fa        0x6 contiki-sky.a(tsch.o)
                0x00000000000049fa                tsch_release_lock
 .text.tsch_calculate_channel
                0x0000000000004a00       0x62 contiki-sky.a(tsch.o)
                0x0000000000004a00                tsch_calculate_channel
 .text.hop_channel.constprop.8
                0x0000000000004a62       0x24 contiki-sky.a(tsch.o)
 .text.tsch_associate.constprop.3
                0x0000000000004a86      0x29c contiki-sky.a(tsch.o)
 .text.process_thread_tsch_process
                0x0000000000004d22       0xe4 contiki-sky.a(tsch.o)
 .text.tsch_link_operation
                0x0000000000004e06      0xa10 contiki-sky.a(tsch.o)
 .text.tsch_set_eb_period
                0x0000000000005816       0x64 contiki-sky.a(tsch.o)
                0x0000000000005816                tsch_set_eb_period
 .text.tsch_random_init
                0x000000000000587a        0xa contiki-sky.a(tsch-queue.o)
                0x000000000000587a                tsch_random_init
 .text.tsch_random_byte
                0x0000000000005884       0x38 contiki-sky.a(tsch-queue.o)
                0x0000000000005884                tsch_random_byte
 .text.tsch_queue_get_nbr
                0x00000000000058bc       0x3e contiki-sky.a(tsch-queue.o)
                0x00000000000058bc                tsch_queue_get_nbr
 .text.tsch_queue_add_nbr
                0x00000000000058fa       0x86 contiki-sky.a(tsch-queue.o)
                0x00000000000058fa                tsch_queue_add_nbr
 .text.tsch_queue_get_time_source
                0x0000000000005980       0x26 contiki-sky.a(tsch-queue.o)
                0x0000000000005980                tsch_queue_get_time_source
 .text.tsch_queue_update_time_source
                0x00000000000059a6       0x64 contiki-sky.a(tsch-queue.o)
                0x00000000000059a6                tsch_queue_update_time_source
 .text.tsch_queue_add_packet
                0x0000000000005a0a       0xc8 contiki-sky.a(tsch-queue.o)
                0x0000000000005a0a                tsch_queue_add_packet
 .text.tsch_queue_packet_count
                0x0000000000005ad2       0x26 contiki-sky.a(tsch-queue.o)
                0x0000000000005ad2                tsch_queue_packet_count
 .text.tsch_queue_remove_packet_from_queue
                0x0000000000005af8       0x32 contiki-sky.a(tsch-queue.o)
                0x0000000000005af8                tsch_queue_remove_packet_from_queue
 .text.tsch_queue_free_packet
                0x0000000000005b2a       0x1c contiki-sky.a(tsch-queue.o)
                0x0000000000005b2a                tsch_queue_free_packet
 .text.tsch_queue_is_empty
                0x0000000000005b46       0x2c contiki-sky.a(tsch-queue.o)
                0x0000000000005b46                tsch_queue_is_empty
 .text.tsch_queue_remove_nbr
                0x0000000000005b72       0x42 contiki-sky.a(tsch-queue.o)
 .text.tsch_queue_free_unused_neighbors
                0x0000000000005bb4       0x4e contiki-sky.a(tsch-queue.o)
                0x0000000000005bb4                tsch_queue_free_unused_neighbors
 .text.tsch_queue_get_packet_for_nbr
                0x0000000000005c02       0x42 contiki-sky.a(tsch-queue.o)
                0x0000000000005c02                tsch_queue_get_packet_for_nbr
 .text.tsch_queue_get_unicast_packet_for_any
                0x0000000000005c44       0x54 contiki-sky.a(tsch-queue.o)
                0x0000000000005c44                tsch_queue_get_unicast_packet_for_any
 .text.tsch_queue_backoff_reset
                0x0000000000005c98        0xa contiki-sky.a(tsch-queue.o)
                0x0000000000005c98                tsch_queue_backoff_reset
 .text.tsch_queue_backoff_inc
                0x0000000000005ca2       0x3c contiki-sky.a(tsch-queue.o)
                0x0000000000005ca2                tsch_queue_backoff_inc
 .text.tsch_queue_update_all_backoff_windows
                0x0000000000005cde       0x5e contiki-sky.a(tsch-queue.o)
                0x0000000000005cde                tsch_queue_update_all_backoff_windows
 .text.tsch_queue_init
                0x0000000000005d3c       0x4c contiki-sky.a(tsch-queue.o)
                0x0000000000005d3c                tsch_queue_init
 .text.tsch_packet_parse_sync_ack
                0x0000000000005d88       0xe2 contiki-sky.a(tsch-packet.o)
                0x0000000000005d88                tsch_packet_parse_sync_ack
 .text.tsch_packet_make_sync_ack
                0x0000000000005e6a       0xb8 contiki-sky.a(tsch-packet.o)
                0x0000000000005e6a                tsch_packet_make_sync_ack
 .text.tsch_packet_parse_frame_type_from_fcf_lsb
                0x0000000000005f22       0x50 contiki-sky.a(tsch-packet.o)
                0x0000000000005f22                tsch_packet_parse_frame_type_from_fcf_lsb
 .text.tsch_packet_parse_frame_type
                0x0000000000005f72       0x1e contiki-sky.a(tsch-packet.o)
                0x0000000000005f72                tsch_packet_parse_frame_type
 .text.tsch_packet_extract_addresses
                0x0000000000005f90       0x9a contiki-sky.a(tsch-packet.o)
                0x0000000000005f90                tsch_packet_extract_addresses
 .text.tsch_packet_make_eb
                0x000000000000602a      0x100 contiki-sky.a(tsch-packet.o)
                0x000000000000602a                tsch_packet_make_eb
 .text.tsch_packet_update_eb
                0x000000000000612a       0x68 contiki-sky.a(tsch-packet.o)
                0x000000000000612a                tsch_packet_update_eb
 .text.tsch_parse_eb
                0x0000000000006192      0x16a contiki-sky.a(tsch-packet.o)
                0x0000000000006192                tsch_parse_eb
 .text.tsch_schedule_get_slotframe_from_handle
                0x00000000000062fc       0x2c contiki-sky.a(tsch-schedule.o)
                0x00000000000062fc                tsch_schedule_get_slotframe_from_handle
 .text.tsch_schedule_get_next_active_link
                0x0000000000006328       0xc0 contiki-sky.a(tsch-schedule.o)
                0x0000000000006328                tsch_schedule_get_next_active_link
 .text.tsch_schedule_init
                0x00000000000063e8       0x2c contiki-sky.a(tsch-schedule.o)
                0x00000000000063e8                tsch_schedule_init
 .text.tsch_log_process_pending
                0x0000000000006414       0x48 contiki-sky.a(tsch-log.o)
                0x0000000000006414                tsch_log_process_pending
 .text.tsch_log_prepare_add
                0x000000000000645c       0x4c contiki-sky.a(tsch-log.o)
                0x000000000000645c                tsch_log_prepare_add
 .text.tsch_log_commit
                0x00000000000064a8       0x12 contiki-sky.a(tsch-log.o)
                0x00000000000064a8                tsch_log_commit
 .text.tsch_log_init
                0x00000000000064ba        0xe contiki-sky.a(tsch-log.o)
                0x00000000000064ba                tsch_log_init
 .text.call_process
                0x00000000000064c8       0x48 contiki-sky.a(process.o)
 .text.exit_process
                0x0000000000006510       0x94 contiki-sky.a(process.o)
 .text.do_poll  0x00000000000065a4       0x30 contiki-sky.a(process.o)
 .text.process_alloc_event
                0x00000000000065d4        0xe contiki-sky.a(process.o)
                0x00000000000065d4                process_alloc_event
 .text.process_init
                0x00000000000065e2       0x1c contiki-sky.a(process.o)
                0x00000000000065e2                process_init
 .text.process_run
                0x00000000000065fe       0xa2 contiki-sky.a(process.o)
                0x00000000000065fe                process_run
 .text.process_nevents
                0x00000000000066a0        0xe contiki-sky.a(process.o)
                0x00000000000066a0                process_nevents
 .text.process_post
                0x00000000000066ae       0x54 contiki-sky.a(process.o)
                0x00000000000066ae                process_post
 .text.process_post_synch
                0x0000000000006702       0x12 contiki-sky.a(process.o)
                0x0000000000006702                process_post_synch
 .text.process_start
                0x0000000000006714       0x32 contiki-sky.a(process.o)
                0x0000000000006714                process_start
 .text.process_poll
                0x0000000000006746       0x18 contiki-sky.a(process.o)
                0x0000000000006746                process_poll
 .text.autostart_start
                0x000000000000675e       0x16 contiki-sky.a(autostart.o)
                0x000000000000675e                autostart_start
 .text.memb_init
                0x0000000000006774       0x36 contiki-sky.a(memb.o)
                0x0000000000006774                memb_init
 .text.memb_alloc
                0x00000000000067aa       0x3e contiki-sky.a(memb.o)
                0x00000000000067aa                memb_alloc
 .text.memb_free
                0x00000000000067e8       0x3a contiki-sky.a(memb.o)
                0x00000000000067e8                memb_free
 .text.memb_inmemb
                0x0000000000006822       0x2e contiki-sky.a(memb.o)
                0x0000000000006822                memb_inmemb
 .text.memb_numfree
                0x0000000000006850       0x26 contiki-sky.a(memb.o)
                0x0000000000006850                memb_numfree
 .text.timer_set
                0x0000000000006876       0x1c contiki-sky.a(timer.o)
                0x0000000000006876                timer_set
 .text.timer_reset
                0x0000000000006892        0xe contiki-sky.a(timer.o)
                0x0000000000006892                timer_reset
 .text.timer_expired
                0x00000000000068a0       0x2a contiki-sky.a(timer.o)
                0x00000000000068a0                timer_expired
 .text.list_init
                0x00000000000068ca        0x6 contiki-sky.a(list.o)
                0x00000000000068ca                list_init
 .text.list_head
                0x00000000000068d0        0x4 contiki-sky.a(list.o)
                0x00000000000068d0                list_head
 .text.list_tail
                0x00000000000068d4       0x12 contiki-sky.a(list.o)
                0x00000000000068d4                list_tail
 .text.list_remove
                0x00000000000068e6       0x34 contiki-sky.a(list.o)
                0x00000000000068e6                list_remove
 .text.list_push
                0x000000000000691a       0x1a contiki-sky.a(list.o)
                0x000000000000691a                list_push
 .text.list_add
                0x0000000000006934       0x2a contiki-sky.a(list.o)
                0x0000000000006934                list_add
 .text.list_length
                0x000000000000695e       0x10 contiki-sky.a(list.o)
                0x000000000000695e                list_length
 .text.list_item_next
                0x000000000000696e        0xc contiki-sky.a(list.o)
                0x000000000000696e                list_item_next
 .text.update_time
                0x000000000000697a       0x78 contiki-sky.a(etimer.o)
 .text.etimer_request_poll
                0x00000000000069f2        0xa contiki-sky.a(etimer.o)
                0x00000000000069f2                etimer_request_poll
 .text.process_thread_etimer_process
                0x00000000000069fc       0xc8 contiki-sky.a(etimer.o)
 .text.add_timer
                0x0000000000006ac4       0x40 contiki-sky.a(etimer.o)
 .text.etimer_set
                0x0000000000006b04       0x12 contiki-sky.a(etimer.o)
                0x0000000000006b04                etimer_set
 .text.etimer_reset
                0x0000000000006b16       0x12 contiki-sky.a(etimer.o)
                0x0000000000006b16                etimer_reset
 .text.etimer_expired
                0x0000000000006b28        0xe contiki-sky.a(etimer.o)
                0x0000000000006b28                etimer_expired
 .text.etimer_expiration_time
                0x0000000000006b36       0x14 contiki-sky.a(etimer.o)
                0x0000000000006b36                etimer_expiration_time
 .text.etimer_pending
                0x0000000000006b4a        0xc contiki-sky.a(etimer.o)
                0x0000000000006b4a                etimer_pending
 .text.etimer_next_expiration_time
                0x0000000000006b56       0x16 contiki-sky.a(etimer.o)
                0x0000000000006b56                etimer_next_expiration_time
 .text.etimer_stop
                0x0000000000006b6c       0x3c contiki-sky.a(etimer.o)
                0x0000000000006b6c                etimer_stop
 .text.process_thread_ctimer_process
                0x0000000000006ba8       0xa4 contiki-sky.a(ctimer.o)
 .text.ctimer_init
                0x0000000000006c4c       0x18 contiki-sky.a(ctimer.o)
                0x0000000000006c4c                ctimer_init
 .text.ctimer_set
                0x0000000000006c64       0x50 contiki-sky.a(ctimer.o)
                0x0000000000006c64                ctimer_set
 .text.ctimer_reset
                0x0000000000006cb4       0x3a contiki-sky.a(ctimer.o)
                0x0000000000006cb4                ctimer_reset
 .text.ctimer_stop
                0x0000000000006cee       0x28 contiki-sky.a(ctimer.o)
                0x0000000000006cee                ctimer_stop
 .text.energest_init
                0x0000000000006d16       0x28 contiki-sky.a(energest.o)
                0x0000000000006d16                energest_init
 .text.energest_type_time
                0x0000000000006d3e       0x46 contiki-sky.a(energest.o)
                0x0000000000006d3e                energest_type_time
 .text.energest_type_set
                0x0000000000006d84        0xe contiki-sky.a(energest.o)
                0x0000000000006d84                energest_type_set
 .text.energest_flush
                0x0000000000006d92       0x48 contiki-sky.a(energest.o)
                0x0000000000006d92                energest_flush
 .text.rtimer_init
                0x0000000000006dda        0x6 contiki-sky.a(rtimer.o)
                0x0000000000006dda                rtimer_init
 .text.rtimer_set
                0x0000000000006de0       0x2e contiki-sky.a(rtimer.o)
                0x0000000000006de0                rtimer_set
 .text.rtimer_run_next
                0x0000000000006e0e       0x2e contiki-sky.a(rtimer.o)
                0x0000000000006e0e                rtimer_run_next
 .text.stimer_set
                0x0000000000006e3c       0x1c contiki-sky.a(stimer.o)
                0x0000000000006e3c                stimer_set
 .text.stimer_expired
                0x0000000000006e58       0x30 contiki-sky.a(stimer.o)
                0x0000000000006e58                stimer_expired
 .text.random_init
                0x0000000000006e88        0x6 contiki-sky.a(random.o)
                0x0000000000006e88                random_init
 .text.random_rand
                0x0000000000006e8e        0x6 contiki-sky.a(random.o)
                0x0000000000006e8e                random_rand
 .text.ringbufindex_init
                0x0000000000006e94       0x10 contiki-sky.a(ringbufindex.o)
                0x0000000000006e94                ringbufindex_init
 .text.ringbufindex_put
                0x0000000000006ea4       0x28 contiki-sky.a(ringbufindex.o)
                0x0000000000006ea4                ringbufindex_put
 .text.ringbufindex_peek_put
                0x0000000000006ecc       0x20 contiki-sky.a(ringbufindex.o)
                0x0000000000006ecc                ringbufindex_peek_put
 .text.ringbufindex_get
                0x0000000000006eec       0x2c contiki-sky.a(ringbufindex.o)
                0x0000000000006eec                ringbufindex_get
 .text.ringbufindex_peek_get
                0x0000000000006f18       0x1c contiki-sky.a(ringbufindex.o)
                0x0000000000006f18                ringbufindex_peek_get
 .text.ringbufindex_elements
                0x0000000000006f34       0x10 contiki-sky.a(ringbufindex.o)
                0x0000000000006f34                ringbufindex_elements
 .text.ringbufindex_empty
                0x0000000000006f44       0x16 contiki-sky.a(ringbufindex.o)
                0x0000000000006f44                ringbufindex_empty
 .text.packetbuf_copyto_hdr
                0x0000000000006f5a       0x1c contiki-sky.a(packetbuf.o)
                0x0000000000006f5a                packetbuf_copyto_hdr
 .text.packetbuf_copyto
                0x0000000000006f76       0x52 contiki-sky.a(packetbuf.o)
                0x0000000000006f76                packetbuf_copyto
 .text.packetbuf_hdrreduce
                0x0000000000006fc8       0x1a contiki-sky.a(packetbuf.o)
                0x0000000000006fc8                packetbuf_hdrreduce
 .text.packetbuf_set_datalen
                0x0000000000006fe2        0x6 contiki-sky.a(packetbuf.o)
                0x0000000000006fe2                packetbuf_set_datalen
 .text.packetbuf_dataptr
                0x0000000000006fe8        0xe contiki-sky.a(packetbuf.o)
                0x0000000000006fe8                packetbuf_dataptr
 .text.packetbuf_hdrptr
                0x0000000000006ff6        0xa contiki-sky.a(packetbuf.o)
                0x0000000000006ff6                packetbuf_hdrptr
 .text.packetbuf_is_reference
                0x0000000000007000        0xe contiki-sky.a(packetbuf.o)
                0x0000000000007000                packetbuf_is_reference
 .text.packetbuf_reference_ptr
                0x000000000000700e        0x6 contiki-sky.a(packetbuf.o)
                0x000000000000700e                packetbuf_reference_ptr
 .text.packetbuf_datalen
                0x0000000000007014        0x6 contiki-sky.a(packetbuf.o)
                0x0000000000007014                packetbuf_datalen
 .text.packetbuf_totlen
                0x000000000000701a       0x10 contiki-sky.a(packetbuf.o)
                0x000000000000701a                packetbuf_totlen
 .text.packetbuf_hdralloc
                0x000000000000702a       0x2e contiki-sky.a(packetbuf.o)
                0x000000000000702a                packetbuf_hdralloc
 .text.packetbuf_attr_clear
                0x0000000000007058       0x3e contiki-sky.a(packetbuf.o)
                0x0000000000007058                packetbuf_attr_clear
 .text.packetbuf_clear
                0x0000000000007096       0x1a contiki-sky.a(packetbuf.o)
                0x0000000000007096                packetbuf_clear
 .text.packetbuf_copyfrom
                0x00000000000070b0       0x2e contiki-sky.a(packetbuf.o)
                0x00000000000070b0                packetbuf_copyfrom
 .text.packetbuf_attr_copyto
                0x00000000000070de       0x22 contiki-sky.a(packetbuf.o)
                0x00000000000070de                packetbuf_attr_copyto
 .text.packetbuf_attr_copyfrom
                0x0000000000007100       0x24 contiki-sky.a(packetbuf.o)
                0x0000000000007100                packetbuf_attr_copyfrom
 .text.queuebuf_init
                0x0000000000007124       0x1a contiki-sky.a(queuebuf.o)
                0x0000000000007124                queuebuf_init
 .text.queuebuf_numfree
                0x000000000000713e       0x1c contiki-sky.a(queuebuf.o)
                0x000000000000713e                queuebuf_numfree
 .text.queuebuf_new_from_packetbuf
                0x000000000000715a       0x88 contiki-sky.a(queuebuf.o)
                0x000000000000715a                queuebuf_new_from_packetbuf
 .text.queuebuf_free
                0x00000000000071e2       0x40 contiki-sky.a(queuebuf.o)
                0x00000000000071e2                queuebuf_free
 .text.queuebuf_to_packetbuf
                0x0000000000007222       0x6e contiki-sky.a(queuebuf.o)
                0x0000000000007222                queuebuf_to_packetbuf
 .text.queuebuf_dataptr
                0x0000000000007290       0x30 contiki-sky.a(queuebuf.o)
                0x0000000000007290                queuebuf_dataptr
 .text.queuebuf_datalen
                0x00000000000072c0        0x8 contiki-sky.a(queuebuf.o)
                0x00000000000072c0                queuebuf_datalen
 .text.queuebuf_addr
                0x00000000000072c8       0x14 contiki-sky.a(queuebuf.o)
                0x00000000000072c8                queuebuf_addr
 .text.addr_context_lookup_by_number
                0x00000000000072dc       0x36 contiki-sky.a(sicslowpan.o)
 .text.compress_addr_64
                0x0000000000007312       0xae contiki-sky.a(sicslowpan.o)
 .text.uncompress_addr
                0x00000000000073c0       0xb4 contiki-sky.a(sicslowpan.o)
 .text.input    0x0000000000007474      0x690 contiki-sky.a(sicslowpan.o)
 .text.sicslowpan_init
                0x0000000000007b04       0x26 contiki-sky.a(sicslowpan.o)
                0x0000000000007b04                sicslowpan_init
 .text.addr_context_lookup_by_prefix
                0x0000000000007b2a       0x4c contiki-sky.a(sicslowpan.o)
 .text.send_packet
                0x0000000000007b76       0x6a contiki-sky.a(sicslowpan.o)
 .text.output   0x0000000000007be0      0x710 contiki-sky.a(sicslowpan.o)
 .text.packet_sent
                0x00000000000082f0       0x72 contiki-sky.a(sicslowpan.o)
 .text.tcpip_output
                0x0000000000008362       0x10 contiki-sky.a(tcpip.o)
                0x0000000000008362                tcpip_output
 .text.tcpip_set_outputfunc
                0x0000000000008372        0x6 contiki-sky.a(tcpip.o)
                0x0000000000008372                tcpip_set_outputfunc
 .text.tcpip_input
                0x0000000000008378       0x16 contiki-sky.a(tcpip.o)
                0x0000000000008378                tcpip_input
 .text.tcpip_ipv6_output
                0x000000000000838e      0x12a contiki-sky.a(tcpip.o)
                0x000000000000838e                tcpip_ipv6_output
 .text.process_thread_tcpip_process
                0x00000000000084b8       0xc2 contiki-sky.a(tcpip.o)
 .text.tcpip_uipcall
                0x000000000000857a       0x2a contiki-sky.a(tcpip.o)
                0x000000000000857a                tcpip_uipcall
 .text.call_route_callback
                0x00000000000085a4       0x4c contiki-sky.a(uip-ds6-route.o)
 .text.uip_ds6_route_init
                0x00000000000085f0       0x2e contiki-sky.a(uip-ds6-route.o)
                0x00000000000085f0                uip_ds6_route_init
 .text.uip_ds6_route_nexthop
                0x000000000000861e       0x1a contiki-sky.a(uip-ds6-route.o)
                0x000000000000861e                uip_ds6_route_nexthop
 .text.uip_ds6_route_head
                0x0000000000008638       0x28 contiki-sky.a(uip-ds6-route.o)
                0x0000000000008638                uip_ds6_route_head
 .text.uip_ds6_route_next
                0x0000000000008660       0x3a contiki-sky.a(uip-ds6-route.o)
                0x0000000000008660                uip_ds6_route_next
 .text.assert_nbr_routes_list_sane
                0x000000000000869a       0x46 contiki-sky.a(uip-ds6-route.o)
 .text.uip_ds6_route_lookup
                0x00000000000086e0       0x5e contiki-sky.a(uip-ds6-route.o)
                0x00000000000086e0                uip_ds6_route_lookup
 .text.uip_ds6_route_add
                0x000000000000873e       0xe2 contiki-sky.a(uip-ds6-route.o)
                0x000000000000873e                uip_ds6_route_add
 .text.uip_ds6_route_rm
                0x0000000000008820       0x68 contiki-sky.a(uip-ds6-route.o)
                0x0000000000008820                uip_ds6_route_rm
 .text.rm_routelist
                0x0000000000008888       0x38 contiki-sky.a(uip-ds6-route.o)
 .text.rm_routelist_callback
                0x00000000000088c0        0x6 contiki-sky.a(uip-ds6-route.o)
 .text.uip_ds6_defrt_rm
                0x00000000000088c6       0x60 contiki-sky.a(uip-ds6-route.o)
                0x00000000000088c6                uip_ds6_defrt_rm
 .text.uip_ds6_defrt_lookup
                0x0000000000008926       0x36 contiki-sky.a(uip-ds6-route.o)
                0x0000000000008926                uip_ds6_defrt_lookup
 .text.uip_ds6_defrt_add
                0x000000000000895c       0x8e contiki-sky.a(uip-ds6-route.o)
                0x000000000000895c                uip_ds6_defrt_add
 .text.uip_ds6_defrt_choose
                0x00000000000089ea       0x3a contiki-sky.a(uip-ds6-route.o)
                0x00000000000089ea                uip_ds6_defrt_choose
 .text.uip_ds6_defrt_periodic
                0x0000000000008a24       0x38 contiki-sky.a(uip-ds6-route.o)
                0x0000000000008a24                uip_ds6_defrt_periodic
 .text.uip_ds6_nbr_rm
                0x0000000000008a5c       0x1a contiki-sky.a(uip-ds6-nbr.o)
                0x0000000000008a5c                uip_ds6_nbr_rm
 .text.uip_ds6_neighbors_init
                0x0000000000008a76        0xe contiki-sky.a(uip-ds6-nbr.o)
                0x0000000000008a76                uip_ds6_neighbors_init
 .text.uip_ds6_nbr_add
                0x0000000000008a84       0x60 contiki-sky.a(uip-ds6-nbr.o)
                0x0000000000008a84                uip_ds6_nbr_add
 .text.uip_ds6_nbr_get_ll
                0x0000000000008ae4        0xc contiki-sky.a(uip-ds6-nbr.o)
                0x0000000000008ae4                uip_ds6_nbr_get_ll
 .text.uip_ds6_nbr_lookup
                0x0000000000008af0       0x42 contiki-sky.a(uip-ds6-nbr.o)
                0x0000000000008af0                uip_ds6_nbr_lookup
 .text.uip_ds6_nbr_ll_lookup
                0x0000000000008b32        0xc contiki-sky.a(uip-ds6-nbr.o)
                0x0000000000008b32                uip_ds6_nbr_ll_lookup
 .text.uip_ds6_nbr_ipaddr_from_lladdr
                0x0000000000008b3e        0x6 contiki-sky.a(uip-ds6-nbr.o)
                0x0000000000008b3e                uip_ds6_nbr_ipaddr_from_lladdr
 .text.uip_ds6_nbr_lladdr_from_ipaddr
                0x0000000000008b44       0x12 contiki-sky.a(uip-ds6-nbr.o)
                0x0000000000008b44                uip_ds6_nbr_lladdr_from_ipaddr
 .text.uip_ds6_link_neighbor_callback
                0x0000000000008b56       0x2a contiki-sky.a(uip-ds6-nbr.o)
                0x0000000000008b56                uip_ds6_link_neighbor_callback
 .text.uip_ds6_neighbor_periodic
                0x0000000000008b80       0x38 contiki-sky.a(uip-ds6-nbr.o)
                0x0000000000008b80                uip_ds6_neighbor_periodic
 .text.uip_ds6_list_loop
                0x0000000000008bb8       0x86 contiki-sky.a(uip-ds6.o)
                0x0000000000008bb8                uip_ds6_list_loop
 .text.uip_ds6_prefix_add
                0x0000000000008c3e       0x80 contiki-sky.a(uip-ds6.o)
                0x0000000000008c3e                uip_ds6_prefix_add
 .text.uip_ds6_is_addr_onlink
                0x0000000000008cbe       0x54 contiki-sky.a(uip-ds6.o)
                0x0000000000008cbe                uip_ds6_is_addr_onlink
 .text.uip_ds6_addr_lookup
                0x0000000000008d12       0x28 contiki-sky.a(uip-ds6.o)
                0x0000000000008d12                uip_ds6_addr_lookup
 .text.uip_ds6_get_link_local
                0x0000000000008d3a       0x3e contiki-sky.a(uip-ds6.o)
                0x0000000000008d3a                uip_ds6_get_link_local
 .text.uip_ds6_maddr_add
                0x0000000000008d78       0x4a contiki-sky.a(uip-ds6.o)
                0x0000000000008d78                uip_ds6_maddr_add
 .text.uip_ds6_addr_add
                0x0000000000008dc2       0xc2 contiki-sky.a(uip-ds6.o)
                0x0000000000008dc2                uip_ds6_addr_add
 .text.uip_ds6_maddr_lookup
                0x0000000000008e84       0x28 contiki-sky.a(uip-ds6.o)
                0x0000000000008e84                uip_ds6_maddr_lookup
 .text.uip_ds6_addr_rm
                0x0000000000008eac       0x54 contiki-sky.a(uip-ds6.o)
                0x0000000000008eac                uip_ds6_addr_rm
 .text.uip_ds6_periodic
                0x0000000000008f00       0x4a contiki-sky.a(uip-ds6.o)
                0x0000000000008f00                uip_ds6_periodic
 .text.uip_ds6_set_addr_iid
                0x0000000000008f4a       0x14 contiki-sky.a(uip-ds6.o)
                0x0000000000008f4a                uip_ds6_set_addr_iid
 .text.get_match_length
                0x0000000000008f5e       0x3e contiki-sky.a(uip-ds6.o)
                0x0000000000008f5e                get_match_length
 .text.uip_ds6_select_src
                0x0000000000008f9c       0xaa contiki-sky.a(uip-ds6.o)
                0x0000000000008f9c                uip_ds6_select_src
 .text.uip_ds6_compute_reachable_time
                0x0000000000009046       0x3e contiki-sky.a(uip-ds6.o)
                0x0000000000009046                uip_ds6_compute_reachable_time
 .text.uip_ds6_init
                0x0000000000009084      0x154 contiki-sky.a(uip-ds6.o)
                0x0000000000009084                uip_ds6_init
 .text.chksum   0x00000000000091d8       0x32 contiki-sky.a(uip6.o)
 .text.upper_layer_chksum
                0x000000000000920a       0x56 contiki-sky.a(uip6.o)
 .text.ext_hdr_options_process
                0x0000000000009260       0xda contiki-sky.a(uip6.o)
 .text.uip_icmp6chksum
                0x000000000000933a        0xa contiki-sky.a(uip6.o)
                0x000000000000933a                uip_icmp6chksum
 .text.uip_udpchksum
                0x0000000000009344        0xa contiki-sky.a(uip6.o)
                0x0000000000009344                uip_udpchksum
 .text.uip_init
                0x000000000000934e       0x14 contiki-sky.a(uip6.o)
                0x000000000000934e                uip_init
 .text.remove_ext_hdr
                0x0000000000009362       0x5a contiki-sky.a(uip6.o)
                0x0000000000009362                remove_ext_hdr
 .text.uip_process
                0x00000000000093bc      0x4ca contiki-sky.a(uip6.o)
                0x00000000000093bc                uip_process
 .text.uip_htonl
                0x0000000000009886       0x2e contiki-sky.a(uip6.o)
                0x0000000000009886                uip_htonl
 .text.init_platform
                0x00000000000098b4        0xc contiki-sky.a(contiki-sky-pla)
                0x00000000000098b4                init_platform
 .text.status   0x00000000000098c0       0x16 contiki-sky.a(button-sensor.o)
 .text.configure
                0x00000000000098d6       0x52 contiki-sky.a(button-sensor.o)
 .text.value    0x0000000000009928       0x22 contiki-sky.a(button-sensor.o)
 .text.irq_p2   0x000000000000994a       0x8a contiki-sky.a(button-sensor.o)
                0x000000000000994a                irq_p2
                0x000000000000994a                __isr_1
 .text.strobe   0x00000000000099d4       0x20 contiki-sky.a(cc2420.o)
 .text.status   0x00000000000099f4       0x26 contiki-sky.a(cc2420.o)
 .text.getreg   0x0000000000009a1a       0x54 contiki-sky.a(cc2420.o)
 .text.setreg   0x0000000000009a6e       0x52 contiki-sky.a(cc2420.o)
 .text.cc2420_receiving_packet
                0x0000000000009ac0        0xe contiki-sky.a(cc2420.o)
 .text.pending_packet
                0x0000000000009ace        0x8 contiki-sky.a(cc2420.o)
 .text.on       0x0000000000009ad6       0x48 contiki-sky.a(cc2420.o)
 .text.flushrx  0x0000000000009b1e       0x7a contiki-sky.a(cc2420.o)
 .text.off      0x0000000000009b98       0x7a contiki-sky.a(cc2420.o)
 .text.RELEASE_LOCK
                0x0000000000009c12       0x28 contiki-sky.a(cc2420.o)
 .text.cc2420_prepare
                0x0000000000009c3a       0x8a contiki-sky.a(cc2420.o)
 .text.getrxdata
                0x0000000000009cc4       0x56 contiki-sky.a(cc2420.o)
 .text.cc2420_on
                0x0000000000009d1a       0x22 contiki-sky.a(cc2420.o)
                0x0000000000009d1a                cc2420_on
 .text.cc2420_transmit
                0x0000000000009d3c       0xe0 contiki-sky.a(cc2420.o)
 .text.cc2420_send
                0x0000000000009e1c       0x12 contiki-sky.a(cc2420.o)
 .text.cc2420_off
                0x0000000000009e2e       0x30 contiki-sky.a(cc2420.o)
                0x0000000000009e2e                cc2420_off
 .text.cc2420_cca
                0x0000000000009e5e       0x74 contiki-sky.a(cc2420.o)
 .text.cc2420_read
                0x0000000000009ed2       0xfe contiki-sky.a(cc2420.o)
 .text.process_thread_cc2420_process
                0x0000000000009fd0       0x58 contiki-sky.a(cc2420.o)
 .text.cc2420_set_channel
                0x000000000000a028       0x78 contiki-sky.a(cc2420.o)
                0x000000000000a028                cc2420_set_channel
 .text.cc2420_set_pan_addr
                0x000000000000a0a0      0x14a contiki-sky.a(cc2420.o)
                0x000000000000a0a0                cc2420_set_pan_addr
 .text.cc2420_interrupt
                0x000000000000a1ea       0x20 contiki-sky.a(cc2420.o)
                0x000000000000a1ea                cc2420_interrupt
 .text.cc2420_set_txpower
                0x000000000000a20a       0x2e contiki-sky.a(cc2420.o)
                0x000000000000a20a                cc2420_set_txpower
 .text.cc2420_set_cca_threshold
                0x000000000000a238       0x16 contiki-sky.a(cc2420.o)
                0x000000000000a238                cc2420_set_cca_threshold
 .text.cc2420_sfd_sync
                0x000000000000a24e       0x48 contiki-sky.a(cc2420.o)
                0x000000000000a24e                cc2420_sfd_sync
 .text.cc2420_read_sfd_timer
                0x000000000000a296        0x6 contiki-sky.a(cc2420.o)
                0x000000000000a296                cc2420_read_sfd_timer
 .text.cc2420_address_decode
                0x000000000000a29c       0x74 contiki-sky.a(cc2420.o)
                0x000000000000a29c                cc2420_address_decode
 .text.cc2420_set_interrupt_enable
                0x000000000000a310       0x4a contiki-sky.a(cc2420.o)
                0x000000000000a310                cc2420_set_interrupt_enable
 .text.cc2420_init
                0x000000000000a35a      0x11e contiki-sky.a(cc2420.o)
                0x000000000000a35a                cc2420_init
 .text.owreadb  0x000000000000a478       0x52 contiki-sky.a(ds2411.o)
 .text.ds2411_init
                0x000000000000a4ca      0x122 contiki-sky.a(ds2411.o)
                0x000000000000a4ca                ds2411_init
 .text.wait_ready
                0x000000000000a5ec       0x50 contiki-sky.a(xmem.o)
 .text.xmem_init
                0x000000000000a63c       0x3e contiki-sky.a(xmem.o)
                0x000000000000a63c                xmem_init
 .text.xmem_pread
                0x000000000000a67a       0xea contiki-sky.a(xmem.o)
                0x000000000000a67a                xmem_pread
 .text.node_id_restore
                0x000000000000a764       0x38 contiki-sky.a(node-id.o)
                0x000000000000a764                node_id_restore
 .text.process_thread_sensors_process
                0x000000000000a79c       0xbe contiki-sky.a(sensors.o)
 .text.sensors_changed
                0x000000000000a85a       0x2a contiki-sky.a(sensors.o)
                0x000000000000a85a                sensors_changed
 .text.cc2420_port1_interrupt
                0x000000000000a884       0x62 contiki-sky.a(cc2420-arch.o)
                0x000000000000a884                __isr_4
                0x000000000000a884                cc2420_port1_interrupt
 .text.cc2420_arch_init
                0x000000000000a8e6       0x1e contiki-sky.a(cc2420-arch.o)
                0x000000000000a8e6                cc2420_arch_init
 .text.cc2420_timerb1_interrupt
                0x000000000000a904       0x70 contiki-sky.a(cc2420-arch-sfd)
                0x000000000000a904                cc2420_timerb1_interrupt
                0x000000000000a904                __isr_12
 .text.cc2420_arch_sfd_init
                0x000000000000a974       0x26 contiki-sky.a(cc2420-arch-sfd)
                0x000000000000a974                cc2420_arch_sfd_init
 .text.uart1_active
                0x000000000000a99a       0x1a contiki-sky.a(uart1.o)
                0x000000000000a99a                uart1_active
 .text.uart1_writeb
                0x000000000000a9b4       0x1a contiki-sky.a(uart1.o)
                0x000000000000a9b4                uart1_writeb
 .text.uart1_init
                0x000000000000a9ce       0xf6 contiki-sky.a(uart1.o)
                0x000000000000a9ce                uart1_init
 .text.putchar  0x000000000000aac4       0x10 contiki-sky.a(uart1-putchar.o)
                0x000000000000aac4                putchar
 .text.msp430_init_dco
                0x000000000000aad4       0x84 contiki-sky.a(msp430.o)
                0x000000000000aad4                msp430_init_dco
 .text.msp430_add_lpm_req
                0x000000000000ab58        0xc contiki-sky.a(msp430.o)
                0x000000000000ab58                msp430_add_lpm_req
 .text.msp430_cpu_init
                0x000000000000ab64       0x2a contiki-sky.a(msp430.o)
                0x000000000000ab64                msp430_cpu_init
 .text.splhigh_
                0x000000000000ab8e        0x8 contiki-sky.a(msp430.o)
                0x000000000000ab8e                splhigh_
 .text.timera1  0x000000000000ab96       0xfe contiki-sky.a(clock.o)
                0x000000000000ab96                __isr_5
                0x000000000000ab96                timera1
 .text.clock_time
                0x000000000000ac94       0x1a contiki-sky.a(clock.o)
                0x000000000000ac94                clock_time
 .text.clock_init
                0x000000000000acae       0x28 contiki-sky.a(clock.o)
                0x000000000000acae                clock_init
 .text.clock_delay
                0x000000000000acd6        0xc contiki-sky.a(clock.o)
                0x000000000000acd6                clock_delay
 .text.clock_seconds
                0x000000000000ace2       0x1a contiki-sky.a(clock.o)
                0x000000000000ace2                clock_seconds
 .text.show_leds
                0x000000000000acfc      0x100 contiki-sky.a(leds.o)
 .text.leds_init
                0x000000000000adfc        0xe contiki-sky.a(leds.o)
                0x000000000000adfc                leds_init
 .text.leds_on  0x000000000000ae0a       0x14 contiki-sky.a(leds.o)
                0x000000000000ae0a                leds_on
 .text.leds_off
                0x000000000000ae1e       0x14 contiki-sky.a(leds.o)
                0x000000000000ae1e                leds_off
 .text.leds_invert
                0x000000000000ae32        0xa contiki-sky.a(leds.o)
                0x000000000000ae32                leds_invert
 .text.leds_blink
                0x000000000000ae3c       0x24 contiki-sky.a(leds.o)
                0x000000000000ae3c                leds_blink
 .text.leds_arch_init
                0x000000000000ae60        0xe contiki-sky.a(leds-arch.o)
                0x000000000000ae60                leds_arch_init
 .text.leds_arch_set
                0x000000000000ae6e       0x3a contiki-sky.a(leds-arch.o)
                0x000000000000ae6e                leds_arch_set
 .text.watchdog_interrupt
                0x000000000000aea8        0x6 contiki-sky.a(watchdog.o)
                0x000000000000aea8                __isr_10
                0x000000000000aea8                watchdog_interrupt
 .text.watchdog_start
                0x000000000000aeae       0x14 contiki-sky.a(watchdog.o)
                0x000000000000aeae                watchdog_start
 .text.watchdog_periodic
                0x000000000000aec2       0x12 contiki-sky.a(watchdog.o)
                0x000000000000aec2                watchdog_periodic
 .text.watchdog_stop
                0x000000000000aed4       0x16 contiki-sky.a(watchdog.o)
                0x000000000000aed4                watchdog_stop
 .text.watchdog_init
                0x000000000000aeea       0x14 contiki-sky.a(watchdog.o)
                0x000000000000aeea                watchdog_init
 .text.rtimer_arch_init
                0x000000000000aefe        0xe contiki-sky.a(rtimer-arch.o)
                0x000000000000aefe                rtimer_arch_init
 .text.rtimer_arch_now
                0x000000000000af0c        0xe contiki-sky.a(rtimer-arch.o)
                0x000000000000af0c                rtimer_arch_now
 .text.timera0  0x000000000000af1a       0x70 contiki-sky.a(rtimer-arch.o)
                0x000000000000af1a                __isr_6
                0x000000000000af1a                timera0
 .text.rtimer_arch_schedule
                0x000000000000af8a        0x6 contiki-sky.a(rtimer-arch.o)
                0x000000000000af8a                rtimer_arch_schedule
 .text.field_len
                0x000000000000af90       0x98 contiki-sky.a(frame802154.o)
 .text.frame802154_hdrlen
                0x000000000000b028       0x2e contiki-sky.a(frame802154.o)
                0x000000000000b028                frame802154_hdrlen
 .text.frame802154_create
                0x000000000000b056      0x172 contiki-sky.a(frame802154.o)
                0x000000000000b056                frame802154_create
 .text.frame802154_parse
                0x000000000000b1c8      0x1de contiki-sky.a(frame802154.o)
                0x000000000000b1c8                frame802154_parse
 .text.mac_call_sent_callback
                0x000000000000b3a6       0x14 contiki-sky.a(mac.o)
                0x000000000000b3a6                mac_call_sent_callback
 .text.parse    0x000000000000b3ba       0x9e contiki-sky.a(framer-802154.o)
 .text.create   0x000000000000b458      0x108 contiki-sky.a(framer-802154.o)
 .text.rpl_purge_routes
                0x000000000000b560       0x96 contiki-sky.a(rpl.o)
                0x000000000000b560                rpl_purge_routes
 .text.rpl_remove_routes
                0x000000000000b5f6       0x22 contiki-sky.a(rpl.o)
                0x000000000000b5f6                rpl_remove_routes
 .text.rpl_remove_routes_by_nexthop
                0x000000000000b618       0x46 contiki-sky.a(rpl.o)
                0x000000000000b618                rpl_remove_routes_by_nexthop
 .text.rpl_add_route
                0x000000000000b65e       0x44 contiki-sky.a(rpl.o)
                0x000000000000b65e                rpl_add_route
 .text.rpl_link_neighbor_callback
                0x000000000000b6a2       0x6a contiki-sky.a(rpl.o)
                0x000000000000b6a2                rpl_link_neighbor_callback
 .text.rpl_ipv6_neighbor_callback
                0x000000000000b70c       0x1e contiki-sky.a(rpl.o)
                0x000000000000b70c                rpl_ipv6_neighbor_callback
 .text.rpl_init
                0x000000000000b72a       0x40 contiki-sky.a(rpl.o)
                0x000000000000b72a                rpl_init
 .text.lollipop_greater_than
                0x000000000000b76a       0x44 contiki-sky.a(rpl-dag.o)
 .text.acceptable_rank
                0x000000000000b7ae       0x22 contiki-sky.a(rpl-dag.o)
 .text.find_parent_any_dag_any_instance
                0x000000000000b7d0       0x14 contiki-sky.a(rpl-dag.o)
 .text.set_ip_from_prefix
                0x000000000000b7e4       0x38 contiki-sky.a(rpl-dag.o)
 .text.check_prefix
                0x000000000000b81c       0x80 contiki-sky.a(rpl-dag.o)
 .text.rpl_dag_init
                0x000000000000b89c        0xe contiki-sky.a(rpl-dag.o)
                0x000000000000b89c                rpl_dag_init
 .text.rpl_get_parent_ipaddr
                0x000000000000b8aa       0x10 contiki-sky.a(rpl-dag.o)
                0x000000000000b8aa                rpl_get_parent_ipaddr
 .text.rpl_set_preferred_parent
                0x000000000000b8ba       0xf2 contiki-sky.a(rpl-dag.o)
 .text.rpl_set_prefix
                0x000000000000b9ac       0x8e contiki-sky.a(rpl-dag.o)
                0x000000000000b9ac                rpl_set_prefix
 .text.rpl_set_default_route
                0x000000000000ba3a       0x5a contiki-sky.a(rpl-dag.o)
                0x000000000000ba3a                rpl_set_default_route
 .text.rpl_alloc_instance
                0x000000000000ba94       0x2c contiki-sky.a(rpl-dag.o)
                0x000000000000ba94                rpl_alloc_instance
 .text.rpl_add_parent
                0x000000000000bac0       0x50 contiki-sky.a(rpl-dag.o)
                0x000000000000bac0                rpl_add_parent
 .text.rpl_find_parent
                0x000000000000bb10       0x1a contiki-sky.a(rpl-dag.o)
                0x000000000000bb10                rpl_find_parent
 .text.rpl_find_parent_any_dag
                0x000000000000bb2a       0x22 contiki-sky.a(rpl-dag.o)
                0x000000000000bb2a                rpl_find_parent_any_dag
 .text.rpl_select_parent
                0x000000000000bb4c       0x5c contiki-sky.a(rpl-dag.o)
                0x000000000000bb4c                rpl_select_parent
 .text.rpl_select_dag
                0x000000000000bba8      0x1d0 contiki-sky.a(rpl-dag.o)
                0x000000000000bba8                rpl_select_dag
 .text.rpl_nullify_parent
                0x000000000000bd78       0x4e contiki-sky.a(rpl-dag.o)
                0x000000000000bd78                rpl_nullify_parent
 .text.rpl_remove_parent
                0x000000000000bdc6       0x16 contiki-sky.a(rpl-dag.o)
                0x000000000000bdc6                rpl_remove_parent
 .text.remove_parents.constprop.2
                0x000000000000bddc       0x32 contiki-sky.a(rpl-dag.o)
 .text.rpl_free_dag
                0x000000000000be0e       0x36 contiki-sky.a(rpl-dag.o)
                0x000000000000be0e                rpl_free_dag
 .text.rpl_free_instance
                0x000000000000be44       0x5c contiki-sky.a(rpl-dag.o)
                0x000000000000be44                rpl_free_instance
 .text.rpl_move_parent
                0x000000000000bea0       0x6e contiki-sky.a(rpl-dag.o)
                0x000000000000bea0                rpl_move_parent
 .text.rpl_get_any_dag
                0x000000000000bf0e       0x18 contiki-sky.a(rpl-dag.o)
                0x000000000000bf0e                rpl_get_any_dag
 .text.rpl_get_instance
                0x000000000000bf26       0x1a contiki-sky.a(rpl-dag.o)
                0x000000000000bf26                rpl_get_instance
 .text.get_dag  0x000000000000bf40       0x38 contiki-sky.a(rpl-dag.o)
 .text.rpl_alloc_dag
                0x000000000000bf78       0x66 contiki-sky.a(rpl-dag.o)
                0x000000000000bf78                rpl_alloc_dag
 .text.rpl_repair_root
                0x000000000000bfde       0x50 contiki-sky.a(rpl-dag.o)
                0x000000000000bfde                rpl_repair_root
 .text.rpl_find_of
                0x000000000000c02e       0x10 contiki-sky.a(rpl-dag.o)
                0x000000000000c02e                rpl_find_of
 .text.rpl_join_instance
                0x000000000000c03e      0x13c contiki-sky.a(rpl-dag.o)
                0x000000000000c03e                rpl_join_instance
 .text.rpl_local_repair
                0x000000000000c17a       0x50 contiki-sky.a(rpl-dag.o)
                0x000000000000c17a                rpl_local_repair
 .text.rpl_process_parent_event
                0x000000000000c1ca       0x4e contiki-sky.a(rpl-dag.o)
                0x000000000000c1ca                rpl_process_parent_event
 .text.rpl_recalculate_ranks
                0x000000000000c218       0x42 contiki-sky.a(rpl-dag.o)
                0x000000000000c218                rpl_recalculate_ranks
 .text.rpl_add_dag
                0x000000000000c25a      0x112 contiki-sky.a(rpl-dag.o)
                0x000000000000c25a                rpl_add_dag
 .text.rpl_process_dio
                0x000000000000c36c      0x278 contiki-sky.a(rpl-dag.o)
                0x000000000000c36c                rpl_process_dio
 .text.get32    0x000000000000c5e4       0x46 contiki-sky.a(rpl-icmp6.o)
 .text.set32    0x000000000000c62a       0x2a contiki-sky.a(rpl-icmp6.o)
 .text.get16    0x000000000000c654        0xe contiki-sky.a(rpl-icmp6.o)
 .text.set16    0x000000000000c662       0x10 contiki-sky.a(rpl-icmp6.o)
 .text.dis_output
                0x000000000000c672       0x72 contiki-sky.a(rpl-icmp6.o)
                0x000000000000c672                dis_output
 .text.dio_output
                0x000000000000c6e4      0x290 contiki-sky.a(rpl-icmp6.o)
                0x000000000000c6e4                dio_output
 .text.dao_output_target
                0x000000000000c974       0xee contiki-sky.a(rpl-icmp6.o)
                0x000000000000c974                dao_output_target
 .text.dao_output
                0x000000000000ca62       0x90 contiki-sky.a(rpl-icmp6.o)
                0x000000000000ca62                dao_output
 .text.dao_ack_output
                0x000000000000caf2       0x5c contiki-sky.a(rpl-icmp6.o)
                0x000000000000caf2                dao_ack_output
 .text.uip_rpl_input
                0x000000000000cb4e      0x5b0 contiki-sky.a(rpl-icmp6.o)
                0x000000000000cb4e                uip_rpl_input
 .text.new_dio_interval
                0x000000000000d0fe       0x9a contiki-sky.a(rpl-timers.o)
 .text.handle_periodic_timer
                0x000000000000d198       0x2e contiki-sky.a(rpl-timers.o)
 .text.handle_dao_timer
                0x000000000000d1c6       0x50 contiki-sky.a(rpl-timers.o)
 .text.handle_dio_timer
                0x000000000000d216       0x82 contiki-sky.a(rpl-timers.o)
 .text.rpl_reset_periodic_timer
                0x000000000000d298       0x60 contiki-sky.a(rpl-timers.o)
                0x000000000000d298                rpl_reset_periodic_timer
 .text.rpl_reset_dio_timer
                0x000000000000d2f8       0x18 contiki-sky.a(rpl-timers.o)
                0x000000000000d2f8                rpl_reset_dio_timer
 .text.rpl_schedule_dao
                0x000000000000d310       0x50 contiki-sky.a(rpl-timers.o)
                0x000000000000d310                rpl_schedule_dao
 .text.reset    0x000000000000d360        0x2 contiki-sky.a(rpl-mrhof.o)
 .text.neighbor_link_callback
                0x000000000000d362       0x84 contiki-sky.a(rpl-mrhof.o)
 .text.calculate_rank
                0x000000000000d3e6       0x30 contiki-sky.a(rpl-mrhof.o)
 .text.best_parent
                0x000000000000d416       0x52 contiki-sky.a(rpl-mrhof.o)
 .text.update_metric_container
                0x000000000000d468        0x6 contiki-sky.a(rpl-mrhof.o)
 .text.best_dag
                0x000000000000d46e       0x34 contiki-sky.a(rpl-mrhof.o)
 .text.rpl_verify_header
                0x000000000000d4a2       0xbc contiki-sky.a(rpl-ext-header.)
                0x000000000000d4a2                rpl_verify_header
 .text.rpl_update_header_empty
                0x000000000000d55e       0xf0 contiki-sky.a(rpl-ext-header.)
                0x000000000000d55e                rpl_update_header_empty
 .text.rpl_update_header_final
                0x000000000000d64e       0x86 contiki-sky.a(rpl-ext-header.)
                0x000000000000d64e                rpl_update_header_final
 .text.rpl_invert_header
                0x000000000000d6d4       0x4c contiki-sky.a(rpl-ext-header.)
                0x000000000000d6d4                rpl_invert_header
 .text.rpl_insert_header
                0x000000000000d720       0x1c contiki-sky.a(rpl-ext-header.)
                0x000000000000d720                rpl_insert_header
 .text.item_from_index
                0x000000000000d73c       0x32 contiki-sky.a(nbr-table.o)
 .text.index_from_key
                0x000000000000d76e       0x4a contiki-sky.a(nbr-table.o)
 .text.index_from_item
                0x000000000000d7b8       0x46 contiki-sky.a(nbr-table.o)
 .text.nbr_set_bit
                0x000000000000d7fe       0x6c contiki-sky.a(nbr-table.o)
 .text.index_from_lladdr
                0x000000000000d86a       0x42 contiki-sky.a(nbr-table.o)
 .text.nbr_get_bit.constprop.0
                0x000000000000d8ac       0x3a contiki-sky.a(nbr-table.o)
 .text.nbr_table_register
                0x000000000000d8e6       0x28 contiki-sky.a(nbr-table.o)
                0x000000000000d8e6                nbr_table_register
 .text.nbr_table_next
                0x000000000000d90e       0x54 contiki-sky.a(nbr-table.o)
                0x000000000000d90e                nbr_table_next
 .text.nbr_table_head
                0x000000000000d962       0x3a contiki-sky.a(nbr-table.o)
                0x000000000000d962                nbr_table_head
 .text.nbr_table_add_lladdr
                0x000000000000d99c      0x134 contiki-sky.a(nbr-table.o)
                0x000000000000d99c                nbr_table_add_lladdr
 .text.nbr_table_get_from_lladdr
                0x000000000000dad0       0x2c contiki-sky.a(nbr-table.o)
                0x000000000000dad0                nbr_table_get_from_lladdr
 .text.nbr_table_remove
                0x000000000000dafc       0x32 contiki-sky.a(nbr-table.o)
                0x000000000000dafc                nbr_table_remove
 .text.nbr_table_lock
                0x000000000000db2e       0x10 contiki-sky.a(nbr-table.o)
                0x000000000000db2e                nbr_table_lock
 .text.nbr_table_unlock
                0x000000000000db3e       0x10 contiki-sky.a(nbr-table.o)
                0x000000000000db3e                nbr_table_unlock
 .text.nbr_table_get_lladdr
                0x000000000000db4e       0x24 contiki-sky.a(nbr-table.o)
                0x000000000000db4e                nbr_table_get_lladdr
 .text.uip_icmp6_echo_request_input
                0x000000000000db72      0x12c contiki-sky.a(uip-icmp6.o)
                0x000000000000db72                uip_icmp6_echo_request_input
 .text.uip_icmp6_error_output
                0x000000000000dc9e      0x17a contiki-sky.a(uip-icmp6.o)
                0x000000000000dc9e                uip_icmp6_error_output
 .text.uip_icmp6_send
                0x000000000000de18       0x96 contiki-sky.a(uip-icmp6.o)
                0x000000000000de18                uip_icmp6_send
 .text.spi_init
                0x000000000000deae       0x32 contiki-sky.a(spi.o)
                0x000000000000deae                spi_init
 .text.tsch_rpl_callback_new_dio_interval
                0x000000000000dee0       0x32 contiki-sky.a(tsch-rpl.o)
                0x000000000000dee0                tsch_rpl_callback_new_dio_interval
 .text.tsch_rpl_callback_parent_switch
                0x000000000000df12       0x16 contiki-sky.a(tsch-rpl.o)
                0x000000000000df12                tsch_rpl_callback_parent_switch
 .text.libgcc   0x000000000000df28       0x2c /usr/lib/gcc/msp430/4.6.3/mmpy-16/libgcc.a(_mulsi3.o)
                0x000000000000df28                __mulsi3
 .text.libgcc   0x000000000000df54       0x22 /usr/lib/gcc/msp430/4.6.3/mmpy-16/libgcc.a(_udivmod16.o)
                0x000000000000df54                __udivhi3
                0x000000000000df54                __ext_udivmod16
                0x000000000000df6e                __umodhi3
 .text.libgcc   0x000000000000df76       0x3a /usr/lib/gcc/msp430/4.6.3/mmpy-16/libgcc.a(_divmod16.o)
                0x000000000000df76                __ext_divmod16
                0x000000000000df76                __divhi3
                0x000000000000dfa8                __modhi3
 .text.libgcc   0x000000000000dfb0       0x40 /usr/lib/gcc/msp430/4.6.3/mmpy-16/libgcc.a(_udivmod32.o)
                0x000000000000dfb0                __udivsi3
                0x000000000000dfb0                __ext_udivmod32
                0x000000000000dfe6                __umodsi3
 .text.libgcc   0x000000000000dff0       0x4c /usr/lib/gcc/msp430/4.6.3/mmpy-16/libgcc.a(_divmod32.o)
                0x000000000000dff0                __ext_divmod32
                0x000000000000dff0                __divsi3
                0x000000000000e032                __modsi3
 .text          0x000000000000e03c       0x20 /usr/lib/gcc/msp430/4.6.3/../../../../msp430/lib/mmpy-16/libc.a(memcmp.o)
                0x000000000000e03c                memcmp
 .text          0x000000000000e05c       0x14 /usr/lib/gcc/msp430/4.6.3/../../../../msp430/lib/mmpy-16/libc.a(strcpy.o)
                0x000000000000e05c                strcpy
 .text          0x000000000000e070       0xfa /usr/lib/gcc/msp430/4.6.3/../../../../msp430/lib/mmpy-16/libc.a(memcpy.o)
                0x000000000000e070                memcpy
 .text          0x000000000000e16a       0xfa /usr/lib/gcc/msp430/4.6.3/../../../../msp430/lib/mmpy-16/libc.a(memmove.o)
                0x000000000000e16a                memmove
 .text          0x000000000000e264       0x6a /usr/lib/gcc/msp430/4.6.3/../../../../msp430/lib/mmpy-16/libc.a(memset.o)
                0x000000000000e264                memset
 .text          0x000000000000e2ce       0x1e /usr/lib/gcc/msp430/4.6.3/../../../../msp430/lib/mmpy-16/libc.a(printf.o)
                0x000000000000e2ce                printf
                0x000000000000e2de                vprintf
 .text          0x000000000000e2ec       0xbc /usr/lib/gcc/msp430/4.6.3/../../../../msp430/lib/mmpy-16/libc.a(sprintf.o)
                0x000000000000e34a                sprintf
                0x000000000000e366                snprintf
                0x000000000000e380                vsprintf
                0x000000000000e396                vsnprintf
 .text          0x000000000000e3a8      0x836 /usr/lib/gcc/msp430/4.6.3/../../../../msp430/lib/mmpy-16/libc.a(vuprintf.o)
                0x000000000000e540                vuprintf
 .text          0x000000000000ebde       0x2c /usr/lib/gcc/msp430/4.6.3/../../../../msp430/lib/mmpy-16/libc.a(puts.o)
                0x000000000000ebde                puts
 .text          0x000000000000ec0a       0x54 /usr/lib/gcc/msp430/4.6.3/../../../../msp430/lib/mmpy-16/libc.a(rand.o)
                0x000000000000ec0a                rand_r
                0x000000000000ec2e                rand
                0x000000000000ec54                srand
 .text.libgcc   0x000000000000ec5e       0xf0 /usr/lib/gcc/msp430/4.6.3/mmpy-16/libgcc.a(_udivmod64.o)
                0x000000000000ec5e                __xabi_udivmod64
                0x000000000000ecbc                __udivdi3
                0x000000000000ece2                __umoddi3
                0x000000000000ed10                __udivmoddi4
 .text.crt0     0x000000000000ed4e        0x2 /usr/lib/gcc/msp430/4.6.3/mmpy-16/libcrt0.a(_unexpected_.o)
                0x000000000000ed4e                _unexpected_
                0x000000000000ed50                . = ALIGN (0x2)

.rodata         0x000000000000ed50      0x8c8
                0x000000000000ed50                . = ALIGN (0x2)
 *(.rodata .rodata.* .gnu.linkonce.r.*)
 .rodata        0x000000000000ed50        0x4 listener.co
                0x000000000000ed50                autostart_processes
 .rodata        0x000000000000ed54       0xfc obj_sky/contiki-sky-main.o
 .rodata        0x000000000000ee50        0x8 contiki-sky.a(rimeaddr.o)
                0x000000000000ee50                rimeaddr_null
 .rodata        0x000000000000ee58       0x16 contiki-sky.a(nordc.o)
                0x000000000000ee5e                nordc_driver
 .rodata        0x000000000000ee6e       0xbc contiki-sky.a(tsch.o)
                0x000000000000ef0c                tschmac_driver
                0x000000000000ef1a                tsch_eb_address
                0x000000000000ef22                tsch_broadcast_address
 .rodata        0x000000000000ef2a      0x1ea contiki-sky.a(tsch-queue.o)
 .rodata        0x000000000000f114        0x4 contiki-sky.a(tsch-packet.o)
 .rodata        0x000000000000f118      0x206 contiki-sky.a(sicslowpan.o)
                0x000000000000f306                sicslowpan_driver
                0x000000000000f30c                llprefix
                0x000000000000f30e                unc_mxconf
                0x000000000000f312                unc_ctxconf
                0x000000000000f316                unc_llconf
 .rodata        0x000000000000f31e       0x8a contiki-sky.a(tcpip.o)
 .rodata        0x000000000000f3a8       0xc7 contiki-sky.a(uip-ds6-route.o)
 *fill*         0x000000000000f46f        0x1 00
 .rodata        0x000000000000f470       0x10 contiki-sky.a(button-sensor.o)
                0x000000000000f478                button_sensor
 .rodata        0x000000000000f480       0x14 contiki-sky.a(cc2420.o)
                0x000000000000f480                cc2420_driver
 .rodata        0x000000000000f494        0x2 contiki-sky.a(frame802154.o)
 .rodata        0x000000000000f496        0x4 contiki-sky.a(framer-802154.o)
                0x000000000000f496                framer_802154
 .rodata        0x000000000000f49a       0x7e contiki-sky.a(rpl-dag.o)
 .rodata        0x000000000000f518       0xf9 contiki-sky.a(rpl-icmp6.o)
 .rodata        0x000000000000f611        0x7 /usr/lib/gcc/msp430/4.6.3/../../../../msp430/lib/mmpy-16/libc.a(vuprintf.o)
                0x000000000000f618                . = ALIGN (0x2)
                0x000000000000f618                _etext = .

.data           0x0000000000001100       0xf2 load address 0x000000000000f618
                0x0000000000001100                . = ALIGN (0x2)
                0x0000000000001100                PROVIDE (__data_start, .)
 *(.data .data.* .gnu.linkonce.d.*)
 .data          0x0000000000001100        0x8 listener.co
                0x0000000000001100                listener
 .data          0x0000000000001108       0x2a contiki-sky.a(tsch.o)
                0x0000000000001108                tsch_pending_events_process
                0x0000000000001110                tsch_process
                0x0000000000001118                tsch_send_eb_process
                0x0000000000001120                hopping_sequence_list
 .data          0x0000000000001132       0x10 contiki-sky.a(tsch-queue.o)
 .data          0x0000000000001142       0x20 contiki-sky.a(tsch-schedule.o)
 .data          0x0000000000001162        0x8 contiki-sky.a(etimer.o)
                0x0000000000001162                etimer_process
 .data          0x000000000000116a        0x8 contiki-sky.a(ctimer.o)
                0x000000000000116a                ctimer_process
 .data          0x0000000000001172       0x18 contiki-sky.a(queuebuf.o)
 .data          0x000000000000118a        0x8 contiki-sky.a(tcpip.o)
                0x000000000000118a                tcpip_process
 .data          0x0000000000001192       0x18 contiki-sky.a(uip-ds6-route.o)
 .data          0x00000000000011aa        0xa contiki-sky.a(uip-ds6-nbr.o)
                0x00000000000011aa                ds6_neighbors
 .data          0x00000000000011b4        0x4 contiki-sky.a(contiki-sky-pla)
                0x00000000000011b4                sensors
 .data          0x00000000000011b8        0xa contiki-sky.a(cc2420.o)
                0x00000000000011ba                cc2420_process
 .data          0x00000000000011c2        0x8 contiki-sky.a(sensors.o)
                0x00000000000011c2                sensors_process
 .data          0x00000000000011ca        0x2 contiki-sky.a(msp430.o)
 .data          0x00000000000011cc        0xa contiki-sky.a(rpl-dag.o)
                0x00000000000011cc                rpl_parents
 .data          0x00000000000011d6        0x1 contiki-sky.a(rpl-icmp6.o)
 *fill*         0x00000000000011d7        0x1 00
 .data          0x00000000000011d8        0xe contiki-sky.a(rpl-mrhof.o)
                0x00000000000011d8                rpl_mrhof
 .data          0x00000000000011e6        0x8 contiki-sky.a(nbr-table.o)
 .data          0x00000000000011ee        0x4 /usr/lib/gcc/msp430/4.6.3/../../../../msp430/lib/mmpy-16/libc.a(rand.o)
                0x00000000000011f2                . = ALIGN (0x2)
                0x00000000000011f2                _edata = .
                0x000000000000f618                PROVIDE (__data_load_start, LOADADDR (.data))
                0x00000000000000f2                PROVIDE (__data_size, SIZEOF (.data))

.bss            0x00000000000011f2     0x17a4 load address 0x000000000000f70a
                0x00000000000011f2                PROVIDE (__bss_start, .)
 *(.bss .bss.*)
 .bss           0x00000000000011f2        0x4 obj_sky/contiki-sky-main.o
 .bss           0x00000000000011f6      0x1a6 contiki-sky.a(tsch.o)
                0x00000000000011f6                associated
                0x00000000000011f8                tsch_is_coordinator
 .bss           0x000000000000139c       0xaa contiki-sky.a(tsch-queue.o)
 .bss           0x0000000000001446      0x3e0 contiki-sky.a(tsch-schedule.o)
 .bss           0x0000000000001826      0x488 contiki-sky.a(tsch-log.o)
 .bss           0x0000000000001cae       0x42 contiki-sky.a(process.o)
                0x0000000000001cae                process_current
                0x0000000000001cb0                process_list
 .bss           0x0000000000001cf0        0x6 contiki-sky.a(etimer.o)
 .bss           0x0000000000001cf6        0x4 contiki-sky.a(ctimer.o)
 .bss           0x0000000000001cfa        0x4 contiki-sky.a(rtimer.o)
 .bss           0x0000000000001cfe       0xb8 contiki-sky.a(packetbuf.o)
 .bss           0x0000000000001db6      0x306 contiki-sky.a(queuebuf.o)
 .bss           0x00000000000020bc       0xea contiki-sky.a(sicslowpan.o)
 .bss           0x00000000000021a6        0xe contiki-sky.a(tcpip.o)
 .bss           0x00000000000021b4       0xc4 contiki-sky.a(uip-ds6-route.o)
 .bss           0x0000000000002278       0x48 contiki-sky.a(uip-ds6-nbr.o)
 .bss           0x00000000000022c0       0x18 contiki-sky.a(uip-ds6.o)
 .bss           0x00000000000022d8        0xa contiki-sky.a(uip6.o)
                0x00000000000022d8                uip_ext_opt_offset
                0x00000000000022da                uip_ext_len
                0x00000000000022dc                uip_ext_bitmap
 .bss           0x00000000000022e2        0x8 contiki-sky.a(button-sensor.o)
 .bss           0x00000000000022ea        0xa contiki-sky.a(cc2420.o)
 .bss           0x00000000000022f4        0x2 contiki-sky.a(node-id.o)
                0x00000000000022f4                node_id
 .bss           0x00000000000022f6        0x6 contiki-sky.a(sensors.o)
 .bss           0x00000000000022fc       0x9a contiki-sky.a(uart1.o)
 .bss           0x0000000000002396        0xa contiki-sky.a(clock.o)
 .bss           0x00000000000023a0        0x2 contiki-sky.a(leds.o)
 .bss           0x00000000000023a2        0x2 contiki-sky.a(watchdog.o)
 .bss           0x00000000000023a4        0x2 contiki-sky.a(framer-802154.o)
 .bss           0x00000000000023a6       0x1c contiki-sky.a(rpl-dag.o)
 .bss           0x00000000000023c2       0x18 contiki-sky.a(rpl-timers.o)
 .bss           0x00000000000023da       0x2e contiki-sky.a(nbr-table.o)
 .bss           0x0000000000002408       0x10 contiki-sky.a(uip-icmp6.o)
 .bss           0x0000000000002418        0x4 /usr/lib/gcc/msp430/4.6.3/../../../../msp430/lib/mmpy-16/libc.a(sprintf.o)
 *(COMMON)
 COMMON         0x000000000000241c        0x3 listener.co
                0x000000000000241c                cooja_debug_ptr
                0x000000000000241e                cooja_debug_point
 *fill*         0x000000000000241f        0x1 00
 COMMON         0x0000000000002420        0x8 contiki-sky.a(rimeaddr.o)
                0x0000000000002420                rimeaddr_node_addr
 COMMON         0x0000000000002428      0x22a contiki-sky.a(tsch.o)
                0x0000000000002428                current_link
                0x000000000000242a                tsch_join_priority
                0x000000000000242c                current_asn
                0x0000000000002432                input_ringbuf
                0x0000000000002436                input_array
                0x000000000000264e                hopping_sequence_length
 COMMON         0x0000000000002652        0x4 contiki-sky.a(tsch-queue.o)
                0x0000000000002652                n_broadcast
                0x0000000000002654                n_eb
 COMMON         0x0000000000002656        0x1 contiki-sky.a(process.o)
                0x0000000000002656                process_maxevents
 *fill*         0x0000000000002657        0x1 00
 COMMON         0x0000000000002658       0x56 contiki-sky.a(energest.o)
                0x0000000000002658                energest_total_time
                0x0000000000002688                energest_total_count
                0x000000000000268a                energest_current_mode
                0x0000000000002696                energest_current_time
 COMMON         0x00000000000026ae       0x20 contiki-sky.a(packetbuf.o)
                0x00000000000026ae                packetbuf_addrs
                0x00000000000026be                packetbuf_attrs
 COMMON         0x00000000000026ce        0x8 contiki-sky.a(sicslowpan.o)
                0x00000000000026ce                frag_sender
 COMMON         0x00000000000026d6        0x1 contiki-sky.a(tcpip.o)
                0x00000000000026d6                tcpip_event
 *fill*         0x00000000000026d7        0x1 00
 COMMON         0x00000000000026d8      0x12c contiki-sky.a(uip-ds6.o)
                0x00000000000026d8                uip_ds6_timer_ra
                0x00000000000026e0                uip_ds6_if
                0x000000000000279c                uip_ds6_netif_addr_list_offset
                0x000000000000279d                uip_ds6_addr_size
                0x000000000000279e                uip_ds6_prefix_list
                0x00000000000027f8                uip_ds6_timer_periodic
 COMMON         0x0000000000002804       0xea contiki-sky.a(uip6.o)
                0x0000000000002804                uip_len
                0x0000000000002806                uip_sappdata
                0x0000000000002808                uip_lladdr
                0x0000000000002810                uip_aligned_buf
                0x00000000000028c8                uip_flags
                0x00000000000028ca                uip_next_hdr
                0x00000000000028cc                uip_udp_conn
                0x00000000000028ce                uip_appdata
                0x00000000000028d0                uip_conn
                0x00000000000028d2                uip_slen
                0x00000000000028d4                uip_udp_conns
 COMMON         0x00000000000028ee        0x2 contiki-sky.a(contiki-sky-pla)
                0x00000000000028ee                sensors_flags
 COMMON         0x00000000000028f0       0x14 contiki-sky.a(cc2420.o)
                0x00000000000028f0                cc2420_last_rssi
                0x00000000000028f2                cc2420_packets_read
                0x00000000000028f4                cc2420_packets_seen
                0x00000000000028f6                cc2420_sfd_start_time
                0x00000000000028f8                cc2420_time_of_departure
                0x00000000000028fa                cc2420_time_of_arrival
                0x00000000000028fc                cc2420_last_correlation
                0x00000000000028fd                radio_last_correlation
                0x00000000000028fe                cc2420_authority_level_of_sender
                0x0000000000002900                radio_last_rssi
                0x0000000000002901                cc2420_sfd_counter
                0x0000000000002902                cc2420_sfd_end_time
 COMMON         0x0000000000002904        0x8 contiki-sky.a(ds2411.o)
                0x0000000000002904                ds2411_id
 COMMON         0x000000000000290c        0x1 contiki-sky.a(sensors.o)
                0x000000000000290c                sensors_event
 *fill*         0x000000000000290d        0x1 00
 COMMON         0x000000000000290e        0x2 contiki-sky.a(msp430.o)
                0x000000000000290e                msp430_dco_required
 COMMON         0x0000000000002910       0x86 contiki-sky.a(rpl-dag.o)
                0x0000000000002910                default_instance
                0x0000000000002912                instance_table
                0x0000000000002996                . = ALIGN (0x2)
                0x0000000000002996                PROVIDE (__bss_end, .)
                0x00000000000017a4                PROVIDE (__bss_size, SIZEOF (.bss))

.noinit         0x0000000000002996        0x2 load address 0x000000000000f70a
                0x0000000000002996                PROVIDE (__noinit_start, .)
 *(.noinit .noinit.*)
 .noinit.crt0   0x0000000000002996        0x2 /usr/lib/gcc/msp430/4.6.3/mmpy-16/libcrt0.a(__watchdog_support.o)
                0x0000000000002996                __wdt_clear_value
                0x0000000000002998                . = ALIGN (0x2)
                0x0000000000002998                PROVIDE (__noinit_end, .)
                0x0000000000002998                . = ALIGN (0x2)
                0x0000000000002998                _end = .

.infomem        0x0000000000001000        0x0
 *(.infomem)
                0x0000000000001000                . = ALIGN (0x2)
 *(.infomem.*)

.infomemnobits  0x0000000000001000        0x0
 *(.infomemnobits)
                0x0000000000001000                . = ALIGN (0x2)
 *(.infomemnobits.*)

.infoa
 *(.infoa .infoa.*)

.infob
 *(.infob .infob.*)

.infoc
 *(.infoc .infoc.*)

.infod
 *(.infod .infod.*)

.vectors        0x000000000000ffe0       0x20
                0x000000000000ffe0                PROVIDE (__vectors_start, .)
 *(.vectors*)
 .vectors       0x000000000000ffe0       0x20 /usr/lib/gcc/msp430/4.6.3/mmpy-16/crt0ivtbl16.o
                0x000000000000ffe0                __ivtbl_16
                0x0000000000010000                _vectors_end = .

.fartext        0x0000000000000000        0x0
                0x0000000000000000                . = ALIGN (0x2)
 *(.fartext)
                0x0000000000000000                . = ALIGN (0x2)
 *(.fartext.*)
                0x0000000000000000                _efartext = .

.profiler
 *(.profiler)

.stab
 *(.stab)

.stabstr
 *(.stabstr)

.stab.excl
 *(.stab.excl)

.stab.exclstr
 *(.stab.exclstr)

.stab.index
 *(.stab.index)

.stab.indexstr
 *(.stab.indexstr)

.comment
 *(.comment)

.debug
 *(.debug)

.line
 *(.line)

.debug_srcinfo
 *(.debug_srcinfo)

.debug_sfnames
 *(.debug_sfnames)

.debug_aranges  0x0000000000000000      0x1cc
 *(.debug_aranges)
 .debug_aranges
                0x0000000000000000       0x14 /usr/lib/gcc/msp430/4.6.3/mmpy-16/libgcc.a(_mulsi3.o)
 .debug_aranges
                0x0000000000000014       0x14 /usr/lib/gcc/msp430/4.6.3/mmpy-16/libgcc.a(_udivmod16.o)
 .debug_aranges
                0x0000000000000028       0x14 /usr/lib/gcc/msp430/4.6.3/mmpy-16/libgcc.a(_divmod16.o)
 .debug_aranges
                0x000000000000003c       0x14 /usr/lib/gcc/msp430/4.6.3/mmpy-16/libgcc.a(_udivmod32.o)
 .debug_aranges
                0x0000000000000050       0x14 /usr/lib/gcc/msp430/4.6.3/mmpy-16/libgcc.a(_divmod32.o)
 .debug_aranges
                0x0000000000000064       0x14 /usr/lib/gcc/msp430/4.6.3/../../../../msp430/lib/mmpy-16/libc.a(strncmp.o)
 .debug_aranges
                0x0000000000000078       0x14 /usr/lib/gcc/msp430/4.6.3/../../../../msp430/lib/mmpy-16/libc.a(memcmp.o)
 .debug_aranges
                0x000000000000008c       0x14 /usr/lib/gcc/msp430/4.6.3/../../../../msp430/lib/mmpy-16/libc.a(strcpy.o)
 .debug_aranges
                0x00000000000000a0       0x14 /usr/lib/gcc/msp430/4.6.3/../../../../msp430/lib/mmpy-16/libc.a(memcpy.o)
 .debug_aranges
                0x00000000000000b4       0x14 /usr/lib/gcc/msp430/4.6.3/../../../../msp430/lib/mmpy-16/libc.a(memmove.o)
 .debug_aranges
                0x00000000000000c8       0x14 /usr/lib/gcc/msp430/4.6.3/../../../../msp430/lib/mmpy-16/libc.a(memset.o)
 .debug_aranges